Archive member included to satisfy reference by file (symbol)

C:\Users\^_^\Documents\MCUXpressoIDE_10.3.1_2233\workspace\LPC54628J512_Project\libs\libpower_hardabi.a(fsl_power_lib.o)
                              ./drivers/fsl_clock.o (POWER_SetVoltageForFreq)
c:/nxp/mcuxpressoide_10.3.1_2233/ide/plugins/com.nxp.mcuxpresso.tools.win32_10.3.0.201811011841/tools/bin/../lib/gcc/arm-none-eabi/7.3.1/../../../../arm-none-eabi/lib/thumb/v7e-m/fpv4-sp/hard\libcr_semihost_nf.a(_cr__main.o)
                              ./startup/startup_lpc54628.o (__main)
c:/nxp/mcuxpressoide_10.3.1_2233/ide/plugins/com.nxp.mcuxpresso.tools.win32_10.3.0.201811011841/tools/bin/../lib/gcc/arm-none-eabi/7.3.1/../../../../arm-none-eabi/lib/thumb/v7e-m/fpv4-sp/hard\libcr_semihost_nf.a(_cr_assert.o)
                              ./utilities/fsl_debug_console.o (__assertion_failed)
c:/nxp/mcuxpressoide_10.3.1_2233/ide/plugins/com.nxp.mcuxpresso.tools.win32_10.3.0.201811011841/tools/bin/../lib/gcc/arm-none-eabi/7.3.1/../../../../arm-none-eabi/lib/thumb/v7e-m/fpv4-sp/hard\libcr_semihost_nf.a(__ciob.o)
                              c:/nxp/mcuxpressoide_10.3.1_2233/ide/plugins/com.nxp.mcuxpresso.tools.win32_10.3.0.201811011841/tools/bin/../lib/gcc/arm-none-eabi/7.3.1/../../../../arm-none-eabi/lib/thumb/v7e-m/fpv4-sp/hard\libcr_semihost_nf.a(_cr_assert.o) (__Ciob)
c:/nxp/mcuxpressoide_10.3.1_2233/ide/plugins/com.nxp.mcuxpresso.tools.win32_10.3.0.201811011841/tools/bin/../lib/gcc/arm-none-eabi/7.3.1/../../../../arm-none-eabi/lib/thumb/v7e-m/fpv4-sp/hard\libcr_semihost_nf.a(__sys_appexit.o)
                              c:/nxp/mcuxpressoide_10.3.1_2233/ide/plugins/com.nxp.mcuxpresso.tools.win32_10.3.0.201811011841/tools/bin/../lib/gcc/arm-none-eabi/7.3.1/../../../../arm-none-eabi/lib/thumb/v7e-m/fpv4-sp/hard\libcr_semihost_nf.a(_cr_assert.o) (__sys_appexit)
c:/nxp/mcuxpressoide_10.3.1_2233/ide/plugins/com.nxp.mcuxpresso.tools.win32_10.3.0.201811011841/tools/bin/../lib/gcc/arm-none-eabi/7.3.1/../../../../arm-none-eabi/lib/thumb/v7e-m/fpv4-sp/hard\libcr_c.a(memcpy.o)
                              ./sdmmc/src/fsl_sd.o (memcpy)
c:/nxp/mcuxpressoide_10.3.1_2233/ide/plugins/com.nxp.mcuxpresso.tools.win32_10.3.0.201811011841/tools/bin/../lib/gcc/arm-none-eabi/7.3.1/../../../../arm-none-eabi/lib/thumb/v7e-m/fpv4-sp/hard\libcr_c.a(memset.o)
                              ./utilities/fsl_debug_console.o (memset)
c:/nxp/mcuxpressoide_10.3.1_2233/ide/plugins/com.nxp.mcuxpresso.tools.win32_10.3.0.201811011841/tools/bin/../lib/gcc/arm-none-eabi/7.3.1/../../../../arm-none-eabi/lib/thumb/v7e-m/fpv4-sp/hard\libcr_c.a(_deferredlazyseek.o)
                              c:/nxp/mcuxpressoide_10.3.1_2233/ide/plugins/com.nxp.mcuxpresso.tools.win32_10.3.0.201811011841/tools/bin/../lib/gcc/arm-none-eabi/7.3.1/../../../../arm-none-eabi/lib/thumb/v7e-m/fpv4-sp/hard\libcr_semihost_nf.a(_cr_assert.o) (__flsbuf)
c:/nxp/mcuxpressoide_10.3.1_2233/ide/plugins/com.nxp.mcuxpresso.tools.win32_10.3.0.201811011841/tools/bin/../lib/gcc/arm-none-eabi/7.3.1/../../../../arm-none-eabi/lib/thumb/v7e-m/fpv4-sp/hard\libcr_c.a(_fflush.o)
                              c:/nxp/mcuxpressoide_10.3.1_2233/ide/plugins/com.nxp.mcuxpresso.tools.win32_10.3.0.201811011841/tools/bin/../lib/gcc/arm-none-eabi/7.3.1/../../../../arm-none-eabi/lib/thumb/v7e-m/fpv4-sp/hard\libcr_c.a(_deferredlazyseek.o) (_fflush)
c:/nxp/mcuxpressoide_10.3.1_2233/ide/plugins/com.nxp.mcuxpresso.tools.win32_10.3.0.201811011841/tools/bin/../lib/gcc/arm-none-eabi/7.3.1/../../../../arm-none-eabi/lib/thumb/v7e-m/fpv4-sp/hard\libcr_c.a(_writebuf.o)
                              c:/nxp/mcuxpressoide_10.3.1_2233/ide/plugins/com.nxp.mcuxpresso.tools.win32_10.3.0.201811011841/tools/bin/../lib/gcc/arm-none-eabi/7.3.1/../../../../arm-none-eabi/lib/thumb/v7e-m/fpv4-sp/hard\libcr_c.a(_deferredlazyseek.o) (_Cwritebuf)
c:/nxp/mcuxpressoide_10.3.1_2233/ide/plugins/com.nxp.mcuxpresso.tools.win32_10.3.0.201811011841/tools/bin/../lib/gcc/arm-none-eabi/7.3.1/../../../../arm-none-eabi/lib/thumb/v7e-m/fpv4-sp/hard\libcr_c.a(alloc.o)
                              ./drivers/fsl_common.o (malloc)
c:/nxp/mcuxpressoide_10.3.1_2233/ide/plugins/com.nxp.mcuxpresso.tools.win32_10.3.0.201811011841/tools/bin/../lib/gcc/arm-none-eabi/7.3.1/../../../../arm-none-eabi/lib/thumb/v7e-m/fpv4-sp/hard\libcr_c.a(fputs.o)
                              c:/nxp/mcuxpressoide_10.3.1_2233/ide/plugins/com.nxp.mcuxpresso.tools.win32_10.3.0.201811011841/tools/bin/../lib/gcc/arm-none-eabi/7.3.1/../../../../arm-none-eabi/lib/thumb/v7e-m/fpv4-sp/hard\libcr_semihost_nf.a(_cr_assert.o) (fputs)
c:/nxp/mcuxpressoide_10.3.1_2233/ide/plugins/com.nxp.mcuxpresso.tools.win32_10.3.0.201811011841/tools/bin/../lib/gcc/arm-none-eabi/7.3.1/../../../../arm-none-eabi/lib/thumb/v7e-m/fpv4-sp/hard\libcr_c.a(fseek.o)
[...]
Memory Configuration

Name             Origin             Length             Attributes
PROGRAM_FLASH    0x00000000         0x00080000         xr
BOARD_FLASH      0x10000000         0x01000000         xr
SRAM_UPPER       0x20000000         0x00028000         xrw
SRAMX            0x04000000         0x00008000         xrw
USB_RAM          0x40100000         0x00002000         xrw
BOARD_SDRAM      0xa0000000         0x01000000         xrw
*default*        0x00000000         0xffffffff

Linker script and memory map

LOAD ./utilities/fsl_assert.o
LOAD ./utilities/fsl_debug_console.o
LOAD ./utilities/fsl_str.o
LOAD ./startup/startup_lpc54628.o
LOAD ./source/LPC54628J512_Project.o
LOAD ./source/semihost_hardfault.o
LOAD ./sdmmc/src/fsl_sd.o
LOAD ./sdmmc/src/fsl_sdmmc_common.o
LOAD ./sdmmc/port/fsl_sdmmc_event.o
LOAD ./sdmmc/port/fsl_sdmmc_host.o
LOAD ./fatfs/fatfs_source/diskio.o
LOAD ./fatfs/fatfs_source/ff.o
LOAD ./fatfs/fatfs_source/ffsystem.o
LOAD ./fatfs/fatfs_source/ffunicode.o
LOAD ./fatfs/fatfs_source/fsl_sd_disk.o
LOAD ./drivers/fsl_clock.o
LOAD ./drivers/fsl_common.o
LOAD ./drivers/fsl_emc.o
LOAD ./drivers/fsl_flexcomm.o
LOAD ./drivers/fsl_gpio.o
LOAD ./drivers/fsl_i2c.o
LOAD ./drivers/fsl_power.o
LOAD ./drivers/fsl_reset.o
LOAD ./drivers/fsl_sdif.o
LOAD ./drivers/fsl_spi.o
LOAD ./drivers/fsl_usart.o
LOAD ./device/system_LPC54628.o
LOAD ./component/uart/usart_adapter.o
LOAD ./component/serial_manager/serial_manager.o
LOAD ./component/serial_manager/serial_port_uart.o
LOAD ./board/board.o
LOAD ./board/clock_config.o
LOAD ./board/peripherals.o
LOAD ./board/pin_mux.o
LOAD C:\Users\^_^\Documents\MCUXpressoIDE_10.3.1_2233\workspace\LPC54628J512_Project\libs\libpower_hardabi.a
START GROUP
LOAD c:/nxp/mcuxpressoide_10.3.1_2233/ide/plugins/com.nxp.mcuxpresso.tools.win32_10.3.0.201811011841/tools/bin/../lib/gcc/arm-none-eabi/7.3.1/../../../../arm-none-eabi/lib/thumb/v7e-m/fpv4-sp/hard\libcr_semihost_nf.a
LOAD c:/nxp/mcuxpressoide_10.3.1_2233/ide/plugins/com.nxp.mcuxpresso.tools.win32_10.3.0.201811011841/tools/bin/../lib/gcc/arm-none-eabi/7.3.1/../../../../arm-none-eabi/lib/thumb/v7e-m/fpv4-sp/hard\libcr_c.a
LOAD c:/nxp/mcuxpressoide_10.3.1_2233/ide/plugins/com.nxp.mcuxpresso.tools.win32_10.3.0.201811011841/tools/bin/../lib/gcc/arm-none-eabi/7.3.1/thumb/v7e-m/fpv4-sp/hard\libcr_eabihelpers.a
LOAD c:/nxp/mcuxpressoide_10.3.1_2233/ide/plugins/com.nxp.mcuxpresso.tools.win32_10.3.0.201811011841/tools/bin/../lib/gcc/arm-none-eabi/7.3.1/thumb/v7e-m/fpv4-sp/hard\libgcc.a
END GROUP
                0x00000000                __base_PROGRAM_FLASH = 0x0
                0x00000000                __base_Flash = 0x0
                0x00080000                __top_PROGRAM_FLASH = 0x80000
                0x00080000                __top_Flash = 0x80000
                0x10000000                __base_BOARD_FLASH = 0x10000000
                0x10000000                __base_Flash2 = 0x10000000
                0x11000000                __top_BOARD_FLASH = 0x11000000
                0x11000000                __top_Flash2 = 0x11000000
                0x20000000                __base_SRAM_UPPER = 0x20000000
                0x20000000                __base_RAM = 0x20000000
                0x20028000                __top_SRAM_UPPER = 0x20028000
                0x20028000                __top_RAM = 0x20028000
                0x04000000                __base_SRAMX = 0x4000000
                0x04000000                __base_RAM2 = 0x4000000
                0x04008000                __top_SRAMX = 0x4008000
                0x04008000                __top_RAM2 = 0x4008000
                0x40100000                __base_USB_RAM = 0x40100000
                0x40100000                __base_RAM3 = 0x40100000
                0x40102000                __top_USB_RAM = 0x40102000
                0x40102000                __top_RAM3 = 0x40102000
                0xa0000000                __base_BOARD_SDRAM = 0xa0000000
                0xa0000000                __base_RAM4 = 0xa0000000
                0xa1000000                __top_BOARD_SDRAM = 0xa1000000
                0xa1000000                __top_RAM4 = 0xa1000000

.text_Flash2    0x10000000        0x0
 FILL mask 0xff
 *(SORT_BY_ALIGNMENT(.text_Flash2*))
 *(SORT_BY_ALIGNMENT(.text_BOARD_FLASH*))
 *(SORT_BY_ALIGNMENT(.text.$Flash2*))
 *(SORT_BY_ALIGNMENT(.text.$BOARD_FLASH*))
 *(SORT_BY_ALIGNMENT(.rodata.$Flash2*))
 *(SORT_BY_ALIGNMENT(.rodata.$BOARD_FLASH*))

.text           0x00000000     0xb794
 FILL mask 0xff
                0x00000000                __vectors_start__ = ABSOLUTE (.)
 *(SORT_BY_ALIGNMENT(.isr_vector))
 .isr_vector    0x00000000      0x124 ./startup/startup_lpc54628.o
                0x00000000                g_pfnVectors
                0x00000000                __Vectors
                0x00000124                . = ALIGN (0x4)
                0x00000124                __section_table_start = .
                0x00000124                __data_section_table = .
                0x00000124        0x4 LONG 0xb794 LOADADDR (.data)
                0x00000128        0x4 LONG 0x20000000 ADDR (.data)
                0x0000012c        0x4 LONG 0x8 SIZEOF (.data)
                0x00000130        0x4 LONG 0xb794 LOADADDR (.data_RAM2)
                0x00000134        0x4 LONG 0x4000000 ADDR (.data_RAM2)
                0x00000138        0x4 LONG 0x0 SIZEOF (.data_RAM2)
                0x0000013c        0x4 LONG 0xb794 LOADADDR (.data_RAM3)
                0x00000140        0x4 LONG 0x40100000 ADDR (.data_RAM3)
                0x00000144        0x4 LONG 0x0 SIZEOF (.data_RAM3)
                0x00000148        0x4 LONG 0xb794 LOADADDR (.data_RAM4)
                0x0000014c        0x4 LONG 0xa0000000 ADDR (.data_RAM4)
                0x00000150        0x4 LONG 0x0 SIZEOF (.data_RAM4)
                0x00000154                __data_section_table_end = .
                0x00000154                __bss_section_table = .
                0x00000154        0x4 LONG 0x20000008 ADDR (.bss)
                0x00000158        0x4 LONG 0x798 SIZEOF (.bss)
                0x0000015c        0x4 LONG 0x4000000 ADDR (.bss_RAM2)
                0x00000160        0x4 LONG 0x0 SIZEOF (.bss_RAM2)
                0x00000164        0x4 LONG 0x40100000 ADDR (.bss_RAM3)
                0x00000168        0x4 LONG 0x0 SIZEOF (.bss_RAM3)
                0x0000016c        0x4 LONG 0xa0000000 ADDR (.bss_RAM4)
                0x00000170        0x4 LONG 0x0 SIZEOF (.bss_RAM4)
                0x00000174                __bss_section_table_end = .
                0x00000174                __section_table_end = .
 *(SORT_BY_ALIGNMENT(.after_vectors*))
 .after_vectors.reset
                0x00000174       0x58 ./startup/startup_lpc54628.o
                0x00000174                ResetISR
 .after_vectors.init_data
                0x000001cc       0x1e ./startup/startup_lpc54628.o
                0x000001cc                data_init
 .after_vectors.init_bss
                0x000001ea       0x12 ./startup/startup_lpc54628.o
                0x000001ea                bss_init
 .after_vectors
                0x000001fc       0x14 ./startup/startup_lpc54628.o
                0x000001fc                NMI_Handler
                0x00000200                MemManage_Handler
                0x00000202                BusFault_Handler
                0x00000204                UsageFault_Handler
                0x00000206                SVC_Handler
                0x00000208                DebugMon_Handler
                0x0000020a                PendSV_Handler
                0x0000020e                PIN_INT2_DriverIRQHandler
                0x0000020e                ETHERNET_DriverIRQHandler
                0x0000020e                PIN_INT0_DriverIRQHandler
                0x0000020e                CTIMER2_DriverIRQHandler
                0x0000020e                SPIFI0_DriverIRQHandler
                0x0000020e                PIN_INT3_DriverIRQHandler
                0x0000020e                CAN0_IRQ0_DriverIRQHandler
                0x0000020e                IntDefaultHandler
                0x0000020e                USB0_DriverIRQHandler
                0x0000020e                MRT0_DriverIRQHandler
                0x0000020e                UTICK0_DriverIRQHandler
                0x0000020e                DMIC0_DriverIRQHandler
                0x0000020e                PIN_INT4_DriverIRQHandler
                0x0000020e                PIN_INT5_DriverIRQHandler
                0x0000020e                CAN1_IRQ0_DriverIRQHandler
                0x0000020e                Reserved47_DriverIRQHandler
                0x0000020e                ADC0_THCMP_DriverIRQHandler
                0x0000020e                CTIMER4_DriverIRQHandler
                0x0000020e                RIT_DriverIRQHandler
                0x0000020e                PIN_INT7_DriverIRQHandler
                0x0000020e                CAN0_IRQ1_DriverIRQHandler
                0x0000020e                USB0_NEEDCLK_DriverIRQHandler
                0x0000020e                ADC0_SEQB_DriverIRQHandler
                0x0000020e                CTIMER0_DriverIRQHandler
                0x0000020e                CTIMER1_DriverIRQHandler
                0x0000020e                PIN_INT6_DriverIRQHandler
                0x0000020e                ETHERNET_MACLP_DriverIRQHandler
                0x0000020e                PIN_INT1_DriverIRQHandler
                0x0000020e                CTIMER3_DriverIRQHandler
                0x0000020e                HWVAD0_DriverIRQHandler
                0x0000020e                RTC_DriverIRQHandler
                0x0000020e                LCD_DriverIRQHandler
                0x0000020e                EEPROM_DriverIRQHandler
                0x0000020e                DMA0_DriverIRQHandler
                0x0000020e                ETHERNET_PMT_DriverIRQHandler
                0x0000020e                USB1_DriverIRQHandler
                0x0000020e                CAN1_IRQ1_DriverIRQHandler
                0x0000020e                ADC0_SEQA_DriverIRQHandler
                0x0000020e                USB1_NEEDCLK_DriverIRQHandler
                0x0000020e                SMARTCARD0_DriverIRQHandler
                0x0000020e                SHA_DriverIRQHandler
                0x0000020e                GINT0_DriverIRQHandler
                0x0000020e                SMARTCARD1_DriverIRQHandler
                0x0000020e                GINT1_DriverIRQHandler
                0x0000020e                Reserved46_DriverIRQHandler
                0x0000020e                WDT_BOD_DriverIRQHandler
                0x0000020e                SCT0_DriverIRQHandler
 *(SORT_BY_ALIGNMENT(.text*))
 .text.DbgConsole_Init
                0x00000210       0xf8 ./utilities/fsl_debug_console.o
                0x00000210                DbgConsole_Init
 .text.CLOCK_EnableClock
                0x00000308       0x54 ./source/LPC54628J512_Project.o
 .text.Board_InitSdifUnusedDataPin
                0x0000035c       0x44 ./source/LPC54628J512_Project.o
                0x0000035c                Board_InitSdifUnusedDataPin
 .text.main     0x000003a0      0x1d4 ./source/LPC54628J512_Project.o
                0x000003a0                main
 .text.sdcardWaitCardInsert
                0x00000574       0x48 ./source/LPC54628J512_Project.o
 .text.SD_SendApplicationCmd
                0x000005bc       0x34 ./sdmmc/src/fsl_sd.o
 .text.SD_GoIdle
                0x000005f0       0x34 ./sdmmc/src/fsl_sd.o
 .text.SD_SetBlockSize
                0x00000624       0x34 ./sdmmc/src/fsl_sd.o
 .text.SD_ExecuteTuning
                0x00000658       0x34 ./sdmmc/src/fsl_sd.o
 .text.SD_SwitchVoltage
                0x0000068c       0x34 ./sdmmc/src/fsl_sd.o
 .text.SD_StopTransmission
                0x000006c0       0x80 ./sdmmc/src/fsl_sd.o
 .text.SD_Transfer
                0x00000740       0x74 ./sdmmc/src/fsl_sd.o
 .text.SD_WaitWriteComplete
                0x000007b4       0x8c ./sdmmc/src/fsl_sd.o
 .text.SD_SendWriteSuccessBlocks
                0x00000840       0xe0 ./sdmmc/src/fsl_sd.o
 .text.SD_SendRca
                0x00000920       0x74 ./sdmmc/src/fsl_sd.o
 .text.SD_SwitchFunction
                0x00000994       0xc8 ./sdmmc/src/fsl_sd.o
 .text.SD_DecodeScr
                0x00000a5c      0x170 ./sdmmc/src/fsl_sd.o
 .text.SD_SendScr
                0x00000bcc      0x140 ./sdmmc/src/fsl_sd.o
 .text.SD_SelectFunction
                0x00000d0c      0x2a4 ./sdmmc/src/fsl_sd.o
 .text.SD_SetDataBusWidth
                0x00000fb0       0xa0 ./sdmmc/src/fsl_sd.o
 .text.SD_DecodeCsd
                0x00001050      0x374 ./sdmmc/src/fsl_sd.o
 .text.SD_SendCsd
                0x000013c4       0x9c ./sdmmc/src/fsl_sd.o
 .text.SD_DecodeCid
                0x00001460       0xd4 ./sdmmc/src/fsl_sd.o
 .text.SD_AllSendCid
                0x00001534       0x90 ./sdmmc/src/fsl_sd.o
 .text.SD_ApplicationSendOperationCondition
                0x000015c4       0xd4 ./sdmmc/src/fsl_sd.o
 .text.SD_SendInterfaceCondition
                0x00001698       0x98 ./sdmmc/src/fsl_sd.o
 .text.SD_SelectBusTiming
                0x00001730       0xb0 ./sdmmc/src/fsl_sd.o
 .text.SD_DecodeStatus
                0x000017e0      0x114 ./sdmmc/src/fsl_sd.o
 .text.SD_ReadStatus
                0x000018f4      0x150 ./sdmmc/src/fsl_sd.o
                0x000018f4                SD_ReadStatus
 .text.SD_SelectCard
                0x00001a44       0x38 ./sdmmc/src/fsl_sd.o
                0x00001a44                SD_SelectCard
 .text.SD_Read  0x00001a7c      0x12c ./sdmmc/src/fsl_sd.o
 .text.SD_Write
                0x00001ba8      0x16c ./sdmmc/src/fsl_sd.o
 .text.SD_ReadBlocks
                0x00001d14      0x14c ./sdmmc/src/fsl_sd.o
                0x00001d14                SD_ReadBlocks
 .text.SD_WriteBlocks
                0x00001e60      0x148 ./sdmmc/src/fsl_sd.o
                0x00001e60                SD_WriteBlocks
 .text.SD_ProbeBusVoltage
                0x00001fa8       0xe8 ./sdmmc/src/fsl_sd.o
                0x00001fa8                SD_ProbeBusVoltage
 .text.SD_CardInit
                0x00002090      0x170 ./sdmmc/src/fsl_sd.o
                0x00002090                SD_CardInit
 .text.SD_CardDeinit
                0x00002200       0x28 ./sdmmc/src/fsl_sd.o
                0x00002200                SD_CardDeinit
 .text.SD_HostInit
                0x00002228       0x54 ./sdmmc/src/fsl_sd.o
                0x00002228                SD_HostInit
 .text.SD_Init  0x0000227c       0x90 ./sdmmc/src/fsl_sd.o
                0x0000227c                SD_Init
 .text.SDMMC_SelectCard
                0x0000230c       0x90 ./sdmmc/src/fsl_sdmmc_common.o
                0x0000230c                SDMMC_SelectCard
 .text.SDMMC_SendApplicationCommand
                0x0000239c       0x8c ./sdmmc/src/fsl_sdmmc_common.o
                0x0000239c                SDMMC_SendApplicationCommand
 .text.SDMMC_GoIdle
                0x00002428       0x64 ./sdmmc/src/fsl_sdmmc_common.o
                0x00002428                SDMMC_GoIdle
 .text.SDMMC_SetBlockSize
                0x0000248c       0x7c ./sdmmc/src/fsl_sdmmc_common.o
                0x0000248c                SDMMC_SetBlockSize
 .text.SDMMC_SwitchVoltage
                0x00002508       0xb0 ./sdmmc/src/fsl_sdmmc_common.o
                0x00002508                SDMMC_SwitchVoltage
 .text.__NVIC_SetPriority
                0x000025b8       0x54 ./sdmmc/port/fsl_sdmmc_event.o
 .text.SysTick_Config
                0x0000260c       0x44 ./sdmmc/port/fsl_sdmmc_event.o
 .text.SDMMCEVENT_InitTimer
                0x00002650       0x24 ./sdmmc/port/fsl_sdmmc_event.o
                0x00002650                SDMMCEVENT_InitTimer
 .text.SysTick_Handler
                0x00002674       0x1c ./sdmmc/port/fsl_sdmmc_event.o
                0x00002674                SysTick_Handler
 .text.SDMMCEVENT_GetInstance
                0x00002690       0x40 ./sdmmc/port/fsl_sdmmc_event.o
 .text.SDMMCEVENT_Wait
                0x000026d0       0x68 ./sdmmc/port/fsl_sdmmc_event.o
                0x000026d0                SDMMCEVENT_Wait
 .text.SDMMCEVENT_Delay
                0x00002738       0x38 ./sdmmc/port/fsl_sdmmc_event.o
                0x00002738                SDMMCEVENT_Delay
 .text.SDMMCHOST_DetectCardInsertByHost
                0x00002770       0x40 ./sdmmc/port/fsl_sdmmc_host.o
 .text.SDMMCHOST_DetectCardRemoveByHost
                0x000027b0       0x38 ./sdmmc/port/fsl_sdmmc_host.o
 .text.SDMMCHOST_TransferCompleteCallback
                0x000027e8       0x34 ./sdmmc/port/fsl_sdmmc_host.o
 .text.SDMMCHOST_TransferFunction
                0x0000281c       0xac ./sdmmc/port/fsl_sdmmc_host.o
 .text.SDMMCHOST_CardDetectInit
                0x000028c8       0x80 ./sdmmc/port/fsl_sdmmc_host.o
 .text.SDMMCHOST_WaitCardDetectStatus
                0x00002948       0x60 ./sdmmc/port/fsl_sdmmc_host.o
                0x00002948                SDMMCHOST_WaitCardDetectStatus
 .text.SDMMCHOST_Init
                0x000029a8       0xb4 ./sdmmc/port/fsl_sdmmc_host.o
                0x000029a8                SDMMCHOST_Init
 .text.sync_fs  0x00002a5c       0xdc ./fatfs/fatfs_source/ff.o
 .text.create_name
                0x00002b38      0x200 ./fatfs/fatfs_source/ff.o
 .text.get_ldnumber
                0x00002d38       0x90 ./fatfs/fatfs_source/ff.o
 .text.check_fs
                0x00002dc8       0xac ./fatfs/fatfs_source/ff.o
 .text.find_volume
                0x00002e74      0x4b8 ./fatfs/fatfs_source/ff.o
 .text.f_mount  0x0000332c       0x80 ./fatfs/fatfs_source/ff.o
                0x0000332c                f_mount
 .text.f_chdrive
                0x000033ac       0x34 ./fatfs/fatfs_source/ff.o
                0x000033ac                f_chdrive
 .text.f_mkdir  0x000033e0      0x1b8 ./fatfs/fatfs_source/ff.o
                0x000033e0                f_mkdir
 .text.sd_disk_write
                0x00003598       0x44 ./fatfs/fatfs_source/fsl_sd_disk.o
                0x00003598                sd_disk_write
 .text.sd_disk_read
                0x000035dc       0x44 ./fatfs/fatfs_source/fsl_sd_disk.o
                0x000035dc                sd_disk_read
 .text.sd_disk_ioctl
                0x00003620       0xa4 ./fatfs/fatfs_source/fsl_sd_disk.o
                0x00003620                sd_disk_ioctl
 .text.sd_disk_initialize
                0x000036c4       0x58 ./fatfs/fatfs_source/fsl_sd_disk.o
                0x000036c4                sd_disk_initialize
 .text.CLOCK_GetAsyncApbClkSrc
                0x0000371c       0x20 ./drivers/fsl_clock.o
 .text.CLOCK_AttachClk
                0x0000373c       0x90 ./drivers/fsl_clock.o
                0x0000373c                CLOCK_AttachClk
 .text.CLOCK_SetClkDiv
                0x000037cc       0x5c ./drivers/fsl_clock.o
                0x000037cc                CLOCK_SetClkDiv
 .text.CLOCK_GetClockOutClkFreq
                0x00003828       0x98 ./drivers/fsl_clock.o
                0x00003828                CLOCK_GetClockOutClkFreq
 .text.CLOCK_GetSpifiClkFreq
                0x000038c0       0x88 ./drivers/fsl_clock.o
                0x000038c0                CLOCK_GetSpifiClkFreq
 .text.CLOCK_GetAdcClkFreq
                0x00003948       0x80 ./drivers/fsl_clock.o
                0x00003948                CLOCK_GetAdcClkFreq
 .text.CLOCK_GetUsb0ClkFreq
                0x000039c8       0x78 ./drivers/fsl_clock.o
                0x000039c8                CLOCK_GetUsb0ClkFreq
 .text.CLOCK_GetUsb1ClkFreq
                0x00003a40       0x78 ./drivers/fsl_clock.o
                0x00003a40                CLOCK_GetUsb1ClkFreq
 .text.CLOCK_GetSctClkFreq
                0x00003ab8       0x80 ./drivers/fsl_clock.o
                0x00003ab8                CLOCK_GetSctClkFreq
 .text.CLOCK_GetSdioClkFreq
                0x00003b38       0x88 ./drivers/fsl_clock.o
                0x00003b38                CLOCK_GetSdioClkFreq
 .text.CLOCK_GetLcdClkFreq
                0x00003bc0       0x68 ./drivers/fsl_clock.o
                0x00003bc0                CLOCK_GetLcdClkFreq
 .text.CLOCK_GetFro12MFreq
                0x00003c28       0x28 ./drivers/fsl_clock.o
                0x00003c28                CLOCK_GetFro12MFreq
 .text.CLOCK_GetExtClkFreq
                0x00003c50       0x14 ./drivers/fsl_clock.o
                0x00003c50                CLOCK_GetExtClkFreq
 .text.CLOCK_GetWdtOscFreq
                0x00003c64       0x68 ./drivers/fsl_clock.o
                0x00003c64                CLOCK_GetWdtOscFreq
 .text.CLOCK_GetFroHfFreq
                0x00003ccc       0x50 ./drivers/fsl_clock.o
                0x00003ccc                CLOCK_GetFroHfFreq
 .text.CLOCK_GetPllOutFreq
                0x00003d1c       0x18 ./drivers/fsl_clock.o
                0x00003d1c                CLOCK_GetPllOutFreq
 .text.CLOCK_GetAudioPllOutFreq
                0x00003d34       0x18 ./drivers/fsl_clock.o
                0x00003d34                CLOCK_GetAudioPllOutFreq
 .text.CLOCK_GetUsbPllOutFreq
                0x00003d4c       0x18 ./drivers/fsl_clock.o
                0x00003d4c                CLOCK_GetUsbPllOutFreq
 .text.CLOCK_GetAsyncApbClkFreq
                0x00003d64       0x3c ./drivers/fsl_clock.o
                0x00003d64                CLOCK_GetAsyncApbClkFreq
 .text.CLOCK_GetFlexCommClkFreq
                0x00003da0       0x6c ./drivers/fsl_clock.o
                0x00003da0                CLOCK_GetFlexCommClkFreq
 .text.CLOCK_GetFrgClkFreq
                0x00003e0c       0x58 ./drivers/fsl_clock.o
                0x00003e0c                CLOCK_GetFrgClkFreq
 .text.CLOCK_GetDmicClkFreq
                0x00003e64       0x80 ./drivers/fsl_clock.o
                0x00003e64                CLOCK_GetDmicClkFreq
 .text.CLOCK_GetFreq
                0x00003ee4      0x228 ./drivers/fsl_clock.o
                0x00003ee4                CLOCK_GetFreq
 .text.CLOCK_SetFLASHAccessCyclesForFreq
                0x0000410c       0xb8 ./drivers/fsl_clock.o
                0x0000410c                CLOCK_SetFLASHAccessCyclesForFreq
 .text.CLOCK_SetPLLFreq
                0x000041c4      0x12c ./drivers/fsl_clock.o
                0x000041c4                CLOCK_SetPLLFreq
 .text.CLOCK_EnableClock
                0x000042f0       0x54 ./drivers/fsl_flexcomm.o
 .text.FLEXCOMM_GetInstance
                0x00004344       0x44 ./drivers/fsl_flexcomm.o
                0x00004344                FLEXCOMM_GetInstance
 .text.FLEXCOMM_Init
                0x00004388       0x5c ./drivers/fsl_flexcomm.o
                0x00004388                FLEXCOMM_Init
 .text.FLEXCOMM0_DriverIRQHandler
                0x000043e4       0x3c ./drivers/fsl_flexcomm.o
                0x000043e4                FLEXCOMM0_DriverIRQHandler
 .text.FLEXCOMM1_DriverIRQHandler
                0x00004420       0x3c ./drivers/fsl_flexcomm.o
                0x00004420                FLEXCOMM1_DriverIRQHandler
 .text.FLEXCOMM2_DriverIRQHandler
                0x0000445c       0x3c ./drivers/fsl_flexcomm.o
                0x0000445c                FLEXCOMM2_DriverIRQHandler
 .text.FLEXCOMM3_DriverIRQHandler
                0x00004498       0x3c ./drivers/fsl_flexcomm.o
                0x00004498                FLEXCOMM3_DriverIRQHandler
 .text.FLEXCOMM4_DriverIRQHandler
                0x000044d4       0x3c ./drivers/fsl_flexcomm.o
                0x000044d4                FLEXCOMM4_DriverIRQHandler
 .text.FLEXCOMM5_DriverIRQHandler
                0x00004510       0x3c ./drivers/fsl_flexcomm.o
                0x00004510                FLEXCOMM5_DriverIRQHandler
 .text.FLEXCOMM6_DriverIRQHandler
                0x0000454c       0x3c ./drivers/fsl_flexcomm.o
                0x0000454c                FLEXCOMM6_DriverIRQHandler
 .text.FLEXCOMM7_DriverIRQHandler
                0x00004588       0x3c ./drivers/fsl_flexcomm.o
                0x00004588                FLEXCOMM7_DriverIRQHandler
 .text.FLEXCOMM8_DriverIRQHandler
                0x000045c4       0x3c ./drivers/fsl_flexcomm.o
                0x000045c4                FLEXCOMM8_DriverIRQHandler
 .text.FLEXCOMM9_DriverIRQHandler
                0x00004600       0x3c ./drivers/fsl_flexcomm.o
                0x00004600                FLEXCOMM9_DriverIRQHandler
 .text.RESET_SetPeripheralReset
                0x0000463c       0x7c ./drivers/fsl_reset.o
                0x0000463c                RESET_SetPeripheralReset
 .text.RESET_ClearPeripheralReset
                0x000046b8       0x80 ./drivers/fsl_reset.o
                0x000046b8                RESET_ClearPeripheralReset
 .text.__NVIC_EnableIRQ
                0x00004738       0x3c ./drivers/fsl_sdif.o
 .text.CLOCK_EnableClock
                0x00004774       0x54 ./drivers/fsl_sdif.o
 .text.SDIF_GetInstance
                0x000047c8       0x40 ./drivers/fsl_sdif.o
 .text.SDIF_SendCommand
                0x00004808       0x74 ./drivers/fsl_sdif.o
                0x00004808                SDIF_SendCommand
 .text.SDIF_ConfigClockDelay
                0x0000487c       0x58 ./drivers/fsl_sdif.o
                0x0000487c                SDIF_ConfigClockDelay
 .text.SDIF_SetCardClock
                0x000048d4       0xb8 ./drivers/fsl_sdif.o
                0x000048d4                SDIF_SetCardClock
 .text.SDIF_InternalDMAConfig
                0x0000498c      0x2b0 ./drivers/fsl_sdif.o
                0x0000498c                SDIF_InternalDMAConfig
 .text.SDIF_Init
                0x00004c3c       0x80 ./drivers/fsl_sdif.o
                0x00004c3c                SDIF_Init
 .text.SDIF_TransferNonBlocking
                0x00004cbc      0x110 ./drivers/fsl_sdif.o
                0x00004cbc                SDIF_TransferNonBlocking
 .text.SDIF_TransferCreateHandle
                0x00004dcc       0xa8 ./drivers/fsl_sdif.o
                0x00004dcc                SDIF_TransferCreateHandle
 .text.SDIF_GetCapability
                0x00004e74       0x50 ./drivers/fsl_sdif.o
                0x00004e74                SDIF_GetCapability
 .text.SDIF_TransferHandleCommand
                0x00004ec4       0x9c ./drivers/fsl_sdif.o
 .text.SDIF_TransferHandleData
                0x00004f60      0x148 ./drivers/fsl_sdif.o
 .text.SDIF_TransferHandleIRQ
                0x000050a8       0xc4 ./drivers/fsl_sdif.o
 .text.SDIO_DriverIRQHandler
                0x0000516c       0x38 ./drivers/fsl_sdif.o
                0x0000516c                SDIO_DriverIRQHandler
 .text.USART_Init
                0x000051a4      0x14c ./drivers/fsl_usart.o
                0x000051a4                USART_Init
 .text.USART_GetDefaultConfig
                0x000052f0       0x64 ./drivers/fsl_usart.o
                0x000052f0                USART_GetDefaultConfig
 .text.USART_SetBaudRate
                0x00005354       0xe4 ./drivers/fsl_usart.o
                0x00005354                USART_SetBaudRate
 .text.SystemInit
                0x00005438       0x40 ./device/system_LPC54628.o
                0x00005438                SystemInit
 .text.HAL_UartInit
                0x00005478      0x108 ./component/uart/usart_adapter.o
                0x00005478                HAL_UartInit
 .text.SerialManager_Init
                0x00005580       0x74 ./component/serial_manager/serial_manager.o
                0x00005580                SerialManager_Init
 .text.SerialManager_OpenWriteHandle
                0x000055f4       0x58 ./component/serial_manager/serial_manager.o
                0x000055f4                SerialManager_OpenWriteHandle
 .text.SerialManager_OpenReadHandle
                0x0000564c       0x60 ./component/serial_manager/serial_manager.o
                0x0000564c                SerialManager_OpenReadHandle
 .text.Serial_UartInit
                0x000056ac       0x80 ./component/serial_manager/serial_port_uart.o
                0x000056ac                Serial_UartInit
 .text.BOARD_InitDebugConsole
                0x0000572c       0x48 ./board/board.o
                0x0000572c                BOARD_InitDebugConsole
 .text.BOARD_BootClockPLL220M
                0x00005774       0xa0 ./board/clock_config.o
                0x00005774                BOARD_BootClockPLL220M
 .text.CLOCK_EnableClock
                0x00005814       0x54 ./board/pin_mux.o
 .text.BOARD_InitLEDsPins
                0x00005868       0xb0 ./board/pin_mux.o
                0x00005868                BOARD_InitLEDsPins
 .text.BOARD_InitDEBUG_UARTPins
                0x00005918       0x44 ./board/pin_mux.o
                0x00005918                BOARD_InitDEBUG_UARTPins
 .text.BOARDInitSDCard
                0x0000595c       0xb4 ./board/pin_mux.o
                0x0000595c                BOARDInitSDCard
 .text.POWER_SetVoltageForFreq
                0x00005a10       0x44 C:\Users\^_^\Documents\MCUXpressoIDE_10.3.1_2233\workspace\LPC54628J512_Project\libs\libpower_hardabi.a(fsl_power_lib.o)
                0x00005a10                POWER_SetVoltageForFreq
 .text.POWER_SetPLL
                0x00005a54       0x1c C:\Users\^_^\Documents\MCUXpressoIDE_10.3.1_2233\workspace\LPC54628J512_Project\libs\libpower_hardabi.a(fsl_power_lib.o)
                0x00005a54                POWER_SetPLL
 .text.__assertion_failed
                0x00005a70       0x4c c:/nxp/mcuxpressoide_10.3.1_2233/ide/plugins/com.nxp.mcuxpresso.tools.win32_10.3.0.201811011841/tools/bin/../lib/gcc/arm-none-eabi/7.3.1/../../../../arm-none-eabi/lib/thumb/v7e-m/fpv4-sp/hard\libcr_semihost_nf.a(_cr_assert.o)
                0x00005a70                __assertion_failed
 .text.__sys_appexit
                0x00005abc        0xc c:/nxp/mcuxpressoide_10.3.1_2233/ide/plugins/com.nxp.mcuxpresso.tools.win32_10.3.0.201811011841/tools/bin/../lib/gcc/arm-none-eabi/7.3.1/../../../../arm-none-eabi/lib/thumb/v7e-m/fpv4-sp/hard\libcr_semihost_nf.a(__sys_appexit.o)
                0x00005abc                __sys_appexit
                0x00005abc                __exit
 .text._Cwritebuf
                0x00005ac8       0x6c c:/nxp/mcuxpressoide_10.3.1_2233/ide/plugins/com.nxp.mcuxpresso.tools.win32_10.3.0.201811011841/tools/bin/../lib/gcc/arm-none-eabi/7.3.1/../../../../arm-none-eabi/lib/thumb/v7e-m/fpv4-sp/hard\libcr_c.a(_writebuf.o)
                0x00005ac8                _Cwritebuf
 .text.malloc   0x00005b34       0xc8 c:/nxp/mcuxpressoide_10.3.1_2233/ide/plugins/com.nxp.mcuxpresso.tools.win32_10.3.0.201811011841/tools/bin/../lib/gcc/arm-none-eabi/7.3.1/../../../../arm-none-eabi/lib/thumb/v7e-m/fpv4-sp/hard\libcr_c.a(alloc.o)
                0x00005b34                malloc
 .text._Csys_alloc
                0x00005bfc       0x20 c:/nxp/mcuxpressoide_10.3.1_2233/ide/plugins/com.nxp.mcuxpresso.tools.win32_10.3.0.201811011841/tools/bin/../lib/gcc/arm-none-eabi/7.3.1/../../../../arm-none-eabi/lib/thumb/v7e-m/fpv4-sp/hard\libcr_c.a(alloc.o)
                0x00005bfc                _Csys_alloc
 .text.fseek    0x00005c1c      0x100 c:/nxp/mcuxpressoide_10.3.1_2233/ide/plugins/com.nxp.mcuxpresso.tools.win32_10.3.0.201811011841/tools/bin/../lib/gcc/arm-none-eabi/7.3.1/../../../../arm-none-eabi/lib/thumb/v7e-m/fpv4-sp/hard\libcr_c.a(fseek.o)
                0x00005c1c                fseek
 .text.ftell    0x00005d1c       0x44 c:/nxp/mcuxpressoide_10.3.1_2233/ide/plugins/com.nxp.mcuxpresso.tools.win32_10.3.0.201811011841/tools/bin/../lib/gcc/arm-none-eabi/7.3.1/../../../../arm-none-eabi/lib/thumb/v7e-m/fpv4-sp/hard\libcr_c.a(ftell.o)
                0x00005d1c                ftell
 .text._initio  0x00005d60       0x78 c:/nxp/mcuxpressoide_10.3.1_2233/ide/plugins/com.nxp.mcuxpresso.tools.win32_10.3.0.201811011841/tools/bin/../lib/gcc/arm-none-eabi/7.3.1/../../../../arm-none-eabi/lib/thumb/v7e-m/fpv4-sp/hard\libcr_c.a(initio.o)
                0x00005d60                _initio
 .text.__vfprintf
                0x00005dd8      0xb8c c:/nxp/mcuxpressoide_10.3.1_2233/ide/plugins/com.nxp.mcuxpresso.tools.win32_10.3.0.201811011841/tools/bin/../lib/gcc/arm-none-eabi/7.3.1/../../../../arm-none-eabi/lib/thumb/v7e-m/fpv4-sp/hard\libcr_c.a(printf.o)
                0x00005dd8                __vfprintf
 .text._sprintf
                0x00006964       0x6c c:/nxp/mcuxpressoide_10.3.1_2233/ide/plugins/com.nxp.mcuxpresso.tools.win32_10.3.0.201811011841/tools/bin/../lib/gcc/arm-none-eabi/7.3.1/../../../../arm-none-eabi/lib/thumb/v7e-m/fpv4-sp/hard\libcr_c.a(printf.o)
                0x00006964                _sprintf
 .text._vsnprintf
                0x000069d0       0x68 c:/nxp/mcuxpressoide_10.3.1_2233/ide/plugins/com.nxp.mcuxpresso.tools.win32_10.3.0.201811011841/tools/bin/../lib/gcc/arm-none-eabi/7.3.1/../../../../arm-none-eabi/lib/thumb/v7e-m/fpv4-sp/hard\libcr_c.a(printf.o)
                0x000069d0                _vsnprintf
 .text._printf  0x00006a38       0x54 c:/nxp/mcuxpressoide_10.3.1_2233/ide/plugins/com.nxp.mcuxpresso.tools.win32_10.3.0.201811011841/tools/bin/../lib/gcc/arm-none-eabi/7.3.1/../../../../arm-none-eabi/lib/thumb/v7e-m/fpv4-sp/hard\libcr_c.a(printf.o)
                0x00006a38                _printf
 .text.setvbuf  0x00006a8c       0x40 c:/nxp/mcuxpressoide_10.3.1_2233/ide/plugins/com.nxp.mcuxpresso.tools.win32_10.3.0.201811011841/tools/bin/../lib/gcc/arm-none-eabi/7.3.1/../../../../arm-none-eabi/lib/thumb/v7e-m/fpv4-sp/hard\libcr_c.a(setvbuf.o)
                0x00006a8c                setvbuf
 .text._sbrk    0x00006acc       0x3c c:/nxp/mcuxpressoide_10.3.1_2233/ide/plugins/com.nxp.mcuxpresso.tools.win32_10.3.0.201811011841/tools/bin/../lib/gcc/arm-none-eabi/7.3.1/../../../../arm-none-eabi/lib/thumb/v7e-m/fpv4-sp/hard\libcr_c.a(_cr_sbrk.o)
                0x00006acc                _sbrk
 .text.fflush   0x00006b08       0x44 c:/nxp/mcuxpressoide_10.3.1_2233/ide/plugins/com.nxp.mcuxpresso.tools.win32_10.3.0.201811011841/tools/bin/../lib/gcc/arm-none-eabi/7.3.1/../../../../arm-none-eabi/lib/thumb/v7e-m/fpv4-sp/hard\libcr_c.a(fflush.o)
                0x00006b08                fflush
 .text.__check_heap_overflow
                0x00006b4c       0x18 c:/nxp/mcuxpressoide_10.3.1_2233/ide/plugins/com.nxp.mcuxpresso.tools.win32_10.3.0.201811011841/tools/bin/../lib/gcc/arm-none-eabi/7.3.1/../../../../arm-none-eabi/lib/thumb/v7e-m/fpv4-sp/hard\libcr_c.a(_cr_check_heap.o)
                0x00006b4c                __check_heap_overflow
 .text.WDT_BOD_IRQHandler
                0x00006b64        0x8 ./startup/startup_lpc54628.o
                0x00006b64                WDT_BOD_IRQHandler
 .text.DMA0_IRQHandler
                0x00006b6c        0x8 ./startup/startup_lpc54628.o
                0x00006b6c                DMA0_IRQHandler
 .text.GINT0_IRQHandler
                0x00006b74        0x8 ./startup/startup_lpc54628.o
                0x00006b74                GINT0_IRQHandler
 .text.GINT1_IRQHandler
                0x00006b7c        0x8 ./startup/startup_lpc54628.o
                0x00006b7c                GINT1_IRQHandler
 .text.PIN_INT0_IRQHandler
                0x00006b84        0x8 ./startup/startup_lpc54628.o
                0x00006b84                PIN_INT0_IRQHandler
 .text.PIN_INT1_IRQHandler
                0x00006b8c        0x8 ./startup/startup_lpc54628.o
                0x00006b8c                PIN_INT1_IRQHandler
 .text.PIN_INT2_IRQHandler
                0x00006b94        0x8 ./startup/startup_lpc54628.o
                0x00006b94                PIN_INT2_IRQHandler
 .text.PIN_INT3_IRQHandler
                0x00006b9c        0x8 ./startup/startup_lpc54628.o
                0x00006b9c                PIN_INT3_IRQHandler
 .text.UTICK0_IRQHandler
                0x00006ba4        0x8 ./startup/startup_lpc54628.o
                0x00006ba4                UTICK0_IRQHandler
 .text.MRT0_IRQHandler
                0x00006bac        0x8 ./startup/startup_lpc54628.o
                0x00006bac                MRT0_IRQHandler
 .text.CTIMER0_IRQHandler
                0x00006bb4        0x8 ./startup/startup_lpc54628.o
                0x00006bb4                CTIMER0_IRQHandler
 .text.CTIMER1_IRQHandler
                0x00006bbc        0x8 ./startup/startup_lpc54628.o
                0x00006bbc                CTIMER1_IRQHandler
 .text.SCT0_IRQHandler
                0x00006bc4        0x8 ./startup/startup_lpc54628.o
                0x00006bc4                SCT0_IRQHandler
 .text.CTIMER3_IRQHandler
                0x00006bcc        0x8 ./startup/startup_lpc54628.o
                0x00006bcc                CTIMER3_IRQHandler
 .text.FLEXCOMM0_IRQHandler
                0x00006bd4        0x8 ./startup/startup_lpc54628.o
                0x00006bd4                FLEXCOMM0_IRQHandler
 .text.FLEXCOMM1_IRQHandler
                0x00006bdc        0x8 ./startup/startup_lpc54628.o
                0x00006bdc                FLEXCOMM1_IRQHandler
 .text.FLEXCOMM2_IRQHandler
                0x00006be4        0x8 ./startup/startup_lpc54628.o
                0x00006be4                FLEXCOMM2_IRQHandler
 .text.FLEXCOMM3_IRQHandler
                0x00006bec        0x8 ./startup/startup_lpc54628.o
                0x00006bec                FLEXCOMM3_IRQHandler
 .text.FLEXCOMM4_IRQHandler
                0x00006bf4        0x8 ./startup/startup_lpc54628.o
                0x00006bf4                FLEXCOMM4_IRQHandler
 .text.FLEXCOMM5_IRQHandler
                0x00006bfc        0x8 ./startup/startup_lpc54628.o
                0x00006bfc                FLEXCOMM5_IRQHandler
 .text.FLEXCOMM6_IRQHandler
                0x00006c04        0x8 ./startup/startup_lpc54628.o
                0x00006c04                FLEXCOMM6_IRQHandler
 .text.FLEXCOMM7_IRQHandler
                0x00006c0c        0x8 ./startup/startup_lpc54628.o
                0x00006c0c                FLEXCOMM7_IRQHandler
 .text.ADC0_SEQA_IRQHandler
                0x00006c14        0x8 ./startup/startup_lpc54628.o
                0x00006c14                ADC0_SEQA_IRQHandler
 .text.ADC0_SEQB_IRQHandler
                0x00006c1c        0x8 ./startup/startup_lpc54628.o
                0x00006c1c                ADC0_SEQB_IRQHandler
 .text.ADC0_THCMP_IRQHandler
                0x00006c24        0x8 ./startup/startup_lpc54628.o
                0x00006c24                ADC0_THCMP_IRQHandler
 .text.DMIC0_IRQHandler
                0x00006c2c        0x8 ./startup/startup_lpc54628.o
                0x00006c2c                DMIC0_IRQHandler
 .text.HWVAD0_IRQHandler
                0x00006c34        0x8 ./startup/startup_lpc54628.o
                0x00006c34                HWVAD0_IRQHandler
 .text.USB0_NEEDCLK_IRQHandler
                0x00006c3c        0x8 ./startup/startup_lpc54628.o
                0x00006c3c                USB0_NEEDCLK_IRQHandler
 .text.USB0_IRQHandler
                0x00006c44        0x8 ./startup/startup_lpc54628.o
                0x00006c44                USB0_IRQHandler
 .text.RTC_IRQHandler
                0x00006c4c        0x8 ./startup/startup_lpc54628.o
                0x00006c4c                RTC_IRQHandler
 .text.Reserved46_IRQHandler
                0x00006c54        0x8 ./startup/startup_lpc54628.o
                0x00006c54                Reserved46_IRQHandler
 .text.Reserved47_IRQHandler
                0x00006c5c        0x8 ./startup/startup_lpc54628.o
                0x00006c5c                Reserved47_IRQHandler
 .text.PIN_INT4_IRQHandler
                0x00006c64        0x8 ./startup/startup_lpc54628.o
                0x00006c64                PIN_INT4_IRQHandler
 .text.PIN_INT5_IRQHandler
                0x00006c6c        0x8 ./startup/startup_lpc54628.o
                0x00006c6c                PIN_INT5_IRQHandler
 .text.PIN_INT6_IRQHandler
                0x00006c74        0x8 ./startup/startup_lpc54628.o
                0x00006c74                PIN_INT6_IRQHandler
 .text.PIN_INT7_IRQHandler
                0x00006c7c        0x8 ./startup/startup_lpc54628.o
                0x00006c7c                PIN_INT7_IRQHandler
 .text.CTIMER2_IRQHandler
                0x00006c84        0x8 ./startup/startup_lpc54628.o
                0x00006c84                CTIMER2_IRQHandler
 .text.CTIMER4_IRQHandler
                0x00006c8c        0x8 ./startup/startup_lpc54628.o
                0x00006c8c                CTIMER4_IRQHandler
 .text.RIT_IRQHandler
                0x00006c94        0x8 ./startup/startup_lpc54628.o
                0x00006c94                RIT_IRQHandler
 .text.SPIFI0_IRQHandler
                0x00006c9c        0x8 ./startup/startup_lpc54628.o
                0x00006c9c                SPIFI0_IRQHandler
 .text.FLEXCOMM8_IRQHandler
                0x00006ca4        0x8 ./startup/startup_lpc54628.o
                0x00006ca4                FLEXCOMM8_IRQHandler
 .text.FLEXCOMM9_IRQHandler
                0x00006cac        0x8 ./startup/startup_lpc54628.o
                0x00006cac                FLEXCOMM9_IRQHandler
 .text.SDIO_IRQHandler
                0x00006cb4        0x8 ./startup/startup_lpc54628.o
                0x00006cb4                SDIO_IRQHandler
 .text.CAN0_IRQ0_IRQHandler
                0x00006cbc        0x8 ./startup/startup_lpc54628.o
                0x00006cbc                CAN0_IRQ0_IRQHandler
 .text.CAN0_IRQ1_IRQHandler
                0x00006cc4        0x8 ./startup/startup_lpc54628.o
                0x00006cc4                CAN0_IRQ1_IRQHandler
 .text.CAN1_IRQ0_IRQHandler
                0x00006ccc        0x8 ./startup/startup_lpc54628.o
                0x00006ccc                CAN1_IRQ0_IRQHandler
 .text.CAN1_IRQ1_IRQHandler
                0x00006cd4        0x8 ./startup/startup_lpc54628.o
                0x00006cd4                CAN1_IRQ1_IRQHandler
 .text.USB1_IRQHandler
                0x00006cdc        0x8 ./startup/startup_lpc54628.o
                0x00006cdc                USB1_IRQHandler
 .text.USB1_NEEDCLK_IRQHandler
                0x00006ce4        0x8 ./startup/startup_lpc54628.o
                0x00006ce4                USB1_NEEDCLK_IRQHandler
 .text.ETHERNET_IRQHandler
                0x00006cec        0x8 ./startup/startup_lpc54628.o
                0x00006cec                ETHERNET_IRQHandler
 .text.ETHERNET_PMT_IRQHandler
                0x00006cf4        0x8 ./startup/startup_lpc54628.o
                0x00006cf4                ETHERNET_PMT_IRQHandler
 .text.ETHERNET_MACLP_IRQHandler
                0x00006cfc        0x8 ./startup/startup_lpc54628.o
                0x00006cfc                ETHERNET_MACLP_IRQHandler
 .text.EEPROM_IRQHandler
                0x00006d04        0x8 ./startup/startup_lpc54628.o
                0x00006d04                EEPROM_IRQHandler
 .text.LCD_IRQHandler
                0x00006d0c        0x8 ./startup/startup_lpc54628.o
                0x00006d0c                LCD_IRQHandler
 .text.SHA_IRQHandler
                0x00006d14        0x8 ./startup/startup_lpc54628.o
                0x00006d14                SHA_IRQHandler
 .text.SMARTCARD0_IRQHandler
                0x00006d1c        0x8 ./startup/startup_lpc54628.o
                0x00006d1c                SMARTCARD0_IRQHandler
 .text.SMARTCARD1_IRQHandler
                0x00006d24        0x8 ./startup/startup_lpc54628.o
                0x00006d24                SMARTCARD1_IRQHandler
 .text.GPIO_PortClear
                0x00006d2c       0x26 ./source/LPC54628J512_Project.o
 .text.IOCON_PinMuxSet
                0x00006d52       0x2e ./source/LPC54628J512_Project.o
 .text.HardFault_Handler
                0x00006d80       0x2c ./source/semihost_hardfault.o
                0x00006d80                HardFault_Handler
 .text.SDIF_GetControllerStatus
                0x00006dac       0x18 ./sdmmc/src/fsl_sd.o
 .text.SD_HostReset
                0x00006dc4       0x1a ./sdmmc/src/fsl_sd.o
                0x00006dc4                SD_HostReset
 .text.SD_PowerOnCard
                0x00006dde       0x1a ./sdmmc/src/fsl_sd.o
                0x00006dde                SD_PowerOnCard
 .text.SD_PowerOffCard
                0x00006df8       0x1a ./sdmmc/src/fsl_sd.o
                0x00006df8                SD_PowerOffCard
 .text.SD_WaitCardDetectStatus
                0x00006e12       0x24 ./sdmmc/src/fsl_sd.o
                0x00006e12                SD_WaitCardDetectStatus
 .text.SDIF_EnableCardClock
                0x00006e36       0x38 ./sdmmc/src/fsl_sdmmc_common.o
 .text.SDIF_GetControllerStatus
                0x00006e6e       0x18 ./sdmmc/src/fsl_sdmmc_common.o
 .text.SDMMC_ExecuteTuning
                0x00006e86       0xaa ./sdmmc/src/fsl_sdmmc_common.o
                0x00006e86                SDMMC_ExecuteTuning
 .text.SDMMCEVENT_Create
                0x00006f30       0x2e ./sdmmc/port/fsl_sdmmc_event.o
                0x00006f30                SDMMCEVENT_Create
 .text.SDMMCEVENT_Notify
                0x00006f5e       0x2e ./sdmmc/port/fsl_sdmmc_event.o
                0x00006f5e                SDMMCEVENT_Notify
 .text.SDMMCEVENT_Delete
                0x00006f8c       0x28 ./sdmmc/port/fsl_sdmmc_event.o
                0x00006f8c                SDMMCEVENT_Delete
 .text.SDIF_EnableCardPower
                0x00006fb4       0x38 ./sdmmc/port/fsl_sdmmc_host.o
 .text.SDIF_DetectCardInsert
                0x00006fec       0x46 ./sdmmc/port/fsl_sdmmc_host.o
 .text.SDIF_EnableInterrupt
                0x00007032       0x22 ./sdmmc/port/fsl_sdmmc_host.o
 .text.SDMMCHOST_Delay
                0x00007054       0x16 ./sdmmc/port/fsl_sdmmc_host.o
                0x00007054                SDMMCHOST_Delay
 .text.SDMMCHOST_PowerOffCard
                0x0000706a       0x3a ./sdmmc/port/fsl_sdmmc_host.o
                0x0000706a                SDMMCHOST_PowerOffCard
 .text.SDMMCHOST_PowerOnCard
                0x000070a4       0x3a ./sdmmc/port/fsl_sdmmc_host.o
                0x000070a4                SDMMCHOST_PowerOnCard
 .text.SDMMCHOST_Reset
                0x000070de       0x14 ./sdmmc/port/fsl_sdmmc_host.o
                0x000070de                SDMMCHOST_Reset
 .text.disk_status
                0x000070f2       0x2c ./fatfs/fatfs_source/diskio.o
                0x000070f2                disk_status
 .text.disk_initialize
                0x0000711e       0x2c ./fatfs/fatfs_source/diskio.o
                0x0000711e                disk_initialize
 .text.disk_read
                0x0000714a       0x38 ./fatfs/fatfs_source/diskio.o
                0x0000714a                disk_read
 .text.disk_write
                0x00007182       0x38 ./fatfs/fatfs_source/diskio.o
                0x00007182                disk_write
 .text.disk_ioctl
                0x000071ba       0x36 ./fatfs/fatfs_source/diskio.o
                0x000071ba                disk_ioctl
 .text.ld_word  0x000071f0       0x30 ./fatfs/fatfs_source/ff.o
 .text.ld_dword
                0x00007220       0x46 ./fatfs/fatfs_source/ff.o
 .text.st_word  0x00007266       0x36 ./fatfs/fatfs_source/ff.o
 .text.st_dword
                0x0000729c       0x58 ./fatfs/fatfs_source/ff.o
 .text.mem_cpy  0x000072f4       0x42 ./fatfs/fatfs_source/ff.o
 .text.mem_set  0x00007336       0x34 ./fatfs/fatfs_source/ff.o
 .text.mem_cmp  0x0000736a       0x4e ./fatfs/fatfs_source/ff.o
 .text.chk_chr  0x000073b8       0x36 ./fatfs/fatfs_source/ff.o
 .text.dbc_1st  0x000073ee       0x40 ./fatfs/fatfs_source/ff.o
 .text.dbc_2nd  0x0000742e       0x54 ./fatfs/fatfs_source/ff.o
 .text.sync_window
                0x00007482       0x78 ./fatfs/fatfs_source/ff.o
 .text.move_window
                0x000074fa       0x5a ./fatfs/fatfs_source/ff.o
 .text.clst2sect
                0x00007554       0x3e ./fatfs/fatfs_source/ff.o
 .text.get_fat  0x00007592      0x14a ./fatfs/fatfs_source/ff.o
 .text.put_fat  0x000076dc      0x1ce ./fatfs/fatfs_source/ff.o
 .text.remove_chain
                0x000078aa       0xca ./fatfs/fatfs_source/ff.o
 .text.create_chain
                0x00007974      0x1a2 ./fatfs/fatfs_source/ff.o
 .text.dir_clear
                0x00007b16       0x90 ./fatfs/fatfs_source/ff.o
 .text.dir_sdi  0x00007ba6       0xf6 ./fatfs/fatfs_source/ff.o
 .text.dir_next
                0x00007c9c      0x12c ./fatfs/fatfs_source/ff.o
 .text.dir_alloc
                0x00007dc8       0x8e ./fatfs/fatfs_source/ff.o
 .text.ld_clust
                0x00007e56       0x3e ./fatfs/fatfs_source/ff.o
 .text.st_clust
                0x00007e94       0x40 ./fatfs/fatfs_source/ff.o
 .text.dir_find
                0x00007ed4       0xaa ./fatfs/fatfs_source/ff.o
 .text.dir_register
                0x00007f7e       0x64 ./fatfs/fatfs_source/ff.o
 .text.get_fileinfo
                0x00007fe2       0xc6 ./fatfs/fatfs_source/ff.o
 .text.follow_path
                0x000080a8      0x11c ./fatfs/fatfs_source/ff.o
 .text.f_stat   0x000081c4       0x72 ./fatfs/fatfs_source/ff.o
                0x000081c4                f_stat
 .text.sd_disk_status
                0x00008236       0x22 ./fatfs/fatfs_source/fsl_sd_disk.o
                0x00008236                sd_disk_status
 .text.CLOCK_SetFLASHAccessCycles
                0x00008258       0x34 ./drivers/fsl_clock.o
 .text.CLOCK_IsSystemPLLLocked
                0x0000828c       0x24 ./drivers/fsl_clock.o
 .text.CLOCK_Enable_SysOsc
                0x000082b0       0x5c ./drivers/fsl_clock.o
 .text.POWER_EnablePD
                0x0000830c       0x2e ./drivers/fsl_clock.o
 .text.POWER_DisablePD
                0x0000833a       0x2e ./drivers/fsl_clock.o
 .text.CLOCK_GetMclkClkFreq
                0x00008368       0x62 ./drivers/fsl_clock.o
                0x00008368                CLOCK_GetMclkClkFreq
 .text.CLOCK_GetLcdClkIn
                0x000083ca       0x10 ./drivers/fsl_clock.o
                0x000083ca                CLOCK_GetLcdClkIn
 .text.CLOCK_GetOsc32KFreq
                0x000083da       0x12 ./drivers/fsl_clock.o
                0x000083da                CLOCK_GetOsc32KFreq
 .text.CLOCK_GetCoreSysClkFreq
                0x000083ec       0x8c ./drivers/fsl_clock.o
                0x000083ec                CLOCK_GetCoreSysClkFreq
 .text.CLOCK_GetI2SMClkFreq
                0x00008478       0x10 ./drivers/fsl_clock.o
                0x00008478                CLOCK_GetI2SMClkFreq
 .text.FLEXCOMM_PeripheralIsPresent
                0x00008488       0x64 ./drivers/fsl_flexcomm.o
 .text.FLEXCOMM_SetPeriph
                0x000084ec       0x74 ./drivers/fsl_flexcomm.o
 .text.GPIO_PinInit
                0x00008560       0xa0 ./drivers/fsl_gpio.o
                0x00008560                GPIO_PinInit
 .text.RESET_PeripheralReset
                0x00008600       0x1c ./drivers/fsl_reset.o
                0x00008600                RESET_PeripheralReset
 .text.EnableIRQ
                0x0000861c       0x2c ./drivers/fsl_sdif.o
 .text.SDIF_EnableCardClock
                0x00008648       0x38 ./drivers/fsl_sdif.o
 .text.SDIF_DetectCardInsert
                0x00008680       0x46 ./drivers/fsl_sdif.o
 .text.SDIF_EnableGlobalInterrupt
                0x000086c6       0x38 ./drivers/fsl_sdif.o
 .text.SDIF_EnableInterrupt
                0x000086fe       0x22 ./drivers/fsl_sdif.o
 .text.SDIF_GetInterruptStatus
                0x00008720       0x18 ./drivers/fsl_sdif.o
 .text.SDIF_ClearInterruptStatus
                0x00008738       0x22 ./drivers/fsl_sdif.o
 .text.SDIF_GetInternalDMAStatus
                0x0000875a       0x1a ./drivers/fsl_sdif.o
 .text.SDIF_ClearInternalDMAStatus
                0x00008774       0x26 ./drivers/fsl_sdif.o
 .text.SDIF_EnableInternalDMA
                0x0000879a       0x58 ./drivers/fsl_sdif.o
 .text.SDIF_TransferConfig
                0x000087f2      0x16e ./drivers/fsl_sdif.o
 .text.SDIF_ReadCommandResponse
                0x00008960       0x82 ./drivers/fsl_sdif.o
 .text.SDIF_ReadDataPort
                0x000089e2       0xba ./drivers/fsl_sdif.o
 .text.SDIF_WriteDataPort
                0x00008a9c       0xb8 ./drivers/fsl_sdif.o
 .text.SDIF_Reset
                0x00008b54       0x6c ./drivers/fsl_sdif.o
                0x00008b54                SDIF_Reset
 .text.SDIF_SendCardActive
                0x00008bc0       0x92 ./drivers/fsl_sdif.o
                0x00008bc0                SDIF_SendCardActive
 .text.SDIF_SetCardBusWidth
                0x00008c52       0x56 ./drivers/fsl_sdif.o
                0x00008c52                SDIF_SetCardBusWidth
 .text.SDIF_TransferHandleDMA
                0x00008ca8       0x92 ./drivers/fsl_sdif.o
 .text.SDIF_TransferHandleSDIOInterrupt
                0x00008d3a       0x28 ./drivers/fsl_sdif.o
 .text.SDIF_TransferHandleCardDetect
                0x00008d62       0x4e ./drivers/fsl_sdif.o
 .text.SystemInitHook
                0x00008db0        0xe ./device/system_LPC54628.o
                0x00008db0                SystemInitHook
 .text.HAL_UartGetStatus
                0x00008dbe       0x22 ./component/uart/usart_adapter.o
 .text.POWER_DisablePD
                0x00008de0       0x2e ./board/clock_config.o
 .text.BOARD_InitBootClocks
                0x00008e0e        0xc ./board/clock_config.o
                0x00008e0e                BOARD_InitBootClocks
 .text.BOARD_InitPeripherals
                0x00008e1a        0xe ./board/peripherals.o
                0x00008e1a                BOARD_InitPeripherals
 .text.BOARD_InitBootPeripherals
                0x00008e28        0xc ./board/peripherals.o
                0x00008e28                BOARD_InitBootPeripherals
 .text.IOCON_PinMuxSet
                0x00008e34       0x2e ./board/pin_mux.o
 .text.BOARD_InitBootPins
                0x00008e62       0x10 ./board/pin_mux.o
                0x00008e62                BOARD_InitBootPins
 .text.BOARD_InitPins
                0x00008e72       0x10 ./board/pin_mux.o
                0x00008e72                BOARD_InitPins
 .text.__main   0x00008e82        0xe c:/nxp/mcuxpressoide_10.3.1_2233/ide/plugins/com.nxp.mcuxpresso.tools.win32_10.3.0.201811011841/tools/bin/../lib/gcc/arm-none-eabi/7.3.1/../../../../arm-none-eabi/lib/thumb/v7e-m/fpv4-sp/hard\libcr_semihost_nf.a(_cr__main.o)
                0x00008e82                __CR_SEMIHOST
                0x00008e82                __main
 .text.memcpy   0x00008e90        0x4 c:/nxp/mcuxpressoide_10.3.1_2233/ide/plugins/com.nxp.mcuxpresso.tools.win32_10.3.0.201811011841/tools/bin/../lib/gcc/arm-none-eabi/7.3.1/../../../../arm-none-eabi/lib/thumb/v7e-m/fpv4-sp/hard\libcr_c.a(memcpy.o)
                0x00008e90                memcpy
 .text.memset   0x00008e94        0x4 c:/nxp/mcuxpressoide_10.3.1_2233/ide/plugins/com.nxp.mcuxpresso.tools.win32_10.3.0.201811011841/tools/bin/../lib/gcc/arm-none-eabi/7.3.1/../../../../arm-none-eabi/lib/thumb/v7e-m/fpv4-sp/hard\libcr_c.a(memset.o)
                0x00008e94                memset
 .text._deferredlazyseek
                0x00008e98       0x40 c:/nxp/mcuxpressoide_10.3.1_2233/ide/plugins/com.nxp.mcuxpresso.tools.win32_10.3.0.201811011841/tools/bin/../lib/gcc/arm-none-eabi/7.3.1/../../../../arm-none-eabi/lib/thumb/v7e-m/fpv4-sp/hard\libcr_c.a(_deferredlazyseek.o)
                0x00008e98                _deferredlazyseek
 .text.__flsbuf
                0x00008ed8      0x140 c:/nxp/mcuxpressoide_10.3.1_2233/ide/plugins/com.nxp.mcuxpresso.tools.win32_10.3.0.201811011841/tools/bin/../lib/gcc/arm-none-eabi/7.3.1/../../../../arm-none-eabi/lib/thumb/v7e-m/fpv4-sp/hard\libcr_c.a(_deferredlazyseek.o)
                0x00008ed8                __flsbuf
 .text._fflush  0x00009018       0x52 c:/nxp/mcuxpressoide_10.3.1_2233/ide/plugins/com.nxp.mcuxpresso.tools.win32_10.3.0.201811011841/tools/bin/../lib/gcc/arm-none-eabi/7.3.1/../../../../arm-none-eabi/lib/thumb/v7e-m/fpv4-sp/hard\libcr_c.a(_fflush.o)
                0x00009018                _fflush
 .text.free     0x0000906a       0x30 c:/nxp/mcuxpressoide_10.3.1_2233/ide/plugins/com.nxp.mcuxpresso.tools.win32_10.3.0.201811011841/tools/bin/../lib/gcc/arm-none-eabi/7.3.1/../../../../arm-none-eabi/lib/thumb/v7e-m/fpv4-sp/hard\libcr_c.a(alloc.o)
                0x0000906a                free
 .text.fputs    0x0000909a       0x2c c:/nxp/mcuxpressoide_10.3.1_2233/ide/plugins/com.nxp.mcuxpresso.tools.win32_10.3.0.201811011841/tools/bin/../lib/gcc/arm-none-eabi/7.3.1/../../../../arm-none-eabi/lib/thumb/v7e-m/fpv4-sp/hard\libcr_c.a(fputs.o)
                0x0000909a                fputs
 .text.no_fp_display
                0x000090c6        0x4 c:/nxp/mcuxpressoide_10.3.1_2233/ide/plugins/com.nxp.mcuxpresso.tools.win32_10.3.0.201811011841/tools/bin/../lib/gcc/arm-none-eabi/7.3.1/../../../../arm-none-eabi/lib/thumb/v7e-m/fpv4-sp/hard\libcr_c.a(printf.o)
 .text.strlen   0x000090ca       0x4a c:/nxp/mcuxpressoide_10.3.1_2233/ide/plugins/com.nxp.mcuxpresso.tools.win32_10.3.0.201811011841/tools/bin/../lib/gcc/arm-none-eabi/7.3.1/../../../../arm-none-eabi/lib/thumb/v7e-m/fpv4-sp/hard\libcr_c.a(strlen.o)
                0x000090ca                strlen
 .text._fdopen  0x00009114       0x68 c:/nxp/mcuxpressoide_10.3.1_2233/ide/plugins/com.nxp.mcuxpresso.tools.win32_10.3.0.201811011841/tools/bin/../lib/gcc/arm-none-eabi/7.3.1/../../../../arm-none-eabi/lib/thumb/v7e-m/fpv4-sp/hard\libcr_c.a(_fdopen.o)
                0x00009114                _fdopen
 .text.fclose   0x0000917c       0x58 c:/nxp/mcuxpressoide_10.3.1_2233/ide/plugins/com.nxp.mcuxpresso.tools.win32_10.3.0.201811011841/tools/bin/../lib/gcc/arm-none-eabi/7.3.1/../../../../arm-none-eabi/lib/thumb/v7e-m/fpv4-sp/hard\libcr_c.a(fclose.o)
                0x0000917c                fclose
 .text.remove   0x000091d4       0x14 c:/nxp/mcuxpressoide_10.3.1_2233/ide/plugins/com.nxp.mcuxpresso.tools.win32_10.3.0.201811011841/tools/bin/../lib/gcc/arm-none-eabi/7.3.1/../../../../arm-none-eabi/lib/thumb/v7e-m/fpv4-sp/hard\libcr_c.a(remove.o)
                0x000091d4                remove
 .text._do_fflush
                0x000091e8       0x40 c:/nxp/mcuxpressoide_10.3.1_2233/ide/plugins/com.nxp.mcuxpresso.tools.win32_10.3.0.201811011841/tools/bin/../lib/gcc/arm-none-eabi/7.3.1/../../../../arm-none-eabi/lib/thumb/v7e-m/fpv4-sp/hard\libcr_c.a(_do_fflush.o)
                0x000091e8                _do_fflush
 .text.__aeabi_memcpy
                0x00009228       0x34 c:/nxp/mcuxpressoide_10.3.1_2233/ide/plugins/com.nxp.mcuxpresso.tools.win32_10.3.0.201811011841/tools/bin/../lib/gcc/arm-none-eabi/7.3.1/thumb/v7e-m/fpv4-sp/hard\libcr_eabihelpers.a(memcpy.o)
                0x00009228                __aeabi_memcpy
                0x00009232                __aeabi_memcpy8
                0x00009232                __aeabi_memcpy4
 .text.__aeabi_memset_lowlevel
                0x0000925c       0x32 c:/nxp/mcuxpressoide_10.3.1_2233/ide/plugins/com.nxp.mcuxpresso.tools.win32_10.3.0.201811011841/tools/bin/../lib/gcc/arm-none-eabi/7.3.1/thumb/v7e-m/fpv4-sp/hard\libcr_eabihelpers.a(memcpy.o)
                0x0000925c                __aeabi_lowlevel_memset
 .text.__sys_close
                0x0000928e        0xc c:/nxp/mcuxpressoide_10.3.1_2233/ide/plugins/com.nxp.mcuxpresso.tools.win32_10.3.0.201811011841/tools/bin/../lib/gcc/arm-none-eabi/7.3.1/../../../../arm-none-eabi/lib/thumb/v7e-m/fpv4-sp/hard\libcr_semihost_nf.a(__sys_close.o)
                0x0000928e                __sys_close
 .text.__sys_flen
                0x0000929a        0xc c:/nxp/mcuxpressoide_10.3.1_2233/ide/plugins/com.nxp.mcuxpresso.tools.win32_10.3.0.201811011841/tools/bin/../lib/gcc/arm-none-eabi/7.3.1/../../../../arm-none-eabi/lib/thumb/v7e-m/fpv4-sp/hard\libcr_semihost_nf.a(__sys_flen.o)
                0x0000929a                __sys_flen
 .text.__sys_istty
                0x000092a6        0xc c:/nxp/mcuxpressoide_10.3.1_2233/ide/plugins/com.nxp.mcuxpresso.tools.win32_10.3.0.201811011841/tools/bin/../lib/gcc/arm-none-eabi/7.3.1/../../../../arm-none-eabi/lib/thumb/v7e-m/fpv4-sp/hard\libcr_semihost_nf.a(__sys_istty.o)
                0x000092a6                __sys_istty
 .text.__sys_remove
                0x000092b2        0xc c:/nxp/mcuxpressoide_10.3.1_2233/ide/plugins/com.nxp.mcuxpresso.tools.win32_10.3.0.201811011841/tools/bin/../lib/gcc/arm-none-eabi/7.3.1/../../../../arm-none-eabi/lib/thumb/v7e-m/fpv4-sp/hard\libcr_semihost_nf.a(__sys_remove.o)
                0x000092b2                __sys_remove
 .text.__sys_seek
                0x000092be        0xc c:/nxp/mcuxpressoide_10.3.1_2233/ide/plugins/com.nxp.mcuxpresso.tools.win32_10.3.0.201811011841/tools/bin/../lib/gcc/arm-none-eabi/7.3.1/../../../../arm-none-eabi/lib/thumb/v7e-m/fpv4-sp/hard\libcr_semihost_nf.a(__sys_seek.o)
                0x000092be                __sys_seek
 .text.__sys_tmpnam
                0x000092ca        0xc c:/nxp/mcuxpressoide_10.3.1_2233/ide/plugins/com.nxp.mcuxpresso.tools.win32_10.3.0.201811011841/tools/bin/../lib/gcc/arm-none-eabi/7.3.1/../../../../arm-none-eabi/lib/thumb/v7e-m/fpv4-sp/hard\libcr_semihost_nf.a(__sys_tmpnam.o)
                0x000092ca                __sys_tmpnam
 .text.__sys_write
                0x000092d6        0xc c:/nxp/mcuxpressoide_10.3.1_2233/ide/plugins/com.nxp.mcuxpresso.tools.win32_10.3.0.201811011841/tools/bin/../lib/gcc/arm-none-eabi/7.3.1/../../../../arm-none-eabi/lib/thumb/v7e-m/fpv4-sp/hard\libcr_semihost_nf.a(__sys_write.o)
                0x000092d6                __sys_write
 *(SORT_BY_ALIGNMENT(.rodata) SORT_BY_ALIGNMENT(.rodata.*) SORT_BY_ALIGNMENT(.constdata) SORT_BY_ALIGNMENT(.constdata.*))
 *fill*         0x000092e2        0x2 ff
 .rodata        0x000092e4      0x1b7 ./utilities/fsl_debug_console.o
 *fill*         0x0000949b        0x1 ff
 .rodata        0x0000949c       0xeb ./source/LPC54628J512_Project.o
 *fill*         0x00009587        0x1 ff
 .rodata        0x00009588      0x9ae ./sdmmc/src/fsl_sd.o
 *fill*         0x00009f36        0x2 ff
 .rodata        0x00009f38      0x14f ./sdmmc/src/fsl_sdmmc_common.o
 *fill*         0x0000a087        0x1 ff
 .rodata        0x0000a088       0x50 ./fatfs/fatfs_source/ff.o
 .rodata.wdtFreqLookup
                0x0000a0d8       0x20 ./drivers/fsl_clock.o
 .rodata.s_flexcommBaseAddrs
                0x0000a0f8       0x28 ./drivers/fsl_flexcomm.o
 .rodata.s_flexcommClocks
                0x0000a120       0x14 ./drivers/fsl_flexcomm.o
 .rodata.s_flexcommResets
                0x0000a134       0x28 ./drivers/fsl_flexcomm.o
 .rodata        0x0000a15c      0x258 ./drivers/fsl_flexcomm.o
 .rodata        0x0000a3b4       0x55 ./drivers/fsl_reset.o
 *fill*         0x0000a409        0x3 ff
 .rodata        0x0000a40c      0x319 ./drivers/fsl_sdif.o
 *fill*         0x0000a725        0x3 ff
 .rodata        0x0000a728      0x5d0 ./drivers/fsl_usart.o
 .rodata.s_UsartAdapterBase
                0x0000acf8       0x28 ./component/uart/usart_adapter.o
 .rodata        0x0000ad20      0x26f ./component/uart/usart_adapter.o
 *fill*         0x0000af8f        0x1 ff
 .rodata        0x0000af90      0x521 ./component/serial_manager/serial_manager.o
 *fill*         0x0000b4b1        0x3 ff
 .rodata        0x0000b4b4      0x244 ./component/serial_manager/serial_port_uart.o
 .rodata        0x0000b6f8       0x30 ./board/board.o
 .rodata.__num_Ciob_streams
                0x0000b728        0x4 c:/nxp/mcuxpressoide_10.3.1_2233/ide/plugins/com.nxp.mcuxpresso.tools.win32_10.3.0.201811011841/tools/bin/../lib/gcc/arm-none-eabi/7.3.1/../../../../arm-none-eabi/lib/thumb/v7e-m/fpv4-sp/hard\libcr_semihost_nf.a(__ciob.o)
                0x0000b728                __num_Ciob_streams
 .rodata.__assertion_failed.str1.1
                0x0000b72c       0x15 c:/nxp/mcuxpressoide_10.3.1_2233/ide/plugins/com.nxp.mcuxpresso.tools.win32_10.3.0.201811011841/tools/bin/../lib/gcc/arm-none-eabi/7.3.1/../../../../arm-none-eabi/lib/thumb/v7e-m/fpv4-sp/hard\libcr_semihost_nf.a(_cr_assert.o)
 .rodata._Csys_alloc.str1.1
                0x0000b741       0x18 c:/nxp/mcuxpressoide_10.3.1_2233/ide/plugins/com.nxp.mcuxpresso.tools.win32_10.3.0.201811011841/tools/bin/../lib/gcc/arm-none-eabi/7.3.1/../../../../arm-none-eabi/lib/thumb/v7e-m/fpv4-sp/hard\libcr_c.a(alloc.o)
 .rodata._initio.str1.1
                0x0000b759        0x4 c:/nxp/mcuxpressoide_10.3.1_2233/ide/plugins/com.nxp.mcuxpresso.tools.win32_10.3.0.201811011841/tools/bin/../lib/gcc/arm-none-eabi/7.3.1/../../../../arm-none-eabi/lib/thumb/v7e-m/fpv4-sp/hard\libcr_c.a(initio.o)
 .rodata.__vfprintf.str1.1
                0x0000b75d       0x35 c:/nxp/mcuxpressoide_10.3.1_2233/ide/plugins/com.nxp.mcuxpresso.tools.win32_10.3.0.201811011841/tools/bin/../lib/gcc/arm-none-eabi/7.3.1/../../../../arm-none-eabi/lib/thumb/v7e-m/fpv4-sp/hard\libcr_c.a(printf.o)
                                 0x38 (size before relaxing)
                0x0000b794                . = ALIGN (0x4)
 *fill*         0x0000b792        0x2 ff

.glue_7         0x0000b794        0x0
 .glue_7        0x0000b794        0x0 linker stubs

.glue_7t        0x0000b794        0x0
 .glue_7t       0x0000b794        0x0 linker stubs

.vfp11_veneer   0x0000b794        0x0
 .vfp11_veneer  0x0000b794        0x0 linker stubs

.v4_bx          0x0000b794        0x0
 .v4_bx         0x0000b794        0x0 linker stubs

.iplt           0x0000b794        0x0
 .iplt          0x0000b794        0x0 ./utilities/fsl_debug_console.o

.rel.dyn        0x0000b794        0x0
 .rel.iplt      0x0000b794        0x0 ./utilities/fsl_debug_console.o

.ARM.extab
 *(SORT_BY_ALIGNMENT(.ARM.extab*) SORT_BY_ALIGNMENT(.gnu.linkonce.armextab.*))
                0x0000b794                __exidx_start = .

.ARM.exidx
 *(SORT_BY_ALIGNMENT(.ARM.exidx*) SORT_BY_ALIGNMENT(.gnu.linkonce.armexidx.*))
                0x0000b794                __exidx_end = .
                0x0000b794                _etext = .

.m_usb_data
 *(SORT_BY_ALIGNMENT(m_usb_global))

.data_RAM2      0x04000000        0x0 load address 0x0000b794
 FILL mask 0xff
                [!provide]                PROVIDE (__start_data_RAM2 = .)
 *(SORT_BY_ALIGNMENT(.ramfunc.$RAM2))
 *(SORT_BY_ALIGNMENT(.ramfunc.$SRAMX))
 *(SORT_BY_ALIGNMENT(.data.$RAM2*))
 *(SORT_BY_ALIGNMENT(.data.$SRAMX*))
                0x04000000                . = ALIGN (0x4)
                [!provide]                PROVIDE (__end_data_RAM2 = .)

.data_RAM3      0x40100000        0x0 load address 0x0000b794
 FILL mask 0xff
                [!provide]                PROVIDE (__start_data_RAM3 = .)
 *(SORT_BY_ALIGNMENT(.ramfunc.$RAM3))
 *(SORT_BY_ALIGNMENT(.ramfunc.$USB_RAM))
 *(SORT_BY_ALIGNMENT(.data.$RAM3*))
 *(SORT_BY_ALIGNMENT(.data.$USB_RAM*))
                0x40100000                . = ALIGN (0x4)
                [!provide]                PROVIDE (__end_data_RAM3 = .)

.data_RAM4      0xa0000000        0x0 load address 0x0000b794
 FILL mask 0xff
                [!provide]                PROVIDE (__start_data_RAM4 = .)
 *(SORT_BY_ALIGNMENT(.ramfunc.$RAM4))
 *(SORT_BY_ALIGNMENT(.ramfunc.$BOARD_SDRAM))
 *(SORT_BY_ALIGNMENT(.data.$RAM4*))
 *(SORT_BY_ALIGNMENT(.data.$BOARD_SDRAM*))
                0xa0000000                . = ALIGN (0x4)
                [!provide]                PROVIDE (__end_data_RAM4 = .)

.uninit_RESERVED
                0x20000000        0x0
 *(SORT_BY_ALIGNMENT(.bss.$RESERVED*))
                0x20000000                . = ALIGN (0x4)
                0x20000000                _end_uninit_RESERVED = .

.data           0x20000000        0x8 load address 0x0000b794
 FILL mask 0xff
                0x20000000                _data = .
 *(SORT_BY_ALIGNMENT(vtable))
 *(SORT_BY_ALIGNMENT(.ramfunc*))
 *(SORT_BY_ALIGNMENT(.data*))
 .data.SystemCoreClock
                0x20000000        0x4 ./device/system_LPC54628.o
                0x20000000                SystemCoreClock
 .data.g_sdifTransferSuccessFlag
                0x20000004        0x1 ./sdmmc/port/fsl_sdmmc_host.o
                0x20000004                g_sdifTransferSuccessFlag
                0x20000008                . = ALIGN (0x4)
 *fill*         0x20000005        0x3 ff
                0x20000008                _edata = .

.igot.plt       0x20000008        0x0 load address 0x0000b79c
 .igot.plt      0x20000008        0x0 ./utilities/fsl_debug_console.o

.bss_RAM2       0x04000000        0x0
                [!provide]                PROVIDE (__start_bss_RAM2 = .)
 *(SORT_BY_ALIGNMENT(.bss.$RAM2*))
 *(SORT_BY_ALIGNMENT(.bss.$SRAMX*))
                0x04000000                . = ALIGN ((. != 0x0)?0x4:0x1)
                [!provide]                PROVIDE (__end_bss_RAM2 = .)

.bss_RAM3       0x40100000        0x0
                [!provide]                PROVIDE (__start_bss_RAM3 = .)
 *(SORT_BY_ALIGNMENT(.bss.$RAM3*))
 *(SORT_BY_ALIGNMENT(.bss.$USB_RAM*))
                0x40100000                . = ALIGN ((. != 0x0)?0x4:0x1)
                [!provide]                PROVIDE (__end_bss_RAM3 = .)

.bss_RAM4       0xa0000000        0x0
                [!provide]                PROVIDE (__start_bss_RAM4 = .)
 *(SORT_BY_ALIGNMENT(.bss.$RAM4*))
 *(SORT_BY_ALIGNMENT(.bss.$BOARD_SDRAM*))
                0xa0000000                . = ALIGN ((. != 0x0)?0x4:0x1)
                [!provide]                PROVIDE (__end_bss_RAM4 = .)

.bss            0x20000008      0x798
                0x20000008                _bss = .
 *(SORT_BY_ALIGNMENT(.bss*))
 .bss.s_debugConsoleState
                0x20000008       0x1c ./utilities/fsl_debug_console.o
 .bss.g_serialHandle
                0x20000024        0x4 ./utilities/fsl_debug_console.o
                0x20000024                g_serialHandle
 .bss.g_fileSystem
                0x20000028      0x234 ./source/LPC54628J512_Project.o
 .bss.g_sdmmc   0x2000025c      0x200 ./sdmmc/src/fsl_sdmmc_common.o
                0x2000025c                g_sdmmc
 .bss.g_eventCardDetect
                0x2000045c        0x4 ./sdmmc/port/fsl_sdmmc_event.o
 .bss.g_eventTransferComplete
                0x20000460        0x4 ./sdmmc/port/fsl_sdmmc_event.o
 .bss.g_eventTimeMilliseconds
                0x20000464        0x4 ./sdmmc/port/fsl_sdmmc_event.o
                0x20000464                g_eventTimeMilliseconds
 .bss.g_sdifHandle
                0x20000468       0x30 ./sdmmc/port/fsl_sdmmc_host.o
                0x20000468                g_sdifHandle
 .bss.s_sdifDmaTable
                0x20000498      0x100 ./sdmmc/port/fsl_sdmmc_host.o
 .bss.FatFs     0x20000598        0xc ./fatfs/fatfs_source/ff.o
 .bss.g_sd      0x200005a4       0xd4 ./fatfs/fatfs_source/fsl_sd_disk.o
                0x200005a4                g_sd
 .bss.s_Pll_Freq
                0x20000678        0x4 ./drivers/fsl_clock.o
 .bss.s_Usb_Pll_Freq
                0x2000067c        0x4 ./drivers/fsl_clock.o
 .bss.s_Audio_Pll_Freq
                0x20000680        0x4 ./drivers/fsl_clock.o
 .bss.s_flexcommIrqHandler
                0x20000684       0x28 ./drivers/fsl_flexcomm.o
 .bss.s_flexcommHandle
                0x200006ac       0x28 ./drivers/fsl_flexcomm.o
 .bss.s_sdifHandle
                0x200006d4        0x4 ./drivers/fsl_sdif.o
 .bss.s_sdifIsr
                0x200006d8        0x4 ./drivers/fsl_sdif.o
 .bss.__Ciob    0x200006dc       0xb4 c:/nxp/mcuxpressoide_10.3.1_2233/ide/plugins/com.nxp.mcuxpresso.tools.win32_10.3.0.201811011841/tools/bin/../lib/gcc/arm-none-eabi/7.3.1/../../../../arm-none-eabi/lib/thumb/v7e-m/fpv4-sp/hard\libcr_semihost_nf.a(__ciob.o)
                0x200006dc                __Ciob
 .bss.__end_of_heap
                0x20000790        0x4 c:/nxp/mcuxpressoide_10.3.1_2233/ide/plugins/com.nxp.mcuxpresso.tools.win32_10.3.0.201811011841/tools/bin/../lib/gcc/arm-none-eabi/7.3.1/../../../../arm-none-eabi/lib/thumb/v7e-m/fpv4-sp/hard\libcr_c.a(__init_alloc.o)
                0x20000790                __end_of_heap
 .bss.__heaps   0x20000794        0x4 c:/nxp/mcuxpressoide_10.3.1_2233/ide/plugins/com.nxp.mcuxpresso.tools.win32_10.3.0.201811011841/tools/bin/../lib/gcc/arm-none-eabi/7.3.1/../../../../arm-none-eabi/lib/thumb/v7e-m/fpv4-sp/hard\libcr_c.a(__init_alloc.o)
                0x20000794                __heaps
 .bss.errno     0x20000798        0x4 c:/nxp/mcuxpressoide_10.3.1_2233/ide/plugins/com.nxp.mcuxpresso.tools.win32_10.3.0.201811011841/tools/bin/../lib/gcc/arm-none-eabi/7.3.1/../../../../arm-none-eabi/lib/thumb/v7e-m/fpv4-sp/hard\libcr_c.a(errno.o)
                0x20000798                errno
 .bss.Fsid      0x2000079c        0x2 ./fatfs/fatfs_source/ff.o
 .bss.s_sdInsertedFlag
                0x2000079e        0x1 ./sdmmc/port/fsl_sdmmc_host.o
 .bss.CurrVol   0x2000079f        0x1 ./fatfs/fatfs_source/ff.o
 *(SORT_BY_ALIGNMENT(COMMON))
                0x200007a0                . = ALIGN (0x4)
                0x200007a0                _ebss = .
                [!provide]                PROVIDE (end = .)

.noinit_RAM2    0x04000000        0x0
 *(SORT_BY_ALIGNMENT(.noinit.$RAM2*))
 *(SORT_BY_ALIGNMENT(.noinit.$SRAMX*))
                0x04000000                . = ALIGN (0x4)

.noinit_RAM3    0x40100000        0x0
 *(SORT_BY_ALIGNMENT(.noinit.$RAM3*))
 *(SORT_BY_ALIGNMENT(.noinit.$USB_RAM*))
                0x40100000                . = ALIGN (0x4)

.noinit_RAM4    0xa0000000        0x0
 *(SORT_BY_ALIGNMENT(.noinit.$RAM4*))
 *(SORT_BY_ALIGNMENT(.noinit.$BOARD_SDRAM*))
                0xa0000000                . = ALIGN (0x4)

.noinit         0x200007a0        0x0
                0x200007a0                _noinit = .
 *(SORT_BY_ALIGNMENT(.noinit*))
                0x200007a0                . = ALIGN (0x4)
                0x200007a0                _end_noinit = .
                0x00001000                _HeapSize = 0x1000

.heap           0x200007a0     0x1000
                0x200007a0                _pvHeapStart = .
                0x200017a0                . = (. + _HeapSize)
 *fill*         0x200007a0     0x1000 
                0x200017a0                . = ALIGN (0x4)
                0x200017a0                _pvHeapLimit = .
                0x00001000                _StackSize = 0x1000

.heap2stackfill
                0x200017a0     0x1000
                0x200027a0                . = (. + _StackSize)
 *fill*         0x200017a0     0x1000 

.stack          0x20027000        0x0
                0x20027000                _vStackBase = .
                0x20027000                . = ALIGN (0x4)
                0x20028000                _vStackTop = (. + _StackSize)
                0xdffd0904                PROVIDE (__valid_user_code_checksum = (0x0 - ((((((_vStackTop + (ResetISR + 0x1)) + (NMI_Handler + 0x1)) + (HardFault_Handler + 0x1)) + (DEFINED (MemManage_Handler)?MemManage_Handler:0x0 + 0x1)) + (DEFINED (BusFault_Handler)?BusFault_Handler:0x0 + 0x1)) + (DEFINED (UsageFault_Handler)?UsageFault_Handler:0x0 + 0x1))))
                0x00000000                _image_start = LOADADDR (.text)
                0x0000b79c                _image_end = (LOADADDR (.data) + SIZEOF (.data))
                0x0000b79c                _image_size = (_image_end - _image_start)
OUTPUT(LPC54628J512_Project.axf elf32-littlearm)

.debug_info     0x00000000    0x1e8eb
 .debug_info    0x00000000      0x949 ./utilities/fsl_debug_console.o
 .debug_info    0x00000949      0x66a ./startup/startup_lpc54628.o
 .debug_info    0x00000fb3     0x294f ./source/LPC54628J512_Project.o
 .debug_info    0x00003902       0x3b ./source/semihost_hardfault.o
 .debug_info    0x0000393d     0x291b ./sdmmc/src/fsl_sd.o
 .debug_info    0x00006258      0xf3e ./sdmmc/src/fsl_sdmmc_common.o
 .debug_info    0x00007196      0xb1b ./sdmmc/port/fsl_sdmmc_event.o
 .debug_info    0x00007cb1     0x119b ./sdmmc/port/fsl_sdmmc_host.o
 .debug_info    0x00008e4c      0xe18 ./fatfs/fatfs_source/diskio.o
 .debug_info    0x00009c64     0x2069 ./fatfs/fatfs_source/ff.o
 .debug_info    0x0000bccd     0x125c ./fatfs/fatfs_source/fsl_sd_disk.o
 .debug_info    0x0000cf29     0x2f56 ./drivers/fsl_clock.o
 .debug_info    0x0000fe7f     0x1917 ./drivers/fsl_flexcomm.o
 .debug_info    0x00011796     0x15a9 ./drivers/fsl_gpio.o
 .debug_info    0x00012d3f      0xd3a ./drivers/fsl_reset.o
 .debug_info    0x00013a79     0x2c5c ./drivers/fsl_sdif.o
 .debug_info    0x000166d5     0x149c ./drivers/fsl_usart.o
 .debug_info    0x00017b71      0xe57 ./device/system_LPC54628.o
 .debug_info    0x000189c8      0xc97 ./component/uart/usart_adapter.o
 .debug_info    0x0001965f      0x6ea ./component/serial_manager/serial_manager.o
 .debug_info    0x00019d49      0x4a9 ./component/serial_manager/serial_port_uart.o
 .debug_info    0x0001a1f2     0x101b ./board/board.o
 .debug_info    0x0001b20d     0x1066 ./board/clock_config.o
 .debug_info    0x0001c273       0x4c ./board/peripherals.o
 .debug_info    0x0001c2bf     0x1297 ./board/pin_mux.o
 .debug_info    0x0001d556     0x1395 C:\Users\^_^\Documents\MCUXpressoIDE_10.3.1_2233\workspace\LPC54628J512_Project\libs\libpower_hardabi.a(fsl_power_lib.o)

.debug_abbrev   0x00000000     0x34b1
 .debug_abbrev  0x00000000      0x1ad ./utilities/fsl_debug_console.o
 .debug_abbrev  0x000001ad      0x151 ./startup/startup_lpc54628.o
 .debug_abbrev  0x000002fe      0x311 ./source/LPC54628J512_Project.o
 .debug_abbrev  0x0000060f       0x2f ./source/semihost_hardfault.o
 .debug_abbrev  0x0000063e      0x2a5 ./sdmmc/src/fsl_sd.o
 .debug_abbrev  0x000008e3      0x1be ./sdmmc/src/fsl_sdmmc_common.o
 .debug_abbrev  0x00000aa1      0x23d ./sdmmc/port/fsl_sdmmc_event.o
 .debug_abbrev  0x00000cde      0x2ba ./sdmmc/port/fsl_sdmmc_host.o
 .debug_abbrev  0x00000f98      0x206 ./fatfs/fatfs_source/diskio.o
 .debug_abbrev  0x0000119e      0x1fd ./fatfs/fatfs_source/ff.o
 .debug_abbrev  0x0000139b      0x1d9 ./fatfs/fatfs_source/fsl_sd_disk.o
 .debug_abbrev  0x00001574      0x337 ./drivers/fsl_clock.o
 .debug_abbrev  0x000018ab      0x2a6 ./drivers/fsl_flexcomm.o
 .debug_abbrev  0x00001b51      0x216 ./drivers/fsl_gpio.o
 .debug_abbrev  0x00001d67      0x16c ./drivers/fsl_reset.o
 .debug_abbrev  0x00001ed3      0x30e ./drivers/fsl_sdif.o
 .debug_abbrev  0x000021e1      0x33a ./drivers/fsl_usart.o
 .debug_abbrev  0x0000251b      0x1ee ./device/system_LPC54628.o
 .debug_abbrev  0x00002709      0x1e2 ./component/uart/usart_adapter.o
 .debug_abbrev  0x000028eb      0x163 ./component/serial_manager/serial_manager.o
 .debug_abbrev  0x00002a4e      0x148 ./component/serial_manager/serial_port_uart.o
 .debug_abbrev  0x00002b96      0x192 ./board/board.o
 .debug_abbrev  0x00002d28      0x1d2 ./board/clock_config.o
 .debug_abbrev  0x00002efa       0x47 ./board/peripherals.o
 .debug_abbrev  0x00002f41      0x22c ./board/pin_mux.o
 .debug_abbrev  0x0000316d      0x344 C:\Users\^_^\Documents\MCUXpressoIDE_10.3.1_2233\workspace\LPC54628J512_Project\libs\libpower_hardabi.a(fsl_power_lib.o)

.debug_aranges  0x00000000     0x11c0
 .debug_aranges
                0x00000000       0x50 ./utilities/fsl_debug_console.o
 .debug_aranges
                0x00000050      0x248 ./startup/startup_lpc54628.o
 .debug_aranges
                0x00000298       0x50 ./source/LPC54628J512_Project.o
 .debug_aranges
                0x000002e8       0x20 ./source/semihost_hardfault.o
 .debug_aranges
                0x00000308      0x190 ./sdmmc/src/fsl_sd.o
 .debug_aranges
                0x00000498       0x68 ./sdmmc/src/fsl_sdmmc_common.o
 .debug_aranges
                0x00000500       0x68 ./sdmmc/port/fsl_sdmmc_event.o
 .debug_aranges
                0x00000568       0xa8 ./sdmmc/port/fsl_sdmmc_host.o
 .debug_aranges
                0x00000610       0x40 ./fatfs/fatfs_source/diskio.o
 .debug_aranges
                0x00000650      0x208 ./fatfs/fatfs_source/ff.o
 .debug_aranges
                0x00000858       0x40 ./fatfs/fatfs_source/fsl_sd_disk.o
 .debug_aranges
                0x00000898      0x2c0 ./drivers/fsl_clock.o
 .debug_aranges
                0x00000b58       0x98 ./drivers/fsl_flexcomm.o
 .debug_aranges
                0x00000bf0       0x30 ./drivers/fsl_gpio.o
 .debug_aranges
                0x00000c20       0x30 ./drivers/fsl_reset.o
 .debug_aranges
                0x00000c50      0x178 ./drivers/fsl_sdif.o
 .debug_aranges
                0x00000dc8       0xd8 ./drivers/fsl_usart.o
 .debug_aranges
                0x00000ea0       0x68 ./device/system_LPC54628.o
 .debug_aranges
                0x00000f08       0x40 ./component/uart/usart_adapter.o
 .debug_aranges
                0x00000f48       0x88 ./component/serial_manager/serial_manager.o
 .debug_aranges
                0x00000fd0       0x38 ./component/serial_manager/serial_port_uart.o
 .debug_aranges
                0x00001008       0x28 ./board/board.o
 .debug_aranges
                0x00001030       0x50 ./board/clock_config.o
 .debug_aranges
                0x00001080       0x28 ./board/peripherals.o
 .debug_aranges
                0x000010a8       0xb0 ./board/pin_mux.o
 .debug_aranges
                0x00001158       0x68 C:\Users\^_^\Documents\MCUXpressoIDE_10.3.1_2233\workspace\LPC54628J512_Project\libs\libpower_hardabi.a(fsl_power_lib.o)

.debug_ranges   0x00000000     0x1050
 .debug_ranges  0x00000000       0x40 ./utilities/fsl_debug_console.o
 .debug_ranges  0x00000040      0x238 ./startup/startup_lpc54628.o
 .debug_ranges  0x00000278       0x40 ./source/LPC54628J512_Project.o
 .debug_ranges  0x000002b8       0x10 ./source/semihost_hardfault.o
 .debug_ranges  0x000002c8      0x180 ./sdmmc/src/fsl_sd.o
 .debug_ranges  0x00000448       0x58 ./sdmmc/src/fsl_sdmmc_common.o
 .debug_ranges  0x000004a0       0x58 ./sdmmc/port/fsl_sdmmc_event.o
 .debug_ranges  0x000004f8       0x98 ./sdmmc/port/fsl_sdmmc_host.o
 .debug_ranges  0x00000590       0x30 ./fatfs/fatfs_source/diskio.o
 .debug_ranges  0x000005c0      0x1f8 ./fatfs/fatfs_source/ff.o
 .debug_ranges  0x000007b8       0x30 ./fatfs/fatfs_source/fsl_sd_disk.o
 .debug_ranges  0x000007e8      0x2b0 ./drivers/fsl_clock.o
 .debug_ranges  0x00000a98       0x88 ./drivers/fsl_flexcomm.o
 .debug_ranges  0x00000b20       0x20 ./drivers/fsl_gpio.o
 .debug_ranges  0x00000b40       0x20 ./drivers/fsl_reset.o
 .debug_ranges  0x00000b60      0x168 ./drivers/fsl_sdif.o
 .debug_ranges  0x00000cc8       0xc8 ./drivers/fsl_usart.o
 .debug_ranges  0x00000d90       0x58 ./device/system_LPC54628.o
 .debug_ranges  0x00000de8       0x30 ./component/uart/usart_adapter.o
 .debug_ranges  0x00000e18       0x78 ./component/serial_manager/serial_manager.o
 .debug_ranges  0x00000e90       0x28 ./component/serial_manager/serial_port_uart.o
 .debug_ranges  0x00000eb8       0x18 ./board/board.o
 .debug_ranges  0x00000ed0       0x40 ./board/clock_config.o
 .debug_ranges  0x00000f10       0x18 ./board/peripherals.o
 .debug_ranges  0x00000f28       0xa0 ./board/pin_mux.o
 .debug_ranges  0x00000fc8       0x88 C:\Users\^_^\Documents\MCUXpressoIDE_10.3.1_2233\workspace\LPC54628J512_Project\libs\libpower_hardabi.a(fsl_power_lib.o)

.debug_macro    0x00000000     0x50cb
 .debug_macro   0x00000000      0x1b2 ./utilities/fsl_debug_console.o
 .debug_macro   0x000001b2       0x16 ./utilities/fsl_debug_console.o
 .debug_macro   0x000001c8       0x10 ./utilities/fsl_debug_console.o
 .debug_macro   0x000001d8       0x28 ./utilities/fsl_debug_console.o
 .debug_macro   0x00000200       0x54 ./utilities/fsl_debug_console.o
 .debug_macro   0x00000254       0x1c ./utilities/fsl_debug_console.o
 .debug_macro   0x00000270       0x32 ./startup/startup_lpc54628.o
 .debug_macro   0x000002a2       0x34 ./startup/startup_lpc54628.o
 .debug_macro   0x000002d6      0x234 ./source/LPC54628J512_Project.o
 .debug_macro   0x0000050a       0xd8 ./source/LPC54628J512_Project.o
 .debug_macro   0x000005e2       0x2f ./source/LPC54628J512_Project.o
 .debug_macro   0x00000611      0x23c ./source/LPC54628J512_Project.o
 .debug_macro   0x0000084d     0x1b49 ./source/LPC54628J512_Project.o
 .debug_macro   0x00002396       0x2e ./source/LPC54628J512_Project.o
 .debug_macro   0x000023c4       0xf4 ./source/LPC54628J512_Project.o
 .debug_macro   0x000024b8       0x58 ./source/LPC54628J512_Project.o
 .debug_macro   0x00002510      0x2e8 ./source/LPC54628J512_Project.o
 .debug_macro   0x000027f8      0x26c ./source/LPC54628J512_Project.o
 .debug_macro   0x00002a64       0x40 ./source/LPC54628J512_Project.o
 .debug_macro   0x00002aa4      0x105 ./source/LPC54628J512_Project.o
 .debug_macro   0x00002ba9       0xe8 ./source/LPC54628J512_Project.o
 .debug_macro   0x00002c91       0xb8 ./source/LPC54628J512_Project.o
 .debug_macro   0x00002d49       0x11 ./source/semihost_hardfault.o
 .debug_macro   0x00002d5a      0x188 ./sdmmc/src/fsl_sd.o
 .debug_macro   0x00002ee2       0x35 ./sdmmc/src/fsl_sd.o
 .debug_macro   0x00002f17      0x17e ./sdmmc/src/fsl_sdmmc_common.o
 .debug_macro   0x00003095      0x12c ./sdmmc/port/fsl_sdmmc_event.o
 .debug_macro   0x000031c1      0x170 ./sdmmc/port/fsl_sdmmc_host.o
 .debug_macro   0x00003331      0x1c4 ./fatfs/fatfs_source/diskio.o
 .debug_macro   0x000034f5       0xb2 ./fatfs/fatfs_source/diskio.o
 .debug_macro   0x000035a7      0x4c2 ./fatfs/fatfs_source/ff.o
 .debug_macro   0x00003a69       0xef ./fatfs/fatfs_source/ff.o
 .debug_macro   0x00003b58      0x1d0 ./fatfs/fatfs_source/fsl_sd_disk.o
 .debug_macro   0x00003d28      0x239 ./drivers/fsl_clock.o
 .debug_macro   0x00003f61       0x22 ./drivers/fsl_clock.o
 .debug_macro   0x00003f83      0x131 ./drivers/fsl_flexcomm.o
 .debug_macro   0x000040b4       0x10 ./drivers/fsl_flexcomm.o
 .debug_macro   0x000040c4      0x138 ./drivers/fsl_gpio.o
 .debug_macro   0x000041fc      0x128 ./drivers/fsl_reset.o
 .debug_macro   0x00004324      0x16d ./drivers/fsl_sdif.o
 .debug_macro   0x00004491       0x52 ./drivers/fsl_sdif.o
 .debug_macro   0x000044e3      0x140 ./drivers/fsl_usart.o
 .debug_macro   0x00004623       0x16 ./drivers/fsl_usart.o
 .debug_macro   0x00004639       0xdf ./device/system_LPC54628.o
 .debug_macro   0x00004718      0x147 ./component/uart/usart_adapter.o
 .debug_macro   0x0000485f       0x1c ./component/uart/usart_adapter.o
 .debug_macro   0x0000487b      0x151 ./component/serial_manager/serial_manager.o
 .debug_macro   0x000049cc      0x142 ./component/serial_manager/serial_port_uart.o
 .debug_macro   0x00004b0e       0x1c ./component/serial_manager/serial_port_uart.o
 .debug_macro   0x00004b2a      0x1ef ./board/board.o
 .debug_macro   0x00004d19       0x46 ./board/board.o
 .debug_macro   0x00004d5f      0x148 ./board/clock_config.o
 .debug_macro   0x00004ea7       0x1c ./board/clock_config.o
 .debug_macro   0x00004ec3       0x1b ./board/peripherals.o
 .debug_macro   0x00004ede      0x1ed ./board/pin_mux.o

.debug_line     0x00000000     0x9644
 .debug_line    0x00000000      0x447 ./utilities/fsl_debug_console.o
 .debug_line    0x00000447      0x550 ./startup/startup_lpc54628.o
 .debug_line    0x00000997      0x507 ./source/LPC54628J512_Project.o
 .debug_line    0x00000e9e       0x54 ./source/semihost_hardfault.o
 .debug_line    0x00000ef2      0xde2 ./sdmmc/src/fsl_sd.o
 .debug_line    0x00001cd4      0x4c0 ./sdmmc/src/fsl_sdmmc_common.o
 .debug_line    0x00002194      0x3a5 ./sdmmc/port/fsl_sdmmc_event.o
 .debug_line    0x00002539      0x4ff ./sdmmc/port/fsl_sdmmc_host.o
 .debug_line    0x00002a38      0x40e ./fatfs/fatfs_source/diskio.o
 .debug_line    0x00002e46     0x153b ./fatfs/fatfs_source/ff.o
 .debug_line    0x00004381      0x415 ./fatfs/fatfs_source/fsl_sd_disk.o
 .debug_line    0x00004796      0xebb ./drivers/fsl_clock.o
 .debug_line    0x00005651      0x4cb ./drivers/fsl_flexcomm.o
 .debug_line    0x00005b1c      0x2e0 ./drivers/fsl_gpio.o
 .debug_line    0x00005dfc      0x2fa ./drivers/fsl_reset.o
 .debug_line    0x000060f6      0x9df ./drivers/fsl_sdif.o
 .debug_line    0x00006ad5      0x7c7 ./drivers/fsl_usart.o
 .debug_line    0x0000729c      0x37a ./device/system_LPC54628.o
 .debug_line    0x00007616      0x398 ./component/uart/usart_adapter.o
 .debug_line    0x000079ae      0x4cb ./component/serial_manager/serial_manager.o
 .debug_line    0x00007e79      0x391 ./component/serial_manager/serial_port_uart.o
 .debug_line    0x0000820a      0x377 ./board/board.o
 .debug_line    0x00008581      0x363 ./board/clock_config.o
 .debug_line    0x000088e4       0x69 ./board/peripherals.o
 .debug_line    0x0000894d      0x8da ./board/pin_mux.o
 .debug_line    0x00009227      0x41d C:\Users\^_^\Documents\MCUXpressoIDE_10.3.1_2233\workspace\LPC54628J512_Project\libs\libpower_hardabi.a(fsl_power_lib.o)

.debug_str      0x00000000    0xa34e7
 .debug_str     0x00000000    0x8959e ./utilities/fsl_debug_console.o
                              0x896ab (size before relaxing)
 .debug_str     0x0008959e      0x724 ./startup/startup_lpc54628.o
                               0x3517 (size before relaxing)
 .debug_str     0x00089cc2     0xe501 ./source/LPC54628J512_Project.o
                              0x97420 (size before relaxing)
 .debug_str     0x000981c3       0x1f ./source/semihost_hardfault.o
                               0x2dd4 (size before relaxing)
 .debug_str     0x000981e2     0x1ad4 ./sdmmc/src/fsl_sd.o
                              0x8e496 (size before relaxing)
 .debug_str     0x00099cb6       0xc6 ./sdmmc/src/fsl_sdmmc_common.o
                              0x8cdce (size before relaxing)
 .debug_str     0x00099d7c      0x5fa ./sdmmc/port/fsl_sdmmc_event.o
                              0x88cfd (size before relaxing)
 .debug_str     0x0009a376      0x693 ./sdmmc/port/fsl_sdmmc_host.o
                              0x8b8d9 (size before relaxing)
 .debug_str     0x0009aa09       0x67 ./fatfs/fatfs_source/diskio.o
                              0x8c3c0 (size before relaxing)
 .debug_str     0x0009aa70     0x3ace ./fatfs/fatfs_source/ff.o
                               0x7322 (size before relaxing)
 .debug_str     0x0009e53e       0x7d ./fatfs/fatfs_source/fsl_sd_disk.o
                              0x8d1b4 (size before relaxing)
 .debug_str     0x0009e5bb     0x1828 ./drivers/fsl_clock.o
                              0x8b855 (size before relaxing)
 .debug_str     0x0009fde3      0x7e9 ./drivers/fsl_flexcomm.o
                              0x89f61 (size before relaxing)
 .debug_str     0x000a05cc      0x107 ./drivers/fsl_gpio.o
                              0x89932 (size before relaxing)
 .debug_str     0x000a06d3       0xae ./drivers/fsl_reset.o
                              0x8892c (size before relaxing)
 .debug_str     0x000a0781      0x9b8 ./drivers/fsl_sdif.o
                              0x8b301 (size before relaxing)
 .debug_str     0x000a1139      0xa5e ./drivers/fsl_usart.o
                              0x8980a (size before relaxing)
 .debug_str     0x000a1b97       0xc3 ./device/system_LPC54628.o
                              0x86701 (size before relaxing)
 .debug_str     0x000a1c5a      0x324 ./component/uart/usart_adapter.o
                              0x89364 (size before relaxing)
 .debug_str     0x000a1f7e      0x365 ./component/serial_manager/serial_manager.o
                              0x88507 (size before relaxing)
 .debug_str     0x000a22e3       0xfc ./component/serial_manager/serial_port_uart.o
                              0x885b4 (size before relaxing)
 .debug_str     0x000a23df      0x76d ./board/board.o
                              0x8b4bc (size before relaxing)
 .debug_str     0x000a2b4c       0xaa ./board/clock_config.o
                              0x89460 (size before relaxing)
 .debug_str     0x000a2bf6       0x47 ./board/peripherals.o
                               0x2dfb (size before relaxing)
 .debug_str     0x000a2c3d      0x42e ./board/pin_mux.o
                              0x91277 (size before relaxing)
 .debug_str     0x000a306b      0x47c C:\Users\^_^\Documents\MCUXpressoIDE_10.3.1_2233\workspace\LPC54628J512_Project\libs\libpower_hardabi.a(fsl_power_lib.o)
                                0xc4a (size before relaxing)

.comment        0x00000000       0xfd
 .comment       0x00000000       0x7f ./utilities/fsl_debug_console.o
                                 0x80 (size before relaxing)
 .comment       0x0000007f       0x80 ./startup/startup_lpc54628.o
 .comment       0x0000007f       0x80 ./source/LPC54628J512_Project.o
 .comment       0x0000007f       0x80 ./source/semihost_hardfault.o
 .comment       0x0000007f       0x80 ./sdmmc/src/fsl_sd.o
 .comment       0x0000007f       0x80 ./sdmmc/src/fsl_sdmmc_common.o
 .comment       0x0000007f       0x80 ./sdmmc/port/fsl_sdmmc_event.o
 .comment       0x0000007f       0x80 ./sdmmc/port/fsl_sdmmc_host.o
 .comment       0x0000007f       0x80 ./fatfs/fatfs_source/diskio.o
 .comment       0x0000007f       0x80 ./fatfs/fatfs_source/ff.o
 .comment       0x0000007f       0x80 ./fatfs/fatfs_source/fsl_sd_disk.o
 .comment       0x0000007f       0x80 ./drivers/fsl_clock.o
 .comment       0x0000007f       0x80 ./drivers/fsl_flexcomm.o
 .comment       0x0000007f       0x80 ./drivers/fsl_gpio.o
 .comment       0x0000007f       0x80 ./drivers/fsl_reset.o
 .comment       0x0000007f       0x80 ./drivers/fsl_sdif.o
 .comment       0x0000007f       0x80 ./drivers/fsl_usart.o
 .comment       0x0000007f       0x80 ./device/system_LPC54628.o
 .comment       0x0000007f       0x80 ./component/uart/usart_adapter.o
 .comment       0x0000007f       0x80 ./component/serial_manager/serial_manager.o
 .comment       0x0000007f       0x80 ./component/serial_manager/serial_port_uart.o
 .comment       0x0000007f       0x80 ./board/board.o
 .comment       0x0000007f       0x80 ./board/clock_config.o
 .comment       0x0000007f       0x80 ./board/peripherals.o
 .comment       0x0000007f       0x80 ./board/pin_mux.o
 .comment       0x0000007f       0x7e C:\Users\^_^\Documents\MCUXpressoIDE_10.3.1_2233\workspace\LPC54628J512_Project\libs\libpower_hardabi.a(fsl_power_lib.o)
                                 0x7f (size before relaxing)
 .comment       0x000000fd       0x80 c:/nxp/mcuxpressoide_10.3.1_2233/ide/plugins/com.nxp.mcuxpresso.tools.win32_10.3.0.201811011841/tools/bin/../lib/gcc/arm-none-eabi/7.3.1/../../../../arm-none-eabi/lib/thumb/v7e-m/fpv4-sp/hard\libcr_semihost_nf.a(_cr__main.o)
 .comment       0x000000fd       0x80 c:/nxp/mcuxpressoide_10.3.1_2233/ide/plugins/com.nxp.mcuxpresso.tools.win32_10.3.0.201811011841/tools/bin/../lib/gcc/arm-none-eabi/7.3.1/../../../../arm-none-eabi/lib/thumb/v7e-m/fpv4-sp/hard\libcr_semihost_nf.a(_cr_assert.o)
 .comment       0x000000fd       0x80 c:/nxp/mcuxpressoide_10.3.1_2233/ide/plugins/com.nxp.mcuxpresso.tools.win32_10.3.0.201811011841/tools/bin/../lib/gcc/arm-none-eabi/7.3.1/../../../../arm-none-eabi/lib/thumb/v7e-m/fpv4-sp/hard\libcr_semihost_nf.a(__ciob.o)
 .comment       0x000000fd       0x80 c:/nxp/mcuxpressoide_10.3.1_2233/ide/plugins/com.nxp.mcuxpresso.tools.win32_10.3.0.201811011841/tools/bin/../lib/gcc/arm-none-eabi/7.3.1/../../../../arm-none-eabi/lib/thumb/v7e-m/fpv4-sp/hard\libcr_c.a(memcpy.o)
 .comment       0x000000fd       0x80 c:/nxp/mcuxpressoide_10.3.1_2233/ide/plugins/com.nxp.mcuxpresso.tools.win32_10.3.0.201811011841/tools/bin/../lib/gcc/arm-none-eabi/7.3.1/../../../../arm-none-eabi/lib/thumb/v7e-m/fpv4-sp/hard\libcr_c.a(memset.o)
 .comment       0x000000fd       0x80 c:/nxp/mcuxpressoide_10.3.1_2233/ide/plugins/com.nxp.mcuxpresso.tools.win32_10.3.0.201811011841/tools/bin/../lib/gcc/arm-none-eabi/7.3.1/../../../../arm-none-eabi/lib/thumb/v7e-m/fpv4-sp/hard\libcr_c.a(_deferredlazyseek.o)