Archive member included to satisfy reference by file (symbol)

C:\Users\^_^\Documents\MCUXpressoIDE_10.3.1_2233\workspace\LPC54628J512_Project\libs\libpower_hardabi.a(fsl_power_lib.o)
                              ./drivers/fsl_clock.o (POWER_SetVoltageForFreq)
c:/nxp/mcuxpressoide_10.3.1_2233/ide/plugins/com.nxp.mcuxpresso.tools.win32_10.3.0.201811011841/tools/bin/../lib/gcc/arm-none-eabi/7.3.1/../../../../arm-none-eabi/lib/thumb/v7e-m/fpv4-sp/hard\libcr_semihost_nf.a(_cr__main.o)
                              ./startup/startup_lpc54628.o (__main)
c:/nxp/mcuxpressoide_10.3.1_2233/ide/plugins/com.nxp.mcuxpresso.tools.win32_10.3.0.201811011841/tools/bin/../lib/gcc/arm-none-eabi/7.3.1/../../../../arm-none-eabi/lib/thumb/v7e-m/fpv4-sp/hard\libcr_semihost_nf.a(_cr_assert.o)
                              ./utilities/fsl_debug_console.o (__assertion_failed)
c:/nxp/mcuxpressoide_10.3.1_2233/ide/plugins/com.nxp.mcuxpresso.tools.win32_10.3.0.201811011841/tools/bin/../lib/gcc/arm-none-eabi/7.3.1/../../../../arm-none-eabi/lib/thumb/v7e-m/fpv4-sp/hard\libcr_semihost_nf.a(__ciob.o)
                              c:/nxp/mcuxpressoide_10.3.1_2233/ide/plugins/com.nxp.mcuxpresso.tools.win32_10.3.0.201811011841/tools/bin/../lib/gcc/arm-none-eabi/7.3.1/../../../../arm-none-eabi/lib/thumb/v7e-m/fpv4-sp/hard\libcr_semihost_nf.a(_cr_assert.o) (__Ciob)
c:/nxp/mcuxpressoide_10.3.1_2233/ide/plugins/com.nxp.mcuxpresso.tools.win32_10.3.0.201811011841/tools/bin/../lib/gcc/arm-none-eabi/7.3.1/../../../../arm-none-eabi/lib/thumb/v7e-m/fpv4-sp/hard\libcr_semihost_nf.a(__sys_appexit.o)
                              c:/nxp/mcuxpressoide_10.3.1_2233/ide/plugins/com.nxp.mcuxpresso.tools.win32_10.3.0.201811011841/tools/bin/../lib/gcc/arm-none-eabi/7.3.1/../../../../arm-none-eabi/lib/thumb/v7e-m/fpv4-sp/hard\libcr_semihost_nf.a(_cr_assert.o) (__sys_appexit)
c:/nxp/mcuxpressoide_10.3.1_2233/ide/plugins/com.nxp.mcuxpresso.tools.win32_10.3.0.201811011841/tools/bin/../lib/gcc/arm-none-eabi/7.3.1/../../../../arm-none-eabi/lib/thumb/v7e-m/fpv4-sp/hard\libcr_c.a(memcpy.o)
                              ./sdmmc/src/fsl_sd.o (memcpy)
c:/nxp/mcuxpressoide_10.3.1_2233/ide/plugins/com.nxp.mcuxpresso.tools.win32_10.3.0.201811011841/tools/bin/../lib/gcc/arm-none-eabi/7.3.1/../../../../arm-none-eabi/lib/thumb/v7e-m/fpv4-sp/hard\libcr_c.a(memset.o)
                              ./utilities/fsl_debug_console.o (memset)
c:/nxp/mcuxpressoide_10.3.1_2233/ide/plugins/com.nxp.mcuxpresso.tools.win32_10.3.0.201811011841/tools/bin/../lib/gcc/arm-none-eabi/7.3.1/../../../../arm-none-eabi/lib/thumb/v7e-m/fpv4-sp/hard\libcr_c.a(_deferredlazyseek.o)
                              c:/nxp/mcuxpressoide_10.3.1_2233/ide/plugins/com.nxp.mcuxpresso.tools.win32_10.3.0.201811011841/tools/bin/../lib/gcc/arm-none-eabi/7.3.1/../../../../arm-none-eabi/lib/thumb/v7e-m/fpv4-sp/hard\libcr_semihost_nf.a(_cr_assert.o) (__flsbuf)
c:/nxp/mcuxpressoide_10.3.1_2233/ide/plugins/com.nxp.mcuxpresso.tools.win32_10.3.0.201811011841/tools/bin/../lib/gcc/arm-none-eabi/7.3.1/../../../../arm-none-eabi/lib/thumb/v7e-m/fpv4-sp/hard\libcr_c.a(_fflush.o)
                              c:/nxp/mcuxpressoide_10.3.1_2233/ide/plugins/com.nxp.mcuxpresso.tools.win32_10.3.0.201811011841/tools/bin/../lib/gcc/arm-none-eabi/7.3.1/../../../../arm-none-eabi/lib/thumb/v7e-m/fpv4-sp/hard\libcr_c.a(_deferredlazyseek.o) (_fflush)
c:/nxp/mcuxpressoide_10.3.1_2233/ide/plugins/com.nxp.mcuxpresso.tools.win32_10.3.0.201811011841/tools/bin/../lib/gcc/arm-none-eabi/7.3.1/../../../../arm-none-eabi/lib/thumb/v7e-m/fpv4-sp/hard\libcr_c.a(_writebuf.o)
                              c:/nxp/mcuxpressoide_10.3.1_2233/ide/plugins/com.nxp.mcuxpresso.tools.win32_10.3.0.201811011841/tools/bin/../lib/gcc/arm-none-eabi/7.3.1/../../../../arm-none-eabi/lib/thumb/v7e-m/fpv4-sp/hard\libcr_c.a(_deferredlazyseek.o) (_Cwritebuf)
c:/nxp/mcuxpressoide_10.3.1_2233/ide/plugins/com.nxp.mcuxpresso.tools.win32_10.3.0.201811011841/tools/bin/../lib/gcc/arm-none-eabi/7.3.1/../../../../arm-none-eabi/lib/thumb/v7e-m/fpv4-sp/hard\libcr_c.a(alloc.o)
                              ./drivers/fsl_common.o (malloc)
c:/nxp/mcuxpressoide_10.3.1_2233/ide/plugins/com.nxp.mcuxpresso.tools.win32_10.3.0.201811011841/tools/bin/../lib/gcc/arm-none-eabi/7.3.1/../../../../arm-none-eabi/lib/thumb/v7e-m/fpv4-sp/hard\libcr_c.a(fputs.o)
                              c:/nxp/mcuxpressoide_10.3.1_2233/ide/plugins/com.nxp.mcuxpresso.tools.win32_10.3.0.201811011841/tools/bin/../lib/gcc/arm-none-eabi/7.3.1/../../../../arm-none-eabi/lib/thumb/v7e-m/fpv4-sp/hard\libcr_semihost_nf.a(_cr_assert.o) (fputs)
c:/nxp/mcuxpressoide_10.3.1_2233/ide/plugins/com.nxp.mcuxpresso.tools.win32_10.3.0.201811011841/tools/bin/../lib/gcc/arm-none-eabi/7.3.1/../../../../arm-none-eabi/lib/thumb/v7e-m/fpv4-sp/hard\libcr_c.a(fseek.o)
[...]
Memory Configuration

Name             Origin             Length             Attributes
PROGRAM_FLASH    0x00000000         0x00080000         xr
BOARD_FLASH      0x10000000         0x01000000         xr
SRAM_UPPER       0x20000000         0x00028000         xrw
SRAMX            0x04000000         0x00008000         xrw
USB_RAM          0x40100000         0x00002000         xrw
BOARD_SDRAM      0xa0000000         0x01000000         xrw
*default*        0x00000000         0xffffffff

Linker script and memory map

LOAD ./utilities/fsl_assert.o
LOAD ./utilities/fsl_debug_console.o
LOAD ./utilities/fsl_str.o
LOAD ./startup/startup_lpc54628.o
LOAD ./source/LPC54628J512_Project.o
LOAD ./source/semihost_hardfault.o
LOAD ./sdmmc/src/fsl_sd.o
LOAD ./sdmmc/src/fsl_sdmmc_common.o
LOAD ./sdmmc/port/fsl_sdmmc_event.o
LOAD ./sdmmc/port/fsl_sdmmc_host.o
LOAD ./drivers/fsl_clock.o
LOAD ./drivers/fsl_common.o
LOAD ./drivers/fsl_emc.o
LOAD ./drivers/fsl_flexcomm.o
LOAD ./drivers/fsl_gpio.o
LOAD ./drivers/fsl_i2c.o
LOAD ./drivers/fsl_power.o
LOAD ./drivers/fsl_reset.o
LOAD ./drivers/fsl_sdif.o
LOAD ./drivers/fsl_spi.o
LOAD ./drivers/fsl_usart.o
LOAD ./device/system_LPC54628.o
LOAD ./component/uart/usart_adapter.o
LOAD ./component/serial_manager/serial_manager.o
LOAD ./component/serial_manager/serial_port_uart.o
LOAD ./board/board.o
LOAD ./board/clock_config.o
LOAD ./board/peripherals.o
LOAD ./board/pin_mux.o
LOAD C:\Users\^_^\Documents\MCUXpressoIDE_10.3.1_2233\workspace\LPC54628J512_Project\libs\libpower_hardabi.a
START GROUP
LOAD c:/nxp/mcuxpressoide_10.3.1_2233/ide/plugins/com.nxp.mcuxpresso.tools.win32_10.3.0.201811011841/tools/bin/../lib/gcc/arm-none-eabi/7.3.1/../../../../arm-none-eabi/lib/thumb/v7e-m/fpv4-sp/hard\libcr_semihost_nf.a
LOAD c:/nxp/mcuxpressoide_10.3.1_2233/ide/plugins/com.nxp.mcuxpresso.tools.win32_10.3.0.201811011841/tools/bin/../lib/gcc/arm-none-eabi/7.3.1/../../../../arm-none-eabi/lib/thumb/v7e-m/fpv4-sp/hard\libcr_c.a
LOAD c:/nxp/mcuxpressoide_10.3.1_2233/ide/plugins/com.nxp.mcuxpresso.tools.win32_10.3.0.201811011841/tools/bin/../lib/gcc/arm-none-eabi/7.3.1/thumb/v7e-m/fpv4-sp/hard\libcr_eabihelpers.a
LOAD c:/nxp/mcuxpressoide_10.3.1_2233/ide/plugins/com.nxp.mcuxpresso.tools.win32_10.3.0.201811011841/tools/bin/../lib/gcc/arm-none-eabi/7.3.1/thumb/v7e-m/fpv4-sp/hard\libgcc.a
END GROUP
                0x00000000                __base_PROGRAM_FLASH = 0x0
                0x00000000                __base_Flash = 0x0
                0x00080000                __top_PROGRAM_FLASH = 0x80000
                0x00080000                __top_Flash = 0x80000
                0x10000000                __base_BOARD_FLASH = 0x10000000
                0x10000000                __base_Flash2 = 0x10000000
                0x11000000                __top_BOARD_FLASH = 0x11000000
                0x11000000                __top_Flash2 = 0x11000000
                0x20000000                __base_SRAM_UPPER = 0x20000000
                0x20000000                __base_RAM = 0x20000000
                0x20028000                __top_SRAM_UPPER = 0x20028000
                0x20028000                __top_RAM = 0x20028000
                0x04000000                __base_SRAMX = 0x4000000
                0x04000000                __base_RAM2 = 0x4000000
                0x04008000                __top_SRAMX = 0x4008000
                0x04008000                __top_RAM2 = 0x4008000
                0x40100000                __base_USB_RAM = 0x40100000
                0x40100000                __base_RAM3 = 0x40100000
                0x40102000                __top_USB_RAM = 0x40102000
                0x40102000                __top_RAM3 = 0x40102000
                0xa0000000                __base_BOARD_SDRAM = 0xa0000000
                0xa0000000                __base_RAM4 = 0xa0000000
                0xa1000000                __top_BOARD_SDRAM = 0xa1000000
                0xa1000000                __top_RAM4 = 0xa1000000

.text_Flash2    0x10000000        0x0
 FILL mask 0xff
 *(SORT_BY_ALIGNMENT(.text_Flash2*))
 *(SORT_BY_ALIGNMENT(.text_BOARD_FLASH*))
 *(SORT_BY_ALIGNMENT(.text.$Flash2*))
 *(SORT_BY_ALIGNMENT(.text.$BOARD_FLASH*))
 *(SORT_BY_ALIGNMENT(.rodata.$Flash2*))
 *(SORT_BY_ALIGNMENT(.rodata.$BOARD_FLASH*))

.text           0x00000000     0x4e10
 FILL mask 0xff
                0x00000000                __vectors_start__ = ABSOLUTE (.)
 *(SORT_BY_ALIGNMENT(.isr_vector))
 .isr_vector    0x00000000      0x124 ./startup/startup_lpc54628.o
                0x00000000                g_pfnVectors
                0x00000000                __Vectors
                0x00000124                . = ALIGN (0x4)
                0x00000124                __section_table_start = .
                0x00000124                __data_section_table = .
                0x00000124        0x4 LONG 0x4e10 LOADADDR (.data)
                0x00000128        0x4 LONG 0x20000000 ADDR (.data)
                0x0000012c        0x4 LONG 0x4 SIZEOF (.data)
                0x00000130        0x4 LONG 0x4e10 LOADADDR (.data_RAM2)
                0x00000134        0x4 LONG 0x4000000 ADDR (.data_RAM2)
                0x00000138        0x4 LONG 0x0 SIZEOF (.data_RAM2)
                0x0000013c        0x4 LONG 0x4e10 LOADADDR (.data_RAM3)
                0x00000140        0x4 LONG 0x40100000 ADDR (.data_RAM3)
                0x00000144        0x4 LONG 0x0 SIZEOF (.data_RAM3)
                0x00000148        0x4 LONG 0x4e10 LOADADDR (.data_RAM4)
                0x0000014c        0x4 LONG 0xa0000000 ADDR (.data_RAM4)
                0x00000150        0x4 LONG 0x0 SIZEOF (.data_RAM4)
                0x00000154                __data_section_table_end = .
                0x00000154                __bss_section_table = .
                0x00000154        0x4 LONG 0x20000004 ADDR (.bss)
                0x00000158        0x4 LONG 0x14c SIZEOF (.bss)
                0x0000015c        0x4 LONG 0x4000000 ADDR (.bss_RAM2)
                0x00000160        0x4 LONG 0x0 SIZEOF (.bss_RAM2)
                0x00000164        0x4 LONG 0x40100000 ADDR (.bss_RAM3)
                0x00000168        0x4 LONG 0x0 SIZEOF (.bss_RAM3)
                0x0000016c        0x4 LONG 0xa0000000 ADDR (.bss_RAM4)
                0x00000170        0x4 LONG 0x0 SIZEOF (.bss_RAM4)
                0x00000174                __bss_section_table_end = .
                0x00000174                __section_table_end = .
 *(SORT_BY_ALIGNMENT(.after_vectors*))
 .after_vectors.reset
                0x00000174       0x58 ./startup/startup_lpc54628.o
                0x00000174                ResetISR
 .after_vectors.init_data
                0x000001cc       0x1e ./startup/startup_lpc54628.o
                0x000001cc                data_init
 .after_vectors.init_bss
                0x000001ea       0x12 ./startup/startup_lpc54628.o
                0x000001ea                bss_init
 .after_vectors
                0x000001fc       0x14 ./startup/startup_lpc54628.o
                0x000001fc                NMI_Handler
                0x00000200                MemManage_Handler
                0x00000202                BusFault_Handler
                0x00000204                UsageFault_Handler
                0x00000206                SVC_Handler
                0x00000208                DebugMon_Handler
                0x0000020a                PendSV_Handler
                0x0000020e                PIN_INT2_DriverIRQHandler
                0x0000020e                ETHERNET_DriverIRQHandler
                0x0000020e                PIN_INT0_DriverIRQHandler
                0x0000020e                CTIMER2_DriverIRQHandler
                0x0000020e                SPIFI0_DriverIRQHandler
                0x0000020e                PIN_INT3_DriverIRQHandler
                0x0000020e                CAN0_IRQ0_DriverIRQHandler
                0x0000020e                IntDefaultHandler
                0x0000020e                USB0_DriverIRQHandler
                0x0000020e                MRT0_DriverIRQHandler
                0x0000020e                UTICK0_DriverIRQHandler
                0x0000020e                DMIC0_DriverIRQHandler
                0x0000020e                PIN_INT4_DriverIRQHandler
                0x0000020e                PIN_INT5_DriverIRQHandler
                0x0000020e                CAN1_IRQ0_DriverIRQHandler
                0x0000020e                Reserved47_DriverIRQHandler
                0x0000020e                ADC0_THCMP_DriverIRQHandler
                0x0000020e                CTIMER4_DriverIRQHandler
                0x0000020e                RIT_DriverIRQHandler
                0x0000020e                PIN_INT7_DriverIRQHandler
                0x0000020e                CAN0_IRQ1_DriverIRQHandler
                0x0000020e                USB0_NEEDCLK_DriverIRQHandler
                0x0000020e                ADC0_SEQB_DriverIRQHandler
                0x0000020e                CTIMER0_DriverIRQHandler
                0x0000020e                CTIMER1_DriverIRQHandler
                0x0000020e                PIN_INT6_DriverIRQHandler
                0x0000020e                ETHERNET_MACLP_DriverIRQHandler
                0x0000020e                PIN_INT1_DriverIRQHandler
                0x0000020e                CTIMER3_DriverIRQHandler
                0x0000020e                HWVAD0_DriverIRQHandler
                0x0000020e                RTC_DriverIRQHandler
                0x0000020e                LCD_DriverIRQHandler
                0x0000020e                EEPROM_DriverIRQHandler
                0x0000020e                DMA0_DriverIRQHandler
                0x0000020e                ETHERNET_PMT_DriverIRQHandler
                0x0000020e                USB1_DriverIRQHandler
                0x0000020e                CAN1_IRQ1_DriverIRQHandler
                0x0000020e                ADC0_SEQA_DriverIRQHandler
                0x0000020e                USB1_NEEDCLK_DriverIRQHandler
                0x0000020e                SMARTCARD0_DriverIRQHandler
                0x0000020e                SHA_DriverIRQHandler
                0x0000020e                GINT0_DriverIRQHandler
                0x0000020e                SMARTCARD1_DriverIRQHandler
                0x0000020e                GINT1_DriverIRQHandler
                0x0000020e                Reserved46_DriverIRQHandler
                0x0000020e                WDT_BOD_DriverIRQHandler
                0x0000020e                SCT0_DriverIRQHandler
 *(SORT_BY_ALIGNMENT(.text*))
 .text.DbgConsole_Init
                0x00000210       0xf8 ./utilities/fsl_debug_console.o
                0x00000210                DbgConsole_Init
 .text.main     0x00000308       0x54 ./source/LPC54628J512_Project.o
                0x00000308                main
 .text.SysTick_Handler
                0x0000035c       0x1c ./sdmmc/port/fsl_sdmmc_event.o
                0x0000035c                SysTick_Handler
 .text.CLOCK_GetAsyncApbClkSrc
                0x00000378       0x20 ./drivers/fsl_clock.o
 .text.CLOCK_AttachClk
                0x00000398       0x90 ./drivers/fsl_clock.o
                0x00000398                CLOCK_AttachClk
 .text.CLOCK_SetClkDiv
                0x00000428       0x5c ./drivers/fsl_clock.o
                0x00000428                CLOCK_SetClkDiv
 .text.CLOCK_SetupFROClocking
                0x00000484       0xc4 ./drivers/fsl_clock.o
                0x00000484                CLOCK_SetupFROClocking
 .text.CLOCK_GetClockOutClkFreq
                0x00000548       0x98 ./drivers/fsl_clock.o
                0x00000548                CLOCK_GetClockOutClkFreq
 .text.CLOCK_GetSpifiClkFreq
                0x000005e0       0x88 ./drivers/fsl_clock.o
                0x000005e0                CLOCK_GetSpifiClkFreq
 .text.CLOCK_GetAdcClkFreq
                0x00000668       0x80 ./drivers/fsl_clock.o
                0x00000668                CLOCK_GetAdcClkFreq
 .text.CLOCK_GetUsb0ClkFreq
                0x000006e8       0x78 ./drivers/fsl_clock.o
                0x000006e8                CLOCK_GetUsb0ClkFreq
 .text.CLOCK_GetUsb1ClkFreq
                0x00000760       0x78 ./drivers/fsl_clock.o
                0x00000760                CLOCK_GetUsb1ClkFreq
 .text.CLOCK_GetSctClkFreq
                0x000007d8       0x80 ./drivers/fsl_clock.o
                0x000007d8                CLOCK_GetSctClkFreq
 .text.CLOCK_GetSdioClkFreq
                0x00000858       0x88 ./drivers/fsl_clock.o
                0x00000858                CLOCK_GetSdioClkFreq
 .text.CLOCK_GetLcdClkFreq
                0x000008e0       0x68 ./drivers/fsl_clock.o
                0x000008e0                CLOCK_GetLcdClkFreq
 .text.CLOCK_GetFro12MFreq
                0x00000948       0x28 ./drivers/fsl_clock.o
                0x00000948                CLOCK_GetFro12MFreq
 .text.CLOCK_GetExtClkFreq
                0x00000970       0x14 ./drivers/fsl_clock.o
                0x00000970                CLOCK_GetExtClkFreq
 .text.CLOCK_GetWdtOscFreq
                0x00000984       0x68 ./drivers/fsl_clock.o
                0x00000984                CLOCK_GetWdtOscFreq
 .text.CLOCK_GetFroHfFreq
                0x000009ec       0x50 ./drivers/fsl_clock.o
                0x000009ec                CLOCK_GetFroHfFreq
 .text.CLOCK_GetPllOutFreq
                0x00000a3c       0x18 ./drivers/fsl_clock.o
                0x00000a3c                CLOCK_GetPllOutFreq
 .text.CLOCK_GetAudioPllOutFreq
                0x00000a54       0x18 ./drivers/fsl_clock.o
                0x00000a54                CLOCK_GetAudioPllOutFreq
 .text.CLOCK_GetUsbPllOutFreq
                0x00000a6c       0x18 ./drivers/fsl_clock.o
                0x00000a6c                CLOCK_GetUsbPllOutFreq
 .text.CLOCK_GetAsyncApbClkFreq
                0x00000a84       0x3c ./drivers/fsl_clock.o
                0x00000a84                CLOCK_GetAsyncApbClkFreq
 .text.CLOCK_GetFlexCommClkFreq
                0x00000ac0       0x6c ./drivers/fsl_clock.o
                0x00000ac0                CLOCK_GetFlexCommClkFreq
 .text.CLOCK_GetFrgClkFreq
                0x00000b2c       0x58 ./drivers/fsl_clock.o
                0x00000b2c                CLOCK_GetFrgClkFreq
 .text.CLOCK_GetDmicClkFreq
                0x00000b84       0x80 ./drivers/fsl_clock.o
                0x00000b84                CLOCK_GetDmicClkFreq
 .text.CLOCK_GetFreq
                0x00000c04      0x228 ./drivers/fsl_clock.o
                0x00000c04                CLOCK_GetFreq
 .text.CLOCK_SetFLASHAccessCyclesForFreq
                0x00000e2c       0xb8 ./drivers/fsl_clock.o
                0x00000e2c                CLOCK_SetFLASHAccessCyclesForFreq
 .text.CLOCK_EnableClock
                0x00000ee4       0x54 ./drivers/fsl_flexcomm.o
 .text.FLEXCOMM_GetInstance
                0x00000f38       0x44 ./drivers/fsl_flexcomm.o
                0x00000f38                FLEXCOMM_GetInstance
 .text.FLEXCOMM_Init
                0x00000f7c       0x5c ./drivers/fsl_flexcomm.o
                0x00000f7c                FLEXCOMM_Init
 .text.FLEXCOMM0_DriverIRQHandler
                0x00000fd8       0x3c ./drivers/fsl_flexcomm.o
                0x00000fd8                FLEXCOMM0_DriverIRQHandler
 .text.FLEXCOMM1_DriverIRQHandler
                0x00001014       0x3c ./drivers/fsl_flexcomm.o
                0x00001014                FLEXCOMM1_DriverIRQHandler
 .text.FLEXCOMM2_DriverIRQHandler
                0x00001050       0x3c ./drivers/fsl_flexcomm.o
                0x00001050                FLEXCOMM2_DriverIRQHandler
 .text.FLEXCOMM3_DriverIRQHandler
                0x0000108c       0x3c ./drivers/fsl_flexcomm.o
                0x0000108c                FLEXCOMM3_DriverIRQHandler
 .text.FLEXCOMM4_DriverIRQHandler
                0x000010c8       0x3c ./drivers/fsl_flexcomm.o
                0x000010c8                FLEXCOMM4_DriverIRQHandler
 .text.FLEXCOMM5_DriverIRQHandler
                0x00001104       0x3c ./drivers/fsl_flexcomm.o
                0x00001104                FLEXCOMM5_DriverIRQHandler
 .text.FLEXCOMM6_DriverIRQHandler
                0x00001140       0x3c ./drivers/fsl_flexcomm.o
                0x00001140                FLEXCOMM6_DriverIRQHandler
 .text.FLEXCOMM7_DriverIRQHandler
                0x0000117c       0x3c ./drivers/fsl_flexcomm.o
                0x0000117c                FLEXCOMM7_DriverIRQHandler
 .text.FLEXCOMM8_DriverIRQHandler
                0x000011b8       0x3c ./drivers/fsl_flexcomm.o
                0x000011b8                FLEXCOMM8_DriverIRQHandler
 .text.FLEXCOMM9_DriverIRQHandler
                0x000011f4       0x3c ./drivers/fsl_flexcomm.o
                0x000011f4                FLEXCOMM9_DriverIRQHandler
 .text.RESET_SetPeripheralReset
                0x00001230       0x7c ./drivers/fsl_reset.o
                0x00001230                RESET_SetPeripheralReset
 .text.RESET_ClearPeripheralReset
                0x000012ac       0x80 ./drivers/fsl_reset.o
                0x000012ac                RESET_ClearPeripheralReset
 .text.SDIO_DriverIRQHandler
                0x0000132c       0x38 ./drivers/fsl_sdif.o
                0x0000132c                SDIO_DriverIRQHandler
 .text.USART_Init
                0x00001364      0x14c ./drivers/fsl_usart.o
                0x00001364                USART_Init
 .text.USART_GetDefaultConfig
                0x000014b0       0x64 ./drivers/fsl_usart.o
                0x000014b0                USART_GetDefaultConfig
 .text.USART_SetBaudRate
                0x00001514       0xe4 ./drivers/fsl_usart.o
                0x00001514                USART_SetBaudRate
 .text.SystemInit
                0x000015f8       0x40 ./device/system_LPC54628.o
                0x000015f8                SystemInit
 .text.HAL_UartInit
                0x00001638      0x108 ./component/uart/usart_adapter.o
                0x00001638                HAL_UartInit
 .text.SerialManager_Init
                0x00001740       0x74 ./component/serial_manager/serial_manager.o
                0x00001740                SerialManager_Init
 .text.SerialManager_OpenWriteHandle
                0x000017b4       0x58 ./component/serial_manager/serial_manager.o
                0x000017b4                SerialManager_OpenWriteHandle
 .text.SerialManager_OpenReadHandle
                0x0000180c       0x60 ./component/serial_manager/serial_manager.o
                0x0000180c                SerialManager_OpenReadHandle
 .text.Serial_UartInit
                0x0000186c       0x80 ./component/serial_manager/serial_port_uart.o
                0x0000186c                Serial_UartInit
 .text.BOARD_InitDebugConsole
                0x000018ec       0x48 ./board/board.o
                0x000018ec                BOARD_InitDebugConsole
 .text.BOARD_BootClockFROHF96M
                0x00001934       0x4c ./board/clock_config.o
                0x00001934                BOARD_BootClockFROHF96M
 .text.CLOCK_EnableClock
                0x00001980       0x54 ./board/pin_mux.o
 .text.BOARD_InitLEDsPins
                0x000019d4       0xb0 ./board/pin_mux.o
                0x000019d4                BOARD_InitLEDsPins
 .text.BOARD_InitDEBUG_UARTPins
                0x00001a84       0x44 ./board/pin_mux.o
                0x00001a84                BOARD_InitDEBUG_UARTPins
 .text.POWER_SetVoltageForFreq
                0x00001ac8       0x44 C:\Users\^_^\Documents\MCUXpressoIDE_10.3.1_2233\workspace\LPC54628J512_Project\libs\libpower_hardabi.a(fsl_power_lib.o)
                0x00001ac8                POWER_SetVoltageForFreq
 .text.__assertion_failed
                0x00001b0c       0x4c c:/nxp/mcuxpressoide_10.3.1_2233/ide/plugins/com.nxp.mcuxpresso.tools.win32_10.3.0.201811011841/tools/bin/../lib/gcc/arm-none-eabi/7.3.1/../../../../arm-none-eabi/lib/thumb/v7e-m/fpv4-sp/hard\libcr_semihost_nf.a(_cr_assert.o)
                0x00001b0c                __assertion_failed
 .text.__sys_appexit
                0x00001b58        0xc c:/nxp/mcuxpressoide_10.3.1_2233/ide/plugins/com.nxp.mcuxpresso.tools.win32_10.3.0.201811011841/tools/bin/../lib/gcc/arm-none-eabi/7.3.1/../../../../arm-none-eabi/lib/thumb/v7e-m/fpv4-sp/hard\libcr_semihost_nf.a(__sys_appexit.o)
                0x00001b58                __sys_appexit
                0x00001b58                __exit
 .text._Cwritebuf
                0x00001b64       0x6c c:/nxp/mcuxpressoide_10.3.1_2233/ide/plugins/com.nxp.mcuxpresso.tools.win32_10.3.0.201811011841/tools/bin/../lib/gcc/arm-none-eabi/7.3.1/../../../../arm-none-eabi/lib/thumb/v7e-m/fpv4-sp/hard\libcr_c.a(_writebuf.o)
                0x00001b64                _Cwritebuf
 .text.malloc   0x00001bd0       0xc8 c:/nxp/mcuxpressoide_10.3.1_2233/ide/plugins/com.nxp.mcuxpresso.tools.win32_10.3.0.201811011841/tools/bin/../lib/gcc/arm-none-eabi/7.3.1/../../../../arm-none-eabi/lib/thumb/v7e-m/fpv4-sp/hard\libcr_c.a(alloc.o)
                0x00001bd0                malloc
 .text._Csys_alloc
                0x00001c98       0x20 c:/nxp/mcuxpressoide_10.3.1_2233/ide/plugins/com.nxp.mcuxpresso.tools.win32_10.3.0.201811011841/tools/bin/../lib/gcc/arm-none-eabi/7.3.1/../../../../arm-none-eabi/lib/thumb/v7e-m/fpv4-sp/hard\libcr_c.a(alloc.o)
                0x00001c98                _Csys_alloc
 .text.fseek    0x00001cb8      0x100 c:/nxp/mcuxpressoide_10.3.1_2233/ide/plugins/com.nxp.mcuxpresso.tools.win32_10.3.0.201811011841/tools/bin/../lib/gcc/arm-none-eabi/7.3.1/../../../../arm-none-eabi/lib/thumb/v7e-m/fpv4-sp/hard\libcr_c.a(fseek.o)
                0x00001cb8                fseek
 .text.ftell    0x00001db8       0x44 c:/nxp/mcuxpressoide_10.3.1_2233/ide/plugins/com.nxp.mcuxpresso.tools.win32_10.3.0.201811011841/tools/bin/../lib/gcc/arm-none-eabi/7.3.1/../../../../arm-none-eabi/lib/thumb/v7e-m/fpv4-sp/hard\libcr_c.a(ftell.o)
                0x00001db8                ftell
 .text._initio  0x00001dfc       0x78 c:/nxp/mcuxpressoide_10.3.1_2233/ide/plugins/com.nxp.mcuxpresso.tools.win32_10.3.0.201811011841/tools/bin/../lib/gcc/arm-none-eabi/7.3.1/../../../../arm-none-eabi/lib/thumb/v7e-m/fpv4-sp/hard\libcr_c.a(initio.o)
                0x00001dfc                _initio
 .text.__vfprintf
                0x00001e74      0xb8c c:/nxp/mcuxpressoide_10.3.1_2233/ide/plugins/com.nxp.mcuxpresso.tools.win32_10.3.0.201811011841/tools/bin/../lib/gcc/arm-none-eabi/7.3.1/../../../../arm-none-eabi/lib/thumb/v7e-m/fpv4-sp/hard\libcr_c.a(printf.o)
                0x00001e74                __vfprintf
 .text._vsnprintf
                0x00002a00       0x68 c:/nxp/mcuxpressoide_10.3.1_2233/ide/plugins/com.nxp.mcuxpresso.tools.win32_10.3.0.201811011841/tools/bin/../lib/gcc/arm-none-eabi/7.3.1/../../../../arm-none-eabi/lib/thumb/v7e-m/fpv4-sp/hard\libcr_c.a(printf.o)
                0x00002a00                _vsnprintf
 .text._printf  0x00002a68       0x54 c:/nxp/mcuxpressoide_10.3.1_2233/ide/plugins/com.nxp.mcuxpresso.tools.win32_10.3.0.201811011841/tools/bin/../lib/gcc/arm-none-eabi/7.3.1/../../../../arm-none-eabi/lib/thumb/v7e-m/fpv4-sp/hard\libcr_c.a(printf.o)
                0x00002a68                _printf
 .text.setvbuf  0x00002abc       0x40 c:/nxp/mcuxpressoide_10.3.1_2233/ide/plugins/com.nxp.mcuxpresso.tools.win32_10.3.0.201811011841/tools/bin/../lib/gcc/arm-none-eabi/7.3.1/../../../../arm-none-eabi/lib/thumb/v7e-m/fpv4-sp/hard\libcr_c.a(setvbuf.o)
                0x00002abc                setvbuf
 .text._sbrk    0x00002afc       0x3c c:/nxp/mcuxpressoide_10.3.1_2233/ide/plugins/com.nxp.mcuxpresso.tools.win32_10.3.0.201811011841/tools/bin/../lib/gcc/arm-none-eabi/7.3.1/../../../../arm-none-eabi/lib/thumb/v7e-m/fpv4-sp/hard\libcr_c.a(_cr_sbrk.o)
                0x00002afc                _sbrk
 .text.fflush   0x00002b38       0x44 c:/nxp/mcuxpressoide_10.3.1_2233/ide/plugins/com.nxp.mcuxpresso.tools.win32_10.3.0.201811011841/tools/bin/../lib/gcc/arm-none-eabi/7.3.1/../../../../arm-none-eabi/lib/thumb/v7e-m/fpv4-sp/hard\libcr_c.a(fflush.o)
                0x00002b38                fflush
 .text.__check_heap_overflow
                0x00002b7c       0x18 c:/nxp/mcuxpressoide_10.3.1_2233/ide/plugins/com.nxp.mcuxpresso.tools.win32_10.3.0.201811011841/tools/bin/../lib/gcc/arm-none-eabi/7.3.1/../../../../arm-none-eabi/lib/thumb/v7e-m/fpv4-sp/hard\libcr_c.a(_cr_check_heap.o)
                0x00002b7c                __check_heap_overflow
 .text.WDT_BOD_IRQHandler
                0x00002b94        0x8 ./startup/startup_lpc54628.o
                0x00002b94                WDT_BOD_IRQHandler
 .text.DMA0_IRQHandler
                0x00002b9c        0x8 ./startup/startup_lpc54628.o
                0x00002b9c                DMA0_IRQHandler
 .text.GINT0_IRQHandler
                0x00002ba4        0x8 ./startup/startup_lpc54628.o
                0x00002ba4                GINT0_IRQHandler
 .text.GINT1_IRQHandler
                0x00002bac        0x8 ./startup/startup_lpc54628.o
                0x00002bac                GINT1_IRQHandler
 .text.PIN_INT0_IRQHandler
                0x00002bb4        0x8 ./startup/startup_lpc54628.o
                0x00002bb4                PIN_INT0_IRQHandler
 .text.PIN_INT1_IRQHandler
                0x00002bbc        0x8 ./startup/startup_lpc54628.o
                0x00002bbc                PIN_INT1_IRQHandler
 .text.PIN_INT2_IRQHandler
                0x00002bc4        0x8 ./startup/startup_lpc54628.o
                0x00002bc4                PIN_INT2_IRQHandler
 .text.PIN_INT3_IRQHandler
                0x00002bcc        0x8 ./startup/startup_lpc54628.o
                0x00002bcc                PIN_INT3_IRQHandler
 .text.UTICK0_IRQHandler
                0x00002bd4        0x8 ./startup/startup_lpc54628.o
                0x00002bd4                UTICK0_IRQHandler
 .text.MRT0_IRQHandler
                0x00002bdc        0x8 ./startup/startup_lpc54628.o
                0x00002bdc                MRT0_IRQHandler
 .text.CTIMER0_IRQHandler
                0x00002be4        0x8 ./startup/startup_lpc54628.o
                0x00002be4                CTIMER0_IRQHandler
 .text.CTIMER1_IRQHandler
                0x00002bec        0x8 ./startup/startup_lpc54628.o
                0x00002bec                CTIMER1_IRQHandler
 .text.SCT0_IRQHandler
                0x00002bf4        0x8 ./startup/startup_lpc54628.o
                0x00002bf4                SCT0_IRQHandler
 .text.CTIMER3_IRQHandler
                0x00002bfc        0x8 ./startup/startup_lpc54628.o
                0x00002bfc                CTIMER3_IRQHandler
 .text.FLEXCOMM0_IRQHandler
                0x00002c04        0x8 ./startup/startup_lpc54628.o
                0x00002c04                FLEXCOMM0_IRQHandler
 .text.FLEXCOMM1_IRQHandler
                0x00002c0c        0x8 ./startup/startup_lpc54628.o
                0x00002c0c                FLEXCOMM1_IRQHandler
 .text.FLEXCOMM2_IRQHandler
                0x00002c14        0x8 ./startup/startup_lpc54628.o
                0x00002c14                FLEXCOMM2_IRQHandler
 .text.FLEXCOMM3_IRQHandler
                0x00002c1c        0x8 ./startup/startup_lpc54628.o
                0x00002c1c                FLEXCOMM3_IRQHandler
 .text.FLEXCOMM4_IRQHandler
                0x00002c24        0x8 ./startup/startup_lpc54628.o
                0x00002c24                FLEXCOMM4_IRQHandler
 .text.FLEXCOMM5_IRQHandler
                0x00002c2c        0x8 ./startup/startup_lpc54628.o
                0x00002c2c                FLEXCOMM5_IRQHandler
 .text.FLEXCOMM6_IRQHandler
                0x00002c34        0x8 ./startup/startup_lpc54628.o
                0x00002c34                FLEXCOMM6_IRQHandler
 .text.FLEXCOMM7_IRQHandler
                0x00002c3c        0x8 ./startup/startup_lpc54628.o
                0x00002c3c                FLEXCOMM7_IRQHandler
 .text.ADC0_SEQA_IRQHandler
                0x00002c44        0x8 ./startup/startup_lpc54628.o
                0x00002c44                ADC0_SEQA_IRQHandler
 .text.ADC0_SEQB_IRQHandler
                0x00002c4c        0x8 ./startup/startup_lpc54628.o
                0x00002c4c                ADC0_SEQB_IRQHandler
 .text.ADC0_THCMP_IRQHandler
                0x00002c54        0x8 ./startup/startup_lpc54628.o
                0x00002c54                ADC0_THCMP_IRQHandler
 .text.DMIC0_IRQHandler
                0x00002c5c        0x8 ./startup/startup_lpc54628.o
                0x00002c5c                DMIC0_IRQHandler
 .text.HWVAD0_IRQHandler
                0x00002c64        0x8 ./startup/startup_lpc54628.o
                0x00002c64                HWVAD0_IRQHandler
 .text.USB0_NEEDCLK_IRQHandler
                0x00002c6c        0x8 ./startup/startup_lpc54628.o
                0x00002c6c                USB0_NEEDCLK_IRQHandler
 .text.USB0_IRQHandler
                0x00002c74        0x8 ./startup/startup_lpc54628.o
                0x00002c74                USB0_IRQHandler
 .text.RTC_IRQHandler
                0x00002c7c        0x8 ./startup/startup_lpc54628.o
                0x00002c7c                RTC_IRQHandler
 .text.Reserved46_IRQHandler
                0x00002c84        0x8 ./startup/startup_lpc54628.o
                0x00002c84                Reserved46_IRQHandler
 .text.Reserved47_IRQHandler
                0x00002c8c        0x8 ./startup/startup_lpc54628.o
                0x00002c8c                Reserved47_IRQHandler
 .text.PIN_INT4_IRQHandler
                0x00002c94        0x8 ./startup/startup_lpc54628.o
                0x00002c94                PIN_INT4_IRQHandler
 .text.PIN_INT5_IRQHandler
                0x00002c9c        0x8 ./startup/startup_lpc54628.o
                0x00002c9c                PIN_INT5_IRQHandler
 .text.PIN_INT6_IRQHandler
                0x00002ca4        0x8 ./startup/startup_lpc54628.o
                0x00002ca4                PIN_INT6_IRQHandler
 .text.PIN_INT7_IRQHandler
                0x00002cac        0x8 ./startup/startup_lpc54628.o
                0x00002cac                PIN_INT7_IRQHandler
 .text.CTIMER2_IRQHandler
                0x00002cb4        0x8 ./startup/startup_lpc54628.o
                0x00002cb4                CTIMER2_IRQHandler
 .text.CTIMER4_IRQHandler
                0x00002cbc        0x8 ./startup/startup_lpc54628.o
                0x00002cbc                CTIMER4_IRQHandler
 .text.RIT_IRQHandler
                0x00002cc4        0x8 ./startup/startup_lpc54628.o
                0x00002cc4                RIT_IRQHandler
 .text.SPIFI0_IRQHandler
                0x00002ccc        0x8 ./startup/startup_lpc54628.o
                0x00002ccc                SPIFI0_IRQHandler
 .text.FLEXCOMM8_IRQHandler
                0x00002cd4        0x8 ./startup/startup_lpc54628.o
                0x00002cd4                FLEXCOMM8_IRQHandler
 .text.FLEXCOMM9_IRQHandler
                0x00002cdc        0x8 ./startup/startup_lpc54628.o
                0x00002cdc                FLEXCOMM9_IRQHandler
 .text.SDIO_IRQHandler
                0x00002ce4        0x8 ./startup/startup_lpc54628.o
                0x00002ce4                SDIO_IRQHandler
 .text.CAN0_IRQ0_IRQHandler
                0x00002cec        0x8 ./startup/startup_lpc54628.o
                0x00002cec                CAN0_IRQ0_IRQHandler
 .text.CAN0_IRQ1_IRQHandler
                0x00002cf4        0x8 ./startup/startup_lpc54628.o
                0x00002cf4                CAN0_IRQ1_IRQHandler
 .text.CAN1_IRQ0_IRQHandler
                0x00002cfc        0x8 ./startup/startup_lpc54628.o
                0x00002cfc                CAN1_IRQ0_IRQHandler
 .text.CAN1_IRQ1_IRQHandler
                0x00002d04        0x8 ./startup/startup_lpc54628.o
                0x00002d04                CAN1_IRQ1_IRQHandler
 .text.USB1_IRQHandler
                0x00002d0c        0x8 ./startup/startup_lpc54628.o
                0x00002d0c                USB1_IRQHandler
 .text.USB1_NEEDCLK_IRQHandler
                0x00002d14        0x8 ./startup/startup_lpc54628.o
                0x00002d14                USB1_NEEDCLK_IRQHandler
 .text.ETHERNET_IRQHandler
                0x00002d1c        0x8 ./startup/startup_lpc54628.o
                0x00002d1c                ETHERNET_IRQHandler
 .text.ETHERNET_PMT_IRQHandler
                0x00002d24        0x8 ./startup/startup_lpc54628.o
                0x00002d24                ETHERNET_PMT_IRQHandler
 .text.ETHERNET_MACLP_IRQHandler
                0x00002d2c        0x8 ./startup/startup_lpc54628.o
                0x00002d2c                ETHERNET_MACLP_IRQHandler
 .text.EEPROM_IRQHandler
                0x00002d34        0x8 ./startup/startup_lpc54628.o
                0x00002d34                EEPROM_IRQHandler
 .text.LCD_IRQHandler
                0x00002d3c        0x8 ./startup/startup_lpc54628.o
                0x00002d3c                LCD_IRQHandler
 .text.SHA_IRQHandler
                0x00002d44        0x8 ./startup/startup_lpc54628.o
                0x00002d44                SHA_IRQHandler
 .text.SMARTCARD0_IRQHandler
                0x00002d4c        0x8 ./startup/startup_lpc54628.o
                0x00002d4c                SMARTCARD0_IRQHandler
 .text.SMARTCARD1_IRQHandler
                0x00002d54        0x8 ./startup/startup_lpc54628.o
                0x00002d54                SMARTCARD1_IRQHandler
 .text.GPIO_PortClear
                0x00002d5c       0x26 ./source/LPC54628J512_Project.o
 .text.HardFault_Handler
                0x00002d82       0x2c ./source/semihost_hardfault.o
                0x00002d82                HardFault_Handler
 .text.CLOCK_SetFLASHAccessCycles
                0x00002dae       0x34 ./drivers/fsl_clock.o
 .text.POWER_DisablePD
                0x00002de2       0x2e ./drivers/fsl_clock.o
 .text.CLOCK_GetMclkClkFreq
                0x00002e10       0x62 ./drivers/fsl_clock.o
                0x00002e10                CLOCK_GetMclkClkFreq
 .text.CLOCK_GetLcdClkIn
                0x00002e72       0x10 ./drivers/fsl_clock.o
                0x00002e72                CLOCK_GetLcdClkIn
 .text.CLOCK_GetOsc32KFreq
                0x00002e82       0x12 ./drivers/fsl_clock.o
                0x00002e82                CLOCK_GetOsc32KFreq
 .text.CLOCK_GetCoreSysClkFreq
                0x00002e94       0x8c ./drivers/fsl_clock.o
                0x00002e94                CLOCK_GetCoreSysClkFreq
 .text.CLOCK_GetI2SMClkFreq
                0x00002f20       0x10 ./drivers/fsl_clock.o
                0x00002f20                CLOCK_GetI2SMClkFreq
 .text.FLEXCOMM_PeripheralIsPresent
                0x00002f30       0x64 ./drivers/fsl_flexcomm.o
 .text.FLEXCOMM_SetPeriph
                0x00002f94       0x74 ./drivers/fsl_flexcomm.o
 .text.GPIO_PinInit
                0x00003008       0xa0 ./drivers/fsl_gpio.o
                0x00003008                GPIO_PinInit
 .text.RESET_PeripheralReset
                0x000030a8       0x1c ./drivers/fsl_reset.o
                0x000030a8                RESET_PeripheralReset
 .text.SystemInitHook
                0x000030c4        0xe ./device/system_LPC54628.o
                0x000030c4                SystemInitHook
 .text.HAL_UartGetStatus
                0x000030d2       0x22 ./component/uart/usart_adapter.o
 .text.POWER_DisablePD
                0x000030f4       0x2e ./board/clock_config.o
 .text.BOARD_InitBootClocks
                0x00003122        0xc ./board/clock_config.o
                0x00003122                BOARD_InitBootClocks
 .text.BOARD_InitPeripherals
                0x0000312e        0xe ./board/peripherals.o
                0x0000312e                BOARD_InitPeripherals
 .text.BOARD_InitBootPeripherals
                0x0000313c        0xc ./board/peripherals.o
                0x0000313c                BOARD_InitBootPeripherals
 .text.BOARD_InitBootPins
                0x00003148       0x10 ./board/pin_mux.o
                0x00003148                BOARD_InitBootPins
 .text.BOARD_InitPins
                0x00003158        0xc ./board/pin_mux.o
                0x00003158                BOARD_InitPins
 .text.__main   0x00003164        0xe c:/nxp/mcuxpressoide_10.3.1_2233/ide/plugins/com.nxp.mcuxpresso.tools.win32_10.3.0.201811011841/tools/bin/../lib/gcc/arm-none-eabi/7.3.1/../../../../arm-none-eabi/lib/thumb/v7e-m/fpv4-sp/hard\libcr_semihost_nf.a(_cr__main.o)
                0x00003164                __CR_SEMIHOST
                0x00003164                __main
 .text.memset   0x00003172        0x4 c:/nxp/mcuxpressoide_10.3.1_2233/ide/plugins/com.nxp.mcuxpresso.tools.win32_10.3.0.201811011841/tools/bin/../lib/gcc/arm-none-eabi/7.3.1/../../../../arm-none-eabi/lib/thumb/v7e-m/fpv4-sp/hard\libcr_c.a(memset.o)
                0x00003172                memset
 .text._deferredlazyseek
                0x00003176       0x40 c:/nxp/mcuxpressoide_10.3.1_2233/ide/plugins/com.nxp.mcuxpresso.tools.win32_10.3.0.201811011841/tools/bin/../lib/gcc/arm-none-eabi/7.3.1/../../../../arm-none-eabi/lib/thumb/v7e-m/fpv4-sp/hard\libcr_c.a(_deferredlazyseek.o)
                0x00003176                _deferredlazyseek
 .text.__flsbuf
                0x000031b6      0x140 c:/nxp/mcuxpressoide_10.3.1_2233/ide/plugins/com.nxp.mcuxpresso.tools.win32_10.3.0.201811011841/tools/bin/../lib/gcc/arm-none-eabi/7.3.1/../../../../arm-none-eabi/lib/thumb/v7e-m/fpv4-sp/hard\libcr_c.a(_deferredlazyseek.o)
                0x000031b6                __flsbuf
 .text._fflush  0x000032f6       0x52 c:/nxp/mcuxpressoide_10.3.1_2233/ide/plugins/com.nxp.mcuxpresso.tools.win32_10.3.0.201811011841/tools/bin/../lib/gcc/arm-none-eabi/7.3.1/../../../../arm-none-eabi/lib/thumb/v7e-m/fpv4-sp/hard\libcr_c.a(_fflush.o)
                0x000032f6                _fflush
 .text.free     0x00003348       0x30 c:/nxp/mcuxpressoide_10.3.1_2233/ide/plugins/com.nxp.mcuxpresso.tools.win32_10.3.0.201811011841/tools/bin/../lib/gcc/arm-none-eabi/7.3.1/../../../../arm-none-eabi/lib/thumb/v7e-m/fpv4-sp/hard\libcr_c.a(alloc.o)
                0x00003348                free
 .text.fputs    0x00003378       0x2c c:/nxp/mcuxpressoide_10.3.1_2233/ide/plugins/com.nxp.mcuxpresso.tools.win32_10.3.0.201811011841/tools/bin/../lib/gcc/arm-none-eabi/7.3.1/../../../../arm-none-eabi/lib/thumb/v7e-m/fpv4-sp/hard\libcr_c.a(fputs.o)
                0x00003378                fputs
 .text.no_fp_display
                0x000033a4        0x4 c:/nxp/mcuxpressoide_10.3.1_2233/ide/plugins/com.nxp.mcuxpresso.tools.win32_10.3.0.201811011841/tools/bin/../lib/gcc/arm-none-eabi/7.3.1/../../../../arm-none-eabi/lib/thumb/v7e-m/fpv4-sp/hard\libcr_c.a(printf.o)
 .text.strlen   0x000033a8       0x4a c:/nxp/mcuxpressoide_10.3.1_2233/ide/plugins/com.nxp.mcuxpresso.tools.win32_10.3.0.201811011841/tools/bin/../lib/gcc/arm-none-eabi/7.3.1/../../../../arm-none-eabi/lib/thumb/v7e-m/fpv4-sp/hard\libcr_c.a(strlen.o)
                0x000033a8                strlen
 .text._fdopen  0x000033f2       0x68 c:/nxp/mcuxpressoide_10.3.1_2233/ide/plugins/com.nxp.mcuxpresso.tools.win32_10.3.0.201811011841/tools/bin/../lib/gcc/arm-none-eabi/7.3.1/../../../../arm-none-eabi/lib/thumb/v7e-m/fpv4-sp/hard\libcr_c.a(_fdopen.o)
                0x000033f2                _fdopen
 .text.fclose   0x0000345a       0x58 c:/nxp/mcuxpressoide_10.3.1_2233/ide/plugins/com.nxp.mcuxpresso.tools.win32_10.3.0.201811011841/tools/bin/../lib/gcc/arm-none-eabi/7.3.1/../../../../arm-none-eabi/lib/thumb/v7e-m/fpv4-sp/hard\libcr_c.a(fclose.o)
                0x0000345a                fclose
 .text.remove   0x000034b2       0x14 c:/nxp/mcuxpressoide_10.3.1_2233/ide/plugins/com.nxp.mcuxpresso.tools.win32_10.3.0.201811011841/tools/bin/../lib/gcc/arm-none-eabi/7.3.1/../../../../arm-none-eabi/lib/thumb/v7e-m/fpv4-sp/hard\libcr_c.a(remove.o)
                0x000034b2                remove
 .text._do_fflush
                0x000034c6       0x40 c:/nxp/mcuxpressoide_10.3.1_2233/ide/plugins/com.nxp.mcuxpresso.tools.win32_10.3.0.201811011841/tools/bin/../lib/gcc/arm-none-eabi/7.3.1/../../../../arm-none-eabi/lib/thumb/v7e-m/fpv4-sp/hard\libcr_c.a(_do_fflush.o)
                0x000034c6                _do_fflush
 .text.__aeabi_memset_lowlevel
                0x00003506       0x32 c:/nxp/mcuxpressoide_10.3.1_2233/ide/plugins/com.nxp.mcuxpresso.tools.win32_10.3.0.201811011841/tools/bin/../lib/gcc/arm-none-eabi/7.3.1/thumb/v7e-m/fpv4-sp/hard\libcr_eabihelpers.a(memcpy.o)
                0x00003506                __aeabi_lowlevel_memset
 .text.__sys_close
                0x00003538        0xc c:/nxp/mcuxpressoide_10.3.1_2233/ide/plugins/com.nxp.mcuxpresso.tools.win32_10.3.0.201811011841/tools/bin/../lib/gcc/arm-none-eabi/7.3.1/../../../../arm-none-eabi/lib/thumb/v7e-m/fpv4-sp/hard\libcr_semihost_nf.a(__sys_close.o)
                0x00003538                __sys_close
 .text.__sys_flen
                0x00003544        0xc c:/nxp/mcuxpressoide_10.3.1_2233/ide/plugins/com.nxp.mcuxpresso.tools.win32_10.3.0.201811011841/tools/bin/../lib/gcc/arm-none-eabi/7.3.1/../../../../arm-none-eabi/lib/thumb/v7e-m/fpv4-sp/hard\libcr_semihost_nf.a(__sys_flen.o)
                0x00003544                __sys_flen
 .text.__sys_istty
                0x00003550        0xc c:/nxp/mcuxpressoide_10.3.1_2233/ide/plugins/com.nxp.mcuxpresso.tools.win32_10.3.0.201811011841/tools/bin/../lib/gcc/arm-none-eabi/7.3.1/../../../../arm-none-eabi/lib/thumb/v7e-m/fpv4-sp/hard\libcr_semihost_nf.a(__sys_istty.o)
                0x00003550                __sys_istty
 .text.__sys_remove
                0x0000355c        0xc c:/nxp/mcuxpressoide_10.3.1_2233/ide/plugins/com.nxp.mcuxpresso.tools.win32_10.3.0.201811011841/tools/bin/../lib/gcc/arm-none-eabi/7.3.1/../../../../arm-none-eabi/lib/thumb/v7e-m/fpv4-sp/hard\libcr_semihost_nf.a(__sys_remove.o)
                0x0000355c                __sys_remove
 .text.__sys_seek
                0x00003568        0xc c:/nxp/mcuxpressoide_10.3.1_2233/ide/plugins/com.nxp.mcuxpresso.tools.win32_10.3.0.201811011841/tools/bin/../lib/gcc/arm-none-eabi/7.3.1/../../../../arm-none-eabi/lib/thumb/v7e-m/fpv4-sp/hard\libcr_semihost_nf.a(__sys_seek.o)
                0x00003568                __sys_seek
 .text.__sys_tmpnam
                0x00003574        0xc c:/nxp/mcuxpressoide_10.3.1_2233/ide/plugins/com.nxp.mcuxpresso.tools.win32_10.3.0.201811011841/tools/bin/../lib/gcc/arm-none-eabi/7.3.1/../../../../arm-none-eabi/lib/thumb/v7e-m/fpv4-sp/hard\libcr_semihost_nf.a(__sys_tmpnam.o)
                0x00003574                __sys_tmpnam
 .text.__sys_write
                0x00003580        0xc c:/nxp/mcuxpressoide_10.3.1_2233/ide/plugins/com.nxp.mcuxpresso.tools.win32_10.3.0.201811011841/tools/bin/../lib/gcc/arm-none-eabi/7.3.1/../../../../arm-none-eabi/lib/thumb/v7e-m/fpv4-sp/hard\libcr_semihost_nf.a(__sys_write.o)
                0x00003580                __sys_write
 *(SORT_BY_ALIGNMENT(.rodata) SORT_BY_ALIGNMENT(.rodata.*) SORT_BY_ALIGNMENT(.constdata) SORT_BY_ALIGNMENT(.constdata.*))
 .rodata        0x0000358c      0x1b7 ./utilities/fsl_debug_console.o
 *fill*         0x00003743        0x1 ff
 .rodata        0x00003744        0xd ./source/LPC54628J512_Project.o
 *fill*         0x00003751        0x3 ff
 .rodata.wdtFreqLookup
                0x00003754       0x20 ./drivers/fsl_clock.o
 .rodata.s_flexcommBaseAddrs
                0x00003774       0x28 ./drivers/fsl_flexcomm.o
 .rodata.s_flexcommClocks
                0x0000379c       0x14 ./drivers/fsl_flexcomm.o
 .rodata.s_flexcommResets
                0x000037b0       0x28 ./drivers/fsl_flexcomm.o
 .rodata        0x000037d8      0x258 ./drivers/fsl_flexcomm.o
 .rodata        0x00003a30       0x55 ./drivers/fsl_reset.o
 *fill*         0x00003a85        0x3 ff
 .rodata        0x00003a88      0x319 ./drivers/fsl_sdif.o
 *fill*         0x00003da1        0x3 ff
 .rodata        0x00003da4      0x5d0 ./drivers/fsl_usart.o
 .rodata.s_UsartAdapterBase
                0x00004374       0x28 ./component/uart/usart_adapter.o
 .rodata        0x0000439c      0x26f ./component/uart/usart_adapter.o
 *fill*         0x0000460b        0x1 ff
 .rodata        0x0000460c      0x521 ./component/serial_manager/serial_manager.o
 *fill*         0x00004b2d        0x3 ff
 .rodata        0x00004b30      0x244 ./component/serial_manager/serial_port_uart.o
 .rodata        0x00004d74       0x30 ./board/board.o
 .rodata.__num_Ciob_streams
                0x00004da4        0x4 c:/nxp/mcuxpressoide_10.3.1_2233/ide/plugins/com.nxp.mcuxpresso.tools.win32_10.3.0.201811011841/tools/bin/../lib/gcc/arm-none-eabi/7.3.1/../../../../arm-none-eabi/lib/thumb/v7e-m/fpv4-sp/hard\libcr_semihost_nf.a(__ciob.o)
                0x00004da4                __num_Ciob_streams
 .rodata.__assertion_failed.str1.1
                0x00004da8       0x15 c:/nxp/mcuxpressoide_10.3.1_2233/ide/plugins/com.nxp.mcuxpresso.tools.win32_10.3.0.201811011841/tools/bin/../lib/gcc/arm-none-eabi/7.3.1/../../../../arm-none-eabi/lib/thumb/v7e-m/fpv4-sp/hard\libcr_semihost_nf.a(_cr_assert.o)
 .rodata._Csys_alloc.str1.1
                0x00004dbd       0x18 c:/nxp/mcuxpressoide_10.3.1_2233/ide/plugins/com.nxp.mcuxpresso.tools.win32_10.3.0.201811011841/tools/bin/../lib/gcc/arm-none-eabi/7.3.1/../../../../arm-none-eabi/lib/thumb/v7e-m/fpv4-sp/hard\libcr_c.a(alloc.o)
 .rodata._initio.str1.1
                0x00004dd5        0x4 c:/nxp/mcuxpressoide_10.3.1_2233/ide/plugins/com.nxp.mcuxpresso.tools.win32_10.3.0.201811011841/tools/bin/../lib/gcc/arm-none-eabi/7.3.1/../../../../arm-none-eabi/lib/thumb/v7e-m/fpv4-sp/hard\libcr_c.a(initio.o)
 .rodata.__vfprintf.str1.1
                0x00004dd9       0x35 c:/nxp/mcuxpressoide_10.3.1_2233/ide/plugins/com.nxp.mcuxpresso.tools.win32_10.3.0.201811011841/tools/bin/../lib/gcc/arm-none-eabi/7.3.1/../../../../arm-none-eabi/lib/thumb/v7e-m/fpv4-sp/hard\libcr_c.a(printf.o)
                                 0x38 (size before relaxing)
                0x00004e10                . = ALIGN (0x4)
 *fill*         0x00004e0e        0x2 ff

.glue_7         0x00004e10        0x0
 .glue_7        0x00004e10        0x0 linker stubs

.glue_7t        0x00004e10        0x0
 .glue_7t       0x00004e10        0x0 linker stubs

.vfp11_veneer   0x00004e10        0x0
 .vfp11_veneer  0x00004e10        0x0 linker stubs

.v4_bx          0x00004e10        0x0
 .v4_bx         0x00004e10        0x0 linker stubs

.iplt           0x00004e10        0x0
 .iplt          0x00004e10        0x0 ./utilities/fsl_debug_console.o

.rel.dyn        0x00004e10        0x0
 .rel.iplt      0x00004e10        0x0 ./utilities/fsl_debug_console.o

.ARM.extab
 *(SORT_BY_ALIGNMENT(.ARM.extab*) SORT_BY_ALIGNMENT(.gnu.linkonce.armextab.*))
                0x00004e10                __exidx_start = .

.ARM.exidx
 *(SORT_BY_ALIGNMENT(.ARM.exidx*) SORT_BY_ALIGNMENT(.gnu.linkonce.armexidx.*))
                0x00004e10                __exidx_end = .
                0x00004e10                _etext = .

.m_usb_data
 *(SORT_BY_ALIGNMENT(m_usb_global))

.data_RAM2      0x04000000        0x0 load address 0x00004e10
 FILL mask 0xff
                [!provide]                PROVIDE (__start_data_RAM2 = .)
 *(SORT_BY_ALIGNMENT(.ramfunc.$RAM2))
 *(SORT_BY_ALIGNMENT(.ramfunc.$SRAMX))
 *(SORT_BY_ALIGNMENT(.data.$RAM2*))
 *(SORT_BY_ALIGNMENT(.data.$SRAMX*))
                0x04000000                . = ALIGN (0x4)
                [!provide]                PROVIDE (__end_data_RAM2 = .)

.data_RAM3      0x40100000        0x0 load address 0x00004e10
 FILL mask 0xff
                [!provide]                PROVIDE (__start_data_RAM3 = .)
 *(SORT_BY_ALIGNMENT(.ramfunc.$RAM3))
 *(SORT_BY_ALIGNMENT(.ramfunc.$USB_RAM))
 *(SORT_BY_ALIGNMENT(.data.$RAM3*))
 *(SORT_BY_ALIGNMENT(.data.$USB_RAM*))
                0x40100000                . = ALIGN (0x4)
                [!provide]                PROVIDE (__end_data_RAM3 = .)

.data_RAM4      0xa0000000        0x0 load address 0x00004e10
 FILL mask 0xff
                [!provide]                PROVIDE (__start_data_RAM4 = .)
 *(SORT_BY_ALIGNMENT(.ramfunc.$RAM4))
 *(SORT_BY_ALIGNMENT(.ramfunc.$BOARD_SDRAM))
 *(SORT_BY_ALIGNMENT(.data.$RAM4*))
 *(SORT_BY_ALIGNMENT(.data.$BOARD_SDRAM*))
                0xa0000000                . = ALIGN (0x4)
                [!provide]                PROVIDE (__end_data_RAM4 = .)

.uninit_RESERVED
                0x20000000        0x0
 *(SORT_BY_ALIGNMENT(.bss.$RESERVED*))
                0x20000000                . = ALIGN (0x4)
                0x20000000                _end_uninit_RESERVED = .

.data           0x20000000        0x4 load address 0x00004e10
 FILL mask 0xff
                0x20000000                _data = .
 *(SORT_BY_ALIGNMENT(vtable))
 *(SORT_BY_ALIGNMENT(.ramfunc*))
 *(SORT_BY_ALIGNMENT(.data*))
 .data.SystemCoreClock
                0x20000000        0x4 ./device/system_LPC54628.o
                0x20000000                SystemCoreClock
                0x20000004                . = ALIGN (0x4)
                0x20000004                _edata = .

.igot.plt       0x20000004        0x0 load address 0x00004e14
 .igot.plt      0x20000004        0x0 ./utilities/fsl_debug_console.o

.bss_RAM2       0x04000000        0x0
                [!provide]                PROVIDE (__start_bss_RAM2 = .)
 *(SORT_BY_ALIGNMENT(.bss.$RAM2*))
 *(SORT_BY_ALIGNMENT(.bss.$SRAMX*))
                0x04000000                . = ALIGN ((. != 0x0)?0x4:0x1)
                [!provide]                PROVIDE (__end_bss_RAM2 = .)

.bss_RAM3       0x40100000        0x0
                [!provide]                PROVIDE (__start_bss_RAM3 = .)
 *(SORT_BY_ALIGNMENT(.bss.$RAM3*))
 *(SORT_BY_ALIGNMENT(.bss.$USB_RAM*))
                0x40100000                . = ALIGN ((. != 0x0)?0x4:0x1)
                [!provide]                PROVIDE (__end_bss_RAM3 = .)

.bss_RAM4       0xa0000000        0x0
                [!provide]                PROVIDE (__start_bss_RAM4 = .)
 *(SORT_BY_ALIGNMENT(.bss.$RAM4*))
 *(SORT_BY_ALIGNMENT(.bss.$BOARD_SDRAM*))
                0xa0000000                . = ALIGN ((. != 0x0)?0x4:0x1)
                [!provide]                PROVIDE (__end_bss_RAM4 = .)

.bss            0x20000004      0x14c
                0x20000004                _bss = .
 *(SORT_BY_ALIGNMENT(.bss*))
 .bss.s_debugConsoleState
                0x20000004       0x1c ./utilities/fsl_debug_console.o
 .bss.g_serialHandle
                0x20000020        0x4 ./utilities/fsl_debug_console.o
                0x20000020                g_serialHandle
 .bss.i.8283    0x20000024        0x4 ./source/LPC54628J512_Project.o
 .bss.g_eventTimeMilliseconds
                0x20000028        0x4 ./sdmmc/port/fsl_sdmmc_event.o
                0x20000028                g_eventTimeMilliseconds
 .bss.s_Pll_Freq
                0x2000002c        0x4 ./drivers/fsl_clock.o
 .bss.s_Usb_Pll_Freq
                0x20000030        0x4 ./drivers/fsl_clock.o
 .bss.s_Audio_Pll_Freq
                0x20000034        0x4 ./drivers/fsl_clock.o
 .bss.s_flexcommIrqHandler
                0x20000038       0x28 ./drivers/fsl_flexcomm.o
 .bss.s_flexcommHandle
                0x20000060       0x28 ./drivers/fsl_flexcomm.o
 .bss.s_sdifHandle
                0x20000088        0x4 ./drivers/fsl_sdif.o
 .bss.s_sdifIsr
                0x2000008c        0x4 ./drivers/fsl_sdif.o
 .bss.__Ciob    0x20000090       0xb4 c:/nxp/mcuxpressoide_10.3.1_2233/ide/plugins/com.nxp.mcuxpresso.tools.win32_10.3.0.201811011841/tools/bin/../lib/gcc/arm-none-eabi/7.3.1/../../../../arm-none-eabi/lib/thumb/v7e-m/fpv4-sp/hard\libcr_semihost_nf.a(__ciob.o)
                0x20000090                __Ciob
 .bss.__end_of_heap
                0x20000144        0x4 c:/nxp/mcuxpressoide_10.3.1_2233/ide/plugins/com.nxp.mcuxpresso.tools.win32_10.3.0.201811011841/tools/bin/../lib/gcc/arm-none-eabi/7.3.1/../../../../arm-none-eabi/lib/thumb/v7e-m/fpv4-sp/hard\libcr_c.a(__init_alloc.o)
                0x20000144                __end_of_heap
 .bss.__heaps   0x20000148        0x4 c:/nxp/mcuxpressoide_10.3.1_2233/ide/plugins/com.nxp.mcuxpresso.tools.win32_10.3.0.201811011841/tools/bin/../lib/gcc/arm-none-eabi/7.3.1/../../../../arm-none-eabi/lib/thumb/v7e-m/fpv4-sp/hard\libcr_c.a(__init_alloc.o)
                0x20000148                __heaps
 .bss.errno     0x2000014c        0x4 c:/nxp/mcuxpressoide_10.3.1_2233/ide/plugins/com.nxp.mcuxpresso.tools.win32_10.3.0.201811011841/tools/bin/../lib/gcc/arm-none-eabi/7.3.1/../../../../arm-none-eabi/lib/thumb/v7e-m/fpv4-sp/hard\libcr_c.a(errno.o)
                0x2000014c                errno
 *(SORT_BY_ALIGNMENT(COMMON))
                0x20000150                . = ALIGN (0x4)
                0x20000150                _ebss = .
                [!provide]                PROVIDE (end = .)

.noinit_RAM2    0x04000000        0x0
 *(SORT_BY_ALIGNMENT(.noinit.$RAM2*))
 *(SORT_BY_ALIGNMENT(.noinit.$SRAMX*))
                0x04000000                . = ALIGN (0x4)

.noinit_RAM3    0x40100000        0x0
 *(SORT_BY_ALIGNMENT(.noinit.$RAM3*))
 *(SORT_BY_ALIGNMENT(.noinit.$USB_RAM*))
                0x40100000                . = ALIGN (0x4)

.noinit_RAM4    0xa0000000        0x0
 *(SORT_BY_ALIGNMENT(.noinit.$RAM4*))
 *(SORT_BY_ALIGNMENT(.noinit.$BOARD_SDRAM*))
                0xa0000000                . = ALIGN (0x4)

.noinit         0x20000150        0x0
                0x20000150                _noinit = .
 *(SORT_BY_ALIGNMENT(.noinit*))
                0x20000150                . = ALIGN (0x4)
                0x20000150                _end_noinit = .
                0x00001000                _HeapSize = 0x1000

.heap           0x20000150     0x1000
                0x20000150                _pvHeapStart = .
                0x20001150                . = (. + _HeapSize)
 *fill*         0x20000150     0x1000 
                0x20001150                . = ALIGN (0x4)
                0x20001150                _pvHeapLimit = .
                0x00001000                _StackSize = 0x1000

.heap2stackfill
                0x20001150     0x1000
                0x20002150                . = (. + _StackSize)
 *fill*         0x20001150     0x1000 

.stack          0x20027000        0x0
                0x20027000                _vStackBase = .
                0x20027000                . = ALIGN (0x4)
                0x20028000                _vStackTop = (. + _StackSize)
                0xdffd4902                PROVIDE (__valid_user_code_checksum = (0x0 - ((((((_vStackTop + (ResetISR + 0x1)) + (NMI_Handler + 0x1)) + (HardFault_Handler + 0x1)) + (DEFINED (MemManage_Handler)?MemManage_Handler:0x0 + 0x1)) + (DEFINED (BusFault_Handler)?BusFault_Handler:0x0 + 0x1)) + (DEFINED (UsageFault_Handler)?UsageFault_Handler:0x0 + 0x1))))
                0x00000000                _image_start = LOADADDR (.text)
                0x00004e14                _image_end = (LOADADDR (.data) + SIZEOF (.data))
                0x00004e14                _image_size = (_image_end - _image_start)
OUTPUT(LPC54628J512_Project.axf elf32-littlearm)

.debug_info     0x00000000    0x13809
 .debug_info    0x00000000      0x949 ./utilities/fsl_debug_console.o
 .debug_info    0x00000949      0x66a ./startup/startup_lpc54628.o
 .debug_info    0x00000fb3      0x436 ./source/LPC54628J512_Project.o
 .debug_info    0x000013e9       0x3b ./source/semihost_hardfault.o
 .debug_info    0x00001424      0xb1b ./sdmmc/port/fsl_sdmmc_event.o
 .debug_info    0x00001f3f     0x2f56 ./drivers/fsl_clock.o
 .debug_info    0x00004e95     0x1917 ./drivers/fsl_flexcomm.o
 .debug_info    0x000067ac     0x15a9 ./drivers/fsl_gpio.o
 .debug_info    0x00007d55      0xd3a ./drivers/fsl_reset.o
 .debug_info    0x00008a8f     0x2c5c ./drivers/fsl_sdif.o
 .debug_info    0x0000b6eb     0x149c ./drivers/fsl_usart.o
 .debug_info    0x0000cb87      0xe57 ./device/system_LPC54628.o
 .debug_info    0x0000d9de      0xc97 ./component/uart/usart_adapter.o
 .debug_info    0x0000e675      0x6ea ./component/serial_manager/serial_manager.o
 .debug_info    0x0000ed5f      0x4a9 ./component/serial_manager/serial_port_uart.o
 .debug_info    0x0000f208     0x101b ./board/board.o
 .debug_info    0x00010223     0x1066 ./board/clock_config.o
 .debug_info    0x00011289       0x4c ./board/peripherals.o
 .debug_info    0x000112d5     0x119f ./board/pin_mux.o
 .debug_info    0x00012474     0x1395 C:\Users\^_^\Documents\MCUXpressoIDE_10.3.1_2233\workspace\LPC54628J512_Project\libs\libpower_hardabi.a(fsl_power_lib.o)

.debug_abbrev   0x00000000     0x25ca
 .debug_abbrev  0x00000000      0x1ad ./utilities/fsl_debug_console.o
 .debug_abbrev  0x000001ad      0x151 ./startup/startup_lpc54628.o
 .debug_abbrev  0x000002fe      0x159 ./source/LPC54628J512_Project.o
 .debug_abbrev  0x00000457       0x2f ./source/semihost_hardfault.o
 .debug_abbrev  0x00000486      0x23d ./sdmmc/port/fsl_sdmmc_event.o
 .debug_abbrev  0x000006c3      0x337 ./drivers/fsl_clock.o
 .debug_abbrev  0x000009fa      0x2a6 ./drivers/fsl_flexcomm.o
 .debug_abbrev  0x00000ca0      0x216 ./drivers/fsl_gpio.o
 .debug_abbrev  0x00000eb6      0x16c ./drivers/fsl_reset.o
 .debug_abbrev  0x00001022      0x30e ./drivers/fsl_sdif.o
 .debug_abbrev  0x00001330      0x33a ./drivers/fsl_usart.o
 .debug_abbrev  0x0000166a      0x1ee ./device/system_LPC54628.o
 .debug_abbrev  0x00001858      0x1e2 ./component/uart/usart_adapter.o
 .debug_abbrev  0x00001a3a      0x163 ./component/serial_manager/serial_manager.o
 .debug_abbrev  0x00001b9d      0x148 ./component/serial_manager/serial_port_uart.o
 .debug_abbrev  0x00001ce5      0x192 ./board/board.o
 .debug_abbrev  0x00001e77      0x1d2 ./board/clock_config.o
 .debug_abbrev  0x00002049       0x47 ./board/peripherals.o
 .debug_abbrev  0x00002090      0x1f6 ./board/pin_mux.o
 .debug_abbrev  0x00002286      0x344 C:\Users\^_^\Documents\MCUXpressoIDE_10.3.1_2233\workspace\LPC54628J512_Project\libs\libpower_hardabi.a(fsl_power_lib.o)

.debug_aranges  0x00000000      0xc60
 .debug_aranges
                0x00000000       0x50 ./utilities/fsl_debug_console.o
 .debug_aranges
                0x00000050      0x248 ./startup/startup_lpc54628.o
 .debug_aranges
                0x00000298       0x28 ./source/LPC54628J512_Project.o
 .debug_aranges
                0x000002c0       0x20 ./source/semihost_hardfault.o
 .debug_aranges
                0x000002e0       0x68 ./sdmmc/port/fsl_sdmmc_event.o
 .debug_aranges
                0x00000348      0x2c0 ./drivers/fsl_clock.o
 .debug_aranges
                0x00000608       0x98 ./drivers/fsl_flexcomm.o
 .debug_aranges
                0x000006a0       0x30 ./drivers/fsl_gpio.o
 .debug_aranges
                0x000006d0       0x30 ./drivers/fsl_reset.o
 .debug_aranges
                0x00000700      0x178 ./drivers/fsl_sdif.o
 .debug_aranges
                0x00000878       0xd8 ./drivers/fsl_usart.o
 .debug_aranges
                0x00000950       0x68 ./device/system_LPC54628.o
 .debug_aranges
                0x000009b8       0x40 ./component/uart/usart_adapter.o
 .debug_aranges
                0x000009f8       0x88 ./component/serial_manager/serial_manager.o
 .debug_aranges
                0x00000a80       0x38 ./component/serial_manager/serial_port_uart.o
 .debug_aranges
                0x00000ab8       0x28 ./board/board.o
 .debug_aranges
                0x00000ae0       0x50 ./board/clock_config.o
 .debug_aranges
                0x00000b30       0x28 ./board/peripherals.o
 .debug_aranges
                0x00000b58       0xa0 ./board/pin_mux.o
 .debug_aranges
                0x00000bf8       0x68 C:\Users\^_^\Documents\MCUXpressoIDE_10.3.1_2233\workspace\LPC54628J512_Project\libs\libpower_hardabi.a(fsl_power_lib.o)

.debug_ranges   0x00000000      0xb50
 .debug_ranges  0x00000000       0x40 ./utilities/fsl_debug_console.o
 .debug_ranges  0x00000040      0x238 ./startup/startup_lpc54628.o
 .debug_ranges  0x00000278       0x18 ./source/LPC54628J512_Project.o
 .debug_ranges  0x00000290       0x10 ./source/semihost_hardfault.o
 .debug_ranges  0x000002a0       0x58 ./sdmmc/port/fsl_sdmmc_event.o
 .debug_ranges  0x000002f8      0x2b0 ./drivers/fsl_clock.o
 .debug_ranges  0x000005a8       0x88 ./drivers/fsl_flexcomm.o
 .debug_ranges  0x00000630       0x20 ./drivers/fsl_gpio.o
 .debug_ranges  0x00000650       0x20 ./drivers/fsl_reset.o
 .debug_ranges  0x00000670      0x168 ./drivers/fsl_sdif.o
 .debug_ranges  0x000007d8       0xc8 ./drivers/fsl_usart.o
 .debug_ranges  0x000008a0       0x58 ./device/system_LPC54628.o
 .debug_ranges  0x000008f8       0x30 ./component/uart/usart_adapter.o
 .debug_ranges  0x00000928       0x78 ./component/serial_manager/serial_manager.o
 .debug_ranges  0x000009a0       0x28 ./component/serial_manager/serial_port_uart.o
 .debug_ranges  0x000009c8       0x18 ./board/board.o
 .debug_ranges  0x000009e0       0x40 ./board/clock_config.o
 .debug_ranges  0x00000a20       0x18 ./board/peripherals.o
 .debug_ranges  0x00000a38       0x90 ./board/pin_mux.o
 .debug_ranges  0x00000ac8       0x88 C:\Users\^_^\Documents\MCUXpressoIDE_10.3.1_2233\workspace\LPC54628J512_Project\libs\libpower_hardabi.a(fsl_power_lib.o)

.debug_macro    0x00000000     0x376b
 .debug_macro   0x00000000      0x1b2 ./utilities/fsl_debug_console.o
 .debug_macro   0x000001b2       0x16 ./utilities/fsl_debug_console.o
 .debug_macro   0x000001c8       0x10 ./utilities/fsl_debug_console.o
 .debug_macro   0x000001d8       0x28 ./utilities/fsl_debug_console.o
 .debug_macro   0x00000200       0x54 ./utilities/fsl_debug_console.o
 .debug_macro   0x00000254       0x1c ./utilities/fsl_debug_console.o
 .debug_macro   0x00000270       0x32 ./startup/startup_lpc54628.o
 .debug_macro   0x000002a2       0x34 ./startup/startup_lpc54628.o
 .debug_macro   0x000002d6      0x1a8 ./source/LPC54628J512_Project.o
 .debug_macro   0x0000047e       0xd8 ./source/LPC54628J512_Project.o
 .debug_macro   0x00000556       0x2f ./source/LPC54628J512_Project.o
 .debug_macro   0x00000585      0x23c ./source/LPC54628J512_Project.o
 .debug_macro   0x000007c1     0x1b47 ./source/LPC54628J512_Project.o
 .debug_macro   0x00002308       0x2e ./source/LPC54628J512_Project.o
 .debug_macro   0x00002336       0x11 ./source/semihost_hardfault.o
 .debug_macro   0x00002347      0x12c ./sdmmc/port/fsl_sdmmc_event.o
 .debug_macro   0x00002473      0x239 ./drivers/fsl_clock.o
 .debug_macro   0x000026ac       0x22 ./drivers/fsl_clock.o
 .debug_macro   0x000026ce      0x131 ./drivers/fsl_flexcomm.o
 .debug_macro   0x000027ff       0x10 ./drivers/fsl_flexcomm.o
 .debug_macro   0x0000280f      0x138 ./drivers/fsl_gpio.o
 .debug_macro   0x00002947      0x128 ./drivers/fsl_reset.o
 .debug_macro   0x00002a6f      0x16d ./drivers/fsl_sdif.o
 .debug_macro   0x00002bdc       0x52 ./drivers/fsl_sdif.o
 .debug_macro   0x00002c2e      0x140 ./drivers/fsl_usart.o
 .debug_macro   0x00002d6e       0x16 ./drivers/fsl_usart.o
 .debug_macro   0x00002d84       0xdf ./device/system_LPC54628.o
 .debug_macro   0x00002e63      0x147 ./component/uart/usart_adapter.o
 .debug_macro   0x00002faa       0x1c ./component/uart/usart_adapter.o
 .debug_macro   0x00002fc6      0x151 ./component/serial_manager/serial_manager.o
 .debug_macro   0x00003117      0x142 ./component/serial_manager/serial_port_uart.o
 .debug_macro   0x00003259       0x1c ./component/serial_manager/serial_port_uart.o
 .debug_macro   0x00003275      0x1ef ./board/board.o
 .debug_macro   0x00003464       0x46 ./board/board.o
 .debug_macro   0x000034aa      0x148 ./board/clock_config.o
 .debug_macro   0x000035f2       0x1c ./board/clock_config.o
 .debug_macro   0x0000360e       0x1b ./board/peripherals.o
 .debug_macro   0x00003629      0x142 ./board/pin_mux.o

.debug_line     0x00000000     0x5f6f
 .debug_line    0x00000000      0x447 ./utilities/fsl_debug_console.o
 .debug_line    0x00000447      0x550 ./startup/startup_lpc54628.o
 .debug_line    0x00000997      0x38c ./source/LPC54628J512_Project.o
 .debug_line    0x00000d23       0x54 ./source/semihost_hardfault.o
 .debug_line    0x00000d77      0x3a5 ./sdmmc/port/fsl_sdmmc_event.o
 .debug_line    0x0000111c      0xebb ./drivers/fsl_clock.o
 .debug_line    0x00001fd7      0x4cb ./drivers/fsl_flexcomm.o
 .debug_line    0x000024a2      0x2e0 ./drivers/fsl_gpio.o
 .debug_line    0x00002782      0x2fa ./drivers/fsl_reset.o
 .debug_line    0x00002a7c      0x9df ./drivers/fsl_sdif.o
 .debug_line    0x0000345b      0x7c7 ./drivers/fsl_usart.o
 .debug_line    0x00003c22      0x37a ./device/system_LPC54628.o
 .debug_line    0x00003f9c      0x398 ./component/uart/usart_adapter.o
 .debug_line    0x00004334      0x4cb ./component/serial_manager/serial_manager.o
 .debug_line    0x000047ff      0x391 ./component/serial_manager/serial_port_uart.o
 .debug_line    0x00004b90      0x377 ./board/board.o
 .debug_line    0x00004f07      0x363 ./board/clock_config.o
 .debug_line    0x0000526a       0x69 ./board/peripherals.o
 .debug_line    0x000052d3      0x87f ./board/pin_mux.o
 .debug_line    0x00005b52      0x41d C:\Users\^_^\Documents\MCUXpressoIDE_10.3.1_2233\workspace\LPC54628J512_Project\libs\libpower_hardabi.a(fsl_power_lib.o)

.debug_str      0x00000000    0x9a28e
 .debug_str     0x00000000    0x895a8 ./utilities/fsl_debug_console.o
                              0x896ab (size before relaxing)
 .debug_str     0x000895a8      0x724 ./startup/startup_lpc54628.o
                               0x3517 (size before relaxing)
 .debug_str     0x00089ccc     0x8f19 ./source/LPC54628J512_Project.o
                              0x912ce (size before relaxing)
 .debug_str     0x00092be5       0x1f ./source/semihost_hardfault.o
                               0x2dd4 (size before relaxing)
 .debug_str     0x00092c04      0x5fa ./sdmmc/port/fsl_sdmmc_event.o
                              0x88cfd (size before relaxing)
 .debug_str     0x000931fe     0x2fb5 ./drivers/fsl_clock.o
                              0x8b855 (size before relaxing)
 .debug_str     0x000961b3      0x7e9 ./drivers/fsl_flexcomm.o
                              0x89f61 (size before relaxing)
 .debug_str     0x0009699c      0x107 ./drivers/fsl_gpio.o
                              0x89932 (size before relaxing)
 .debug_str     0x00096aa3       0xae ./drivers/fsl_reset.o
                              0x8892c (size before relaxing)
 .debug_str     0x00096b51     0x15c8 ./drivers/fsl_sdif.o
                              0x8b301 (size before relaxing)
 .debug_str     0x00098119      0xa65 ./drivers/fsl_usart.o
                              0x8980a (size before relaxing)
 .debug_str     0x00098b7e       0xc3 ./device/system_LPC54628.o
                              0x86701 (size before relaxing)
 .debug_str     0x00098c41      0x324 ./component/uart/usart_adapter.o
                              0x89364 (size before relaxing)
 .debug_str     0x00098f65      0x36c ./component/serial_manager/serial_manager.o
                              0x88507 (size before relaxing)
 .debug_str     0x000992d1       0xfc ./component/serial_manager/serial_port_uart.o
                              0x885b4 (size before relaxing)
 .debug_str     0x000993cd      0x76d ./board/board.o
                              0x8b4bc (size before relaxing)
 .debug_str     0x00099b3a       0xaa ./board/clock_config.o
                              0x89460 (size before relaxing)
 .debug_str     0x00099be4       0x47 ./board/peripherals.o
                               0x2dfb (size before relaxing)
 .debug_str     0x00099c2b      0x1e2 ./board/pin_mux.o
                              0x90c2d (size before relaxing)
 .debug_str     0x00099e0d      0x481 C:\Users\^_^\Documents\MCUXpressoIDE_10.3.1_2233\workspace\LPC54628J512_Project\libs\libpower_hardabi.a(fsl_power_lib.o)
                                0xc4a (size before relaxing)

.comment        0x00000000       0xfd
 .comment       0x00000000       0x7f ./utilities/fsl_debug_console.o
                                 0x80 (size before relaxing)
 .comment       0x0000007f       0x80 ./startup/startup_lpc54628.o
 .comment       0x0000007f       0x80 ./source/LPC54628J512_Project.o
 .comment       0x0000007f       0x80 ./source/semihost_hardfault.o
 .comment       0x0000007f       0x80 ./sdmmc/port/fsl_sdmmc_event.o
 .comment       0x0000007f       0x80 ./drivers/fsl_clock.o
 .comment       0x0000007f       0x80 ./drivers/fsl_flexcomm.o
 .comment       0x0000007f       0x80 ./drivers/fsl_gpio.o
 .comment       0x0000007f       0x80 ./drivers/fsl_reset.o
 .comment       0x0000007f       0x80 ./drivers/fsl_sdif.o
 .comment       0x0000007f       0x80 ./drivers/fsl_usart.o
 .comment       0x0000007f       0x80 ./device/system_LPC54628.o
 .comment       0x0000007f       0x80 ./component/uart/usart_adapter.o
 .comment       0x0000007f       0x80 ./component/serial_manager/serial_manager.o
 .comment       0x0000007f       0x80 ./component/serial_manager/serial_port_uart.o
 .comment       0x0000007f       0x80 ./board/board.o
 .comment       0x0000007f       0x80 ./board/clock_config.o
 .comment       0x0000007f       0x80 ./board/peripherals.o
 .comment       0x0000007f       0x80 ./board/pin_mux.o
 .comment       0x0000007f       0x7e C:\Users\^_^\Documents\MCUXpressoIDE_10.3.1_2233\workspace\LPC54628J512_Project\libs\libpower_hardabi.a(fsl_power_lib.o)
                                 0x7f (size before relaxing)
 .comment       0x000000fd       0x80 c:/nxp/mcuxpressoide_10.3.1_2233/ide/plugins/com.nxp.mcuxpresso.tools.win32_10.3.0.201811011841/tools/bin/../lib/gcc/arm-none-eabi/7.3.1/../../../../arm-none-eabi/lib/thumb/v7e-m/fpv4-sp/hard\libcr_semihost_nf.a(_cr__main.o)
 .comment       0x000000fd       0x80 c:/nxp/mcuxpressoide_10.3.1_2233/ide/plugins/com.nxp.mcuxpresso.tools.win32_10.3.0.201811011841/tools/bin/../lib/gcc/arm-none-eabi/7.3.1/../../../../arm-none-eabi/lib/thumb/v7e-m/fpv4-sp/hard\libcr_semihost_nf.a(_cr_assert.o)
 .comment       0x000000fd       0x80 c:/nxp/mcuxpressoide_10.3.1_2233/ide/plugins/com.nxp.mcuxpresso.tools.win32_10.3.0.201811011841/tools/bin/../lib/gcc/arm-none-eabi/7.3.1/../../../../arm-none-eabi/lib/thumb/v7e-m/fpv4-sp/hard\libcr_semihost_nf.a(__ciob.o)
 .comment       0x000000fd       0x80 c:/nxp/mcuxpressoide_10.3.1_2233/ide/plugins/com.nxp.mcuxpresso.tools.win32_10.3.0.201811011841/tools/bin/../lib/gcc/arm-none-eabi/7.3.1/../../../../arm-none-eabi/lib/thumb/v7e-m/fpv4-sp/hard\libcr_c.a(memset.o)
 .comment       0x000000fd       0x80 c:/nxp/mcuxpressoide_10.3.1_2233/ide/plugins/com.nxp.mcuxpresso.tools.win32_10.3.0.201811011841/tools/bin/../lib/gcc/arm-none-eabi/7.3.1/../../../../arm-none-eabi/lib/thumb/v7e-m/fpv4-sp/hard\libcr_c.a(_deferredlazyseek.o)
 .comment       0x000000fd       0x80 c:/nxp/mcuxpressoide_10.3.1_2233/ide/plugins/com.nxp.mcuxpresso.tools.win32_10.3.0.201811011841/tools/bin/../lib/gcc/arm-none-eabi/7.3.1/../../../../arm-none-eabi/lib/thumb/v7e-m/fpv4-sp/hard\libcr_c.a(_fflush.o)
 .comment       0x000000fd       0x80 c:/nxp/mcuxpressoide_10.3.1_2233/ide/plugins/com.nxp.mcuxpresso.tools.win32_10.3.0.201811011841/tools/bin/../lib/gcc/arm-none-eabi/7.3.1/../../../../arm-none-eabi/lib/thumb/v7e-m/fpv4-sp/hard\libcr_c.a(_writebuf.o)
 .comment       0x000000fd       0x80 c:/nxp/mcuxpressoide_10.3.1_2233/ide/plugins/com.nxp.mcuxpresso.tools.win32_10.3.0.201811011841/tools/bin/../lib/gcc/arm-none-eabi/7.3.1/../../../../arm-none-eabi/lib/thumb/v7e-m/fpv4-sp/hard\libcr_c.a(alloc.o)
 .comment       0x000000fd       0x80 c:/nxp/mcuxpressoide_10.3.1_2233/ide/plugins/com.nxp.mcuxpresso.tools.win32_10.3.0.201811011841/tools/bin/../lib/gcc/arm-none-eabi/7.3.1/../../../../arm-none-eabi/lib/thumb/v7e-m/fpv4-sp/hard\libcr_c.a(fputs.o)
 .comment       0x000000fd       0x80 c:/nxp/mcuxpressoide_10.3.1_2233/ide/plugins/com.nxp.mcuxpresso.tools.win32_10.3.0.201811011841/tools/bin/../lib/gcc/arm-none-eabi/7.3.1/../../../../arm-none-eabi/lib/thumb/v7e-m/fpv4-sp/hard\libcr_c.a(fseek.o)
 .comment       0x000000fd       0x80 c:/nxp/mcuxpressoide_10.3.1_2233/ide/plugins/com.nxp.mcuxpresso.tools.win32_10.3.0.201811011841/tools/bin/../lib/gcc/arm-none-eabi/7.3.1/../../../../arm-none-eabi/lib/thumb/v7e-m/fpv4-sp/hard\libcr_c.a(ftell.o)
 .comment       0x000000fd       0x80 c:/nxp/mcuxpressoide_10.3.1_2233/ide/plugins/com.nxp.mcuxpresso.tools.win32_10.3.0.201811011841/tools/bin/../lib/gcc/arm-none-eabi/7.3.1/../../../../arm-none-eabi/lib/thumb/v7e-m/fpv4-sp/hard\libcr_c.a(initio.o)
 .comment       0x000000fd       0x80 c:/nxp/mcuxpressoide_10.3.1_2233/ide/plugins/com.nxp.mcuxpresso.tools.win32_10.3.0.201811011841/tools/bin/../lib/gcc/arm-none-eabi/7.3.1/../../../../arm-none-eabi/lib/thumb/v7e-m/fpv4-sp/hard\libcr_c.a(printf.o)
 .comment       0x000000fd       0x80 c:/nxp/mcuxpressoide_10.3.1_2233/ide/plugins/com.nxp.mcuxpresso.tools.win32_10.3.0.201811011841/tools/bin/../lib/gcc/arm-none-eabi/7.3.1/../../../../arm-none-eabi/lib/thumb/v7e-m/fpv4-sp/hard\libcr_c.a(setvbuf.o)
 .comment       0x000000fd       0x80 c:/nxp/mcuxpressoide_10.3.1_2233/ide/plugins/com.nxp.mcuxpresso.tools.win32_10.3.0.201811011841/tools/bin/../lib/gcc/arm-none-eabi/7.3.1/../../../../arm-none-eabi/lib/thumb/v7e-m/fpv4-sp/hard\libcr_c.a(strlen.o)
 .comment       0x000000fd       0x80 c:/nxp/mcuxpressoide_10.3.1_2233/ide/plugins/com.nxp.mcuxpresso.tools.win32_10.3.0.201811011841/tools/bin/../lib/gcc/arm-none-eabi/7.3.1/../../../../arm-none-eabi/lib/thumb/v7e-m/fpv4-sp/hard\libcr_c.a(__init_alloc.o)
 .comment       0x000000fd       0x80 c:/nxp/mcuxpressoide_10.3.1_2233/ide/plugins/com.nxp.mcuxpresso.tools.win32_10.3.0.201811011841/tools/bin/../lib/gcc/arm-none-eabi/7.3.1/../../../../arm-none-eabi/lib/thumb/v7e-m/fpv4-sp/hard\libcr_c.a(_cr_sbrk.o)
 .comment       0x000000fd       0x80 c:/nxp/mcuxpressoide_10.3.1_2233/ide/plugins/com.nxp.mcuxpresso.tools.win32_10.3.0.201811011841/tools/bin/../lib/gcc/arm-none-eabi/7.3.1/../../../../arm-none-eabi/lib/thumb/v7e-m/fpv4-sp/hard\libcr_c.a(_fdopen.o)
 .comment       0x000000fd       0x80 c:/nxp/mcuxpressoide_10.3.1_2233/ide/plugins/com.nxp.mcuxpresso.tools.win32_10.3.0.201811011841/tools/bin/../lib/gcc/arm-none-eabi/7.3.1/../../../../arm-none-eabi/lib/thumb/v7e-m/fpv4-sp/hard\libcr_c.a(errno.o)
 .comment       0x000000fd       0x80 c:/nxp/mcuxpressoide_10.3.1_2233/ide/plugins/com.nxp.mcuxpresso.tools.win32_10.3.0.201811011841/tools/bin/../lib/gcc/arm-none-eabi/7.3.1/../../../../arm-none-eabi/lib/thumb/v7e-m/fpv4-sp/hard\libcr_c.a(fclose.o)
 .comment       0x000000fd       0x80 c:/nxp/mcuxpressoide_10.3.1_2233/ide/plugins/com.nxp.mcuxpresso.tools.win32_10.3.0.201811011841/tools/bin/../lib/gcc/arm-none-eabi/7.3.1/../../../../arm-none-eabi/lib/thumb/v7e-m/fpv4-sp/hard\libcr_c.a(fflush.o)
 .comment       0x000000fd       0x80 c:/nxp/mcuxpressoide_10.3.1_2233/ide/plugins/com.nxp.mcuxpresso.tools.win32_10.3.0.201811011841/tools/bin/../lib/gcc/arm-none-eabi/7.3.1/../../../../arm-none-eabi/lib/thumb/v7e-m/fpv4-sp/hard\libcr_c.a(remove.o)
 .comment       0x000000fd       0x80 c:/nxp/mcuxpressoide_10.3.1_2233/ide/plugins/com.nxp.mcuxpresso.tools.win32_10.3.0.201811011841/tools/bin/../lib/gcc/arm-none-eabi/7.3.1/../../../../arm-none-eabi/lib/thumb/v7e-m/fpv4-sp/hard\libcr_c.a(_cr_check_heap.o)
 .comment       0x000000fd       0x80 c:/nxp/mcuxpressoide_10.3.1_2233/ide/plugins/com.nxp.mcuxpresso.tools.win32_10.3.0.201811011841/tools/bin/../lib/gcc/arm-none-eabi/7.3.1/../../../../arm-none-eabi/lib/thumb/v7e-m/fpv4-sp/hard\libcr_c.a(_do_fflush.o)

.ARM.attributes
                0x00000000       0x37
 .ARM.attributes
                0x00000000       0x39 ./utilities/fsl_debug_console.o
 .ARM.attributes
                0x00000039       0x39 ./startup/startup_lpc54628.o
 .ARM.attributes
                0x00000072       0x39 ./source/LPC54628J512_Project.o
 .ARM.attributes
                0x000000ab       0x39 ./source/semihost_hardfault.o
 .ARM.attributes
                0x000000e4       0x39 ./sdmmc/port/fsl_sdmmc_event.o
 .ARM.attributes
                0x0000011d       0x39 ./drivers/fsl_clock.o
 .ARM.attributes
                0x00000156       0x39 ./drivers/fsl_flexcomm.o
 .ARM.attributes
                0x0000018f       0x39 ./drivers/fsl_gpio.o
 .ARM.attributes
                0x000001c8       0x39 ./drivers/fsl_reset.o
 .ARM.attributes
                0x00000201       0x39 ./drivers/fsl_sdif.o
 .ARM.attributes
                0x0000023a       0x39 ./drivers/fsl_usart.o
 .ARM.attributes
                0x00000273       0x39 ./device/system_LPC54628.o
 .ARM.attributes
                0x000002ac       0x39 ./component/uart/usart_adapter.o
 .ARM.attributes
                0x000002e5       0x39 ./component/serial_manager/serial_manager.o
 .ARM.attributes
                0x0000031e       0x39 ./component/serial_manager/serial_port_uart.o
 .ARM.attributes
                0x00000357       0x39 ./board/board.o
 .ARM.attributes
                0x00000390       0x39 ./board/clock_config.o
 .ARM.attributes
                0x000003c9       0x39 ./board/peripherals.o
 .ARM.attributes
                0x00000402       0x39 ./board/pin_mux.o
 .ARM.attributes
                0x0000043b       0x39 C:\Users\^_^\Documents\MCUXpressoIDE_10.3.1_2233\workspace\LPC54628J512_Project\libs\libpower_hardabi.a(fsl_power_lib.o)
 .ARM.attributes
                0x00000474       0x39 c:/nxp/mcuxpressoide_10.3.1_2233/ide/plugins/com.nxp.mcuxpresso.tools.win32_10.3.0.201811011841/tools/bin/../lib/gcc/arm-none-eabi/7.3.1/../../../../arm-none-eabi/lib/thumb/v7e-m/fpv4-sp/hard\libcr_semihost_nf.a(_cr__main.o)
 .ARM.attributes
                0x000004ad       0x39 c:/nxp/mcuxpressoide_10.3.1_2233/ide/plugins/com.nxp.mcuxpresso.tools.win32_10.3.0.201811011841/tools/bin/../lib/gcc/arm-none-eabi/7.3.1/../../../../arm-none-eabi/lib/thumb/v7e-m/fpv4-sp/hard\libcr_semihost_nf.a(_cr_assert.o)
 .ARM.attributes
                0x000004e6       0x39 c:/nxp/mcuxpressoide_10.3.1_2233/ide/plugins/com.nxp.mcuxpresso.tools.win32_10.3.0.201811011841/tools/bin/../lib/gcc/arm-none-eabi/7.3.1/../../../../arm-none-eabi/lib/thumb/v7e-m/fpv4-sp/hard\libcr_semihost_nf.a(__ciob.o)
 .ARM.attributes
                0x0000051f       0x25 c:/nxp/mcuxpressoide_10.3.1_2233/ide/plugins/com.nxp.mcuxpresso.tools.win32_10.3.0.201811011841/tools/bin/../lib/gcc/arm-none-eabi/7.3.1/../../../../arm-none-eabi/lib/thumb/v7e-m/fpv4-sp/hard\libcr_semihost_nf.a(__sys_appexit.o)
 .ARM.attributes
                0x00000544       0x39 c:/nxp/mcuxpressoide_10.3.1_2233/ide/plugins/com.nxp.mcuxpresso.tools.win32_10.3.0.201811011841/tools/bin/../lib/gcc/arm-none-eabi/7.3.1/../../../../arm-none-eabi/lib/thumb/v7e-m/fpv4-sp/hard\libcr_c.a(memset.o)
 .ARM.attributes
                0x0000057d       0x39 c:/nxp/mcuxpressoide_10.3.1_2233/ide/plugins/com.nxp.mcuxpresso.tools.win32_10.3.0.201811011841/tools/bin/../lib/gcc/arm-none-eabi/7.3.1/../../../../arm-none-eabi/lib/thumb/v7e-m/fpv4-sp/hard\libcr_c.a(_deferredlazyseek.o)
 .ARM.attributes
                0x000005b6       0x39 c:/nxp/mcuxpressoide_10.3.1_2233/ide/plugins/com.nxp.mcuxpresso.tools.win32_10.3.0.201811011841/tools/bin/../lib/gcc/arm-none-eabi/7.3.1/../../../../arm-none-eabi/lib/thumb/v7e-m/fpv4-sp/hard\libcr_c.a(_fflush.o)
 .ARM.attributes
                0x000005ef       0x39 c:/nxp/mcuxpressoide_10.3.1_2233/ide/plugins/com.nxp.mcuxpresso.tools.win32_10.3.0.201811011841/tools/bin/../lib/gcc/arm-none-eabi/7.3.1/../../../../arm-none-eabi/lib/thumb/v7e-m/fpv4-sp/hard\libcr_c.a(_writebuf.o)
 .ARM.attributes
                0x00000628       0x39 c:/nxp/mcuxpressoide_10.3.1_2233/ide/plugins/com.nxp.mcuxpresso.tools.win32_10.3.0.201811011841/tools/bin/../lib/gcc/arm-none-eabi/7.3.1/../../../../arm-none-eabi/lib/thumb/v7e-m/fpv4-sp/hard\libcr_c.a(alloc.o)
 .ARM.attributes
                0x00000661       0x39 c:/nxp/mcuxpressoide_10.3.1_2233/ide/plugins/com.nxp.mcuxpresso.tools.win32_10.3.0.201811011841/tools/bin/../lib/gcc/arm-none-eabi/7.3.1/../../../../arm-none-eabi/lib/thumb/v7e-m/fpv4-sp/hard\libcr_c.a(fputs.o)
 .ARM.attributes
                0x0000069a       0x39 c:/nxp/mcuxpressoide_10.3.1_2233/ide/plugins/com.nxp.mcuxpresso.tools.win32_10.3.0.201811011841/tools/bin/../lib/gcc/arm-none-eabi/7.3.1/../../../../arm-none-eabi/lib/thumb/v7e-m/fpv4-sp/hard\libcr_c.a(fseek.o)
 .ARM.attributes
                0x000006d3       0x39 c:/nxp/mcuxpressoide_10.3.1_2233/ide/plugins/com.nxp.mcuxpresso.tools.win32_10.3.0.201811011841/tools/bin/../lib/gcc/arm-none-eabi/7.3.1/../../../../arm-none-eabi/lib/thumb/v7e-m/fpv4-sp/hard\libcr_c.a(ftell.o)
 .ARM.attributes
                0x0000070c       0x39 c:/nxp/mcuxpressoide_10.3.1_2233/ide/plugins/com.nxp.mcuxpresso.tools.win32_10.3.0.201811011841/tools/bin/../lib/gcc/arm-none-eabi/7.3.1/../../../../arm-none-eabi/lib/thumb/v7e-m/fpv4-sp/hard\libcr_c.a(initio.o)
 .ARM.attributes
                0x00000745       0x39 c:/nxp/mcuxpressoide_10.3.1_2233/ide/plugins/com.nxp.mcuxpresso.tools.win32_10.3.0.201811011841/tools/bin/../lib/gcc/arm-none-eabi/7.3.1/../../../../arm-none-eabi/lib/thumb/v7e-m/fpv4-sp/hard\libcr_c.a(printf.o)
 .ARM.attributes
                0x0000077e       0x39 c:/nxp/mcuxpressoide_10.3.1_2233/ide/plugins/com.nxp.mcuxpresso.tools.win32_10.3.0.201811011841/tools/bin/../lib/gcc/arm-none-eabi/7.3.1/../../../../arm-none-eabi/lib/thumb/v7e-m/fpv4-sp/hard\libcr_c.a(setvbuf.o)
 .ARM.attributes
                0x000007b7       0x39 c:/nxp/mcuxpressoide_10.3.1_2233/ide/plugins/com.nxp.mcuxpresso.tools.win32_10.3.0.201811011841/tools/bin/../lib/gcc/arm-none-eabi/7.3.1/../../../../arm-none-eabi/lib/thumb/v7e-m/fpv4-sp/hard\libcr_c.a(strlen.o)
 .ARM.attributes
                0x000007f0       0x39 c:/nxp/mcuxpressoide_10.3.1_2233/ide/plugins/com.nxp.mcuxpresso.tools.win32_10.3.0.201811011841/tools/bin/../lib/gcc/arm-none-eabi/7.3.1/../../../../arm-none-eabi/lib/thumb/v7e-m/fpv4-sp/hard\libcr_c.a(__init_alloc.o)
 .ARM.attributes
                0x00000829       0x39 c:/nxp/mcuxpressoide_10.3.1_2233/ide/plugins/com.nxp.mcuxpresso.tools.win32_10.3.0.201811011841/tools/bin/../lib/gcc/arm-none-eabi/7.3.1/../../../../arm-none-eabi/lib/thumb/v7e-m/fpv4-sp/hard\libcr_c.a(_cr_sbrk.o)
 .ARM.attributes
                0x00000862       0x39 c:/nxp/mcuxpressoide_10.3.1_2233/ide/plugins/com.nxp.mcuxpresso.tools.win32_10.3.0.201811011841/tools/bin/../lib/gcc/arm-none-eabi/7.3.1/../../../../arm-none-eabi/lib/thumb/v7e-m/fpv4-sp/hard\libcr_c.a(_fdopen.o)
 .ARM.attributes
                0x0000089b       0x39 c:/nxp/mcuxpressoide_10.3.1_2233/ide/plugins/com.nxp.mcuxpresso.tools.win32_10.3.0.201811011841/tools/bin/../lib/gcc/arm-none-eabi/7.3.1/../../../../arm-none-eabi/lib/thumb/v7e-m/fpv4-sp/hard\libcr_c.a(errno.o)
 .ARM.attributes
                0x000008d4       0x39 c:/nxp/mcuxpressoide_10.3.1_2233/ide/plugins/com.nxp.mcuxpresso.tools.win32_10.3.0.201811011841/tools/bin/../lib/gcc/arm-none-eabi/7.3.1/../../../../arm-none-eabi/lib/thumb/v7e-m/fpv4-sp/hard\libcr_c.a(fclose.o)
 .ARM.attributes
                0x0000090d       0x39 c:/nxp/mcuxpressoide_10.3.1_2233/ide/plugins/com.nxp.mcuxpresso.tools.win32_10.3.0.201811011841/tools/bin/../lib/gcc/arm-none-eabi/7.3.1/../../../../arm-none-eabi/lib/thumb/v7e-m/fpv4-sp/hard\libcr_c.a(fflush.o)
 .ARM.attributes
                0x00000946       0x39 c:/nxp/mcuxpressoide_10.3.1_2233/ide/plugins/com.nxp.mcuxpresso.tools.win32_10.3.0.201811011841/tools/bin/../lib/gcc/arm-none-eabi/7.3.1/../../../../arm-none-eabi/lib/thumb/v7e-m/fpv4-sp/hard\libcr_c.a(remove.o)
 .ARM.attributes
                0x0000097f       0x39 c:/nxp/mcuxpressoide_10.3.1_2233/ide/plugins/com.nxp.mcuxpresso.tools.win32_10.3.0.201811011841/tools/bin/../lib/gcc/arm-none-eabi/7.3.1/../../../../arm-none-eabi/lib/thumb/v7e-m/fpv4-sp/hard\libcr_c.a(_cr_check_heap.o)
 .ARM.attributes
                0x000009b8       0x39 c:/nxp/mcuxpressoide_10.3.1_2233/ide/plugins/com.nxp.mcuxpresso.tools.win32_10.3.0.201811011841/tools/bin/../lib/gcc/arm-none-eabi/7.3.1/../../../../arm-none-eabi/lib/thumb/v7e-m/fpv4-sp/hard\libcr_c.a(_do_fflush.o)
 .ARM.attributes
                0x000009f1       0x25 c:/nxp/mcuxpressoide_10.3.1_2233/ide/plugins/com.nxp.mcuxpresso.tools.win32_10.3.0.201811011841/tools/bin/../lib/gcc/arm-none-eabi/7.3.1/thumb/v7e-m/fpv4-sp/hard\libcr_eabihelpers.a(memcpy.o)
 .ARM.attributes
                0x00000a16       0x25 c:/nxp/mcuxpressoide_10.3.1_2233/ide/plugins/com.nxp.mcuxpresso.tools.win32_10.3.0.201811011841/tools/bin/../lib/gcc/arm-none-eabi/7.3.1/../../../../arm-none-eabi/lib/thumb/v7e-m/fpv4-sp/hard\libcr_semihost_nf.a(__sys_close.o)
 .ARM.attributes
                0x00000a3b       0x25 c:/nxp/mcuxpressoide_10.3.1_2233/ide/plugins/com.nxp.mcuxpresso.tools.win32_10.3.0.201811011841/tools/bin/../lib/gcc/arm-none-eabi/7.3.1/../../../../arm-none-eabi/lib/thumb/v7e-m/fpv4-sp/hard\libcr_semihost_nf.a(__sys_flen.o)
 .ARM.attributes
                0x00000a60       0x25 c:/nxp/mcuxpressoide_10.3.1_2233/ide/plugins/com.nxp.mcuxpresso.tools.win32_10.3.0.201811011841/tools/bin/../lib/gcc/arm-none-eabi/7.3.1/../../../../arm-none-eabi/lib/thumb/v7e-m/fpv4-sp/hard\libcr_semihost_nf.a(__sys_istty.o)
 .ARM.attributes
                0x00000a85       0x25 c:/nxp/mcuxpressoide_10.3.1_2233/ide/plugins/com.nxp.mcuxpresso.tools.win32_10.3.0.201811011841/tools/bin/../lib/gcc/arm-none-eabi/7.3.1/../../../../arm-none-eabi/lib/thumb/v7e-m/fpv4-sp/hard\libcr_semihost_nf.a(__sys_remove.o)
 .ARM.attributes
                0x00000aaa       0x25 c:/nxp/mcuxpressoide_10.3.1_2233/ide/plugins/com.nxp.mcuxpresso.tools.win32_10.3.0.201811011841/tools/bin/../lib/gcc/arm-none-eabi/7.3.1/../../../../arm-none-eabi/lib/thumb/v7e-m/fpv4-sp/hard\libcr_semihost_nf.a(__sys_seek.o)
 .ARM.attributes
                0x00000acf       0x25 c:/nxp/mcuxpressoide_10.3.1_2233/ide/plugins/com.nxp.mcuxpresso.tools.win32_10.3.0.201811011841/tools/bin/../lib/gcc/arm-none-eabi/7.3.1/../../../../arm-none-eabi/lib/thumb/v7e-m/fpv4-sp/hard\libcr_semihost_nf.a(__sys_tmpnam.o)
 .ARM.attributes
                0x00000af4       0x25 c:/nxp/mcuxpressoide_10.3.1_2233/ide/plugins/com.nxp.mcuxpresso.tools.win32_10.3.0.201811011841/tools/bin/../lib/gcc/arm-none-eabi/7.3.1/../../../../arm-none-eabi/lib/thumb/v7e-m/fpv4-sp/hard\libcr_semihost_nf.a(__sys_write.o)

.debug_frame    0x00000000     0x2c28
 .debug_frame   0x00000000      0x100 ./utilities/fsl_debug_console.o
 .debug_frame   0x00000100      0x64c ./startup/startup_lpc54628.o
 .debug_frame   0x0000074c       0x54 ./source/LPC54628J512_Project.o
 .debug_frame   0x000007a0       0x20 ./source/semihost_hardfault.o
 .debug_frame   0x000007c0      0x178 ./sdmmc/port/fsl_sdmmc_event.o
 .debug_frame   0x00000938      0xc40 ./drivers/fsl_clock.o
 .debug_frame   0x00001578      0x208 ./drivers/fsl_flexcomm.o
 .debug_frame   0x00001780       0x84 ./drivers/fsl_gpio.o
 .debug_frame   0x00001804       0x7c ./drivers/fsl_reset.o
 .debug_frame   0x00001880      0x698 ./drivers/fsl_sdif.o
 .debug_frame   0x00001f18      0x388 ./drivers/fsl_usart.o
 .debug_frame   0x000022a0      0x184 ./device/system_LPC54628.o
 .debug_frame   0x00002424       0xc8 ./component/uart/usart_adapter.o
 .debug_frame   0x000024ec      0x208 ./component/serial_manager/serial_manager.o
 .debug_frame   0x000026f4       0xa0 ./component/serial_manager/serial_port_uart.o
 .debug_frame   0x00002794       0x58 ./board/board.o
 .debug_frame   0x000027ec       0xf0 ./board/clock_config.o
 .debug_frame   0x000028dc       0x4c ./board/peripherals.o
 .debug_frame   0x00002928      0x218 ./board/pin_mux.o
 .debug_frame   0x00002b40       0xe8 C:\Users\^_^\Documents\MCUXpressoIDE_10.3.1_2233\workspace\LPC54628J512_Project\libs\libpower_hardabi.a(fsl_power_lib.o)

.debug_loc      0x00000000      0x40c
 .debug_loc     0x00000000      0x40c C:\Users\^_^\Documents\MCUXpressoIDE_10.3.1_2233\workspace\LPC54628J512_Project\libs\libpower_hardabi.a(fsl_power_lib.o)
